<!DOCTYPE html>
<html devsite="">
  <head>
    <meta name="project_path" value="/java/_project.yaml">
    <meta name="book_path" value="/java/_book.yaml">
  </head>
  <body>
    <div>
      <h1 class="page-title">Class FormatOptions
</h1>
      <article data-uid="com.google.cloud.bigquery.FormatOptions">
  
  
  <div class="markdown level0 summary"><p>Base class for Google BigQuery format options. These class define the format of external data used by BigQuery, for either federated tables or load jobs.</p>
<p>Load jobs support the following formats: AVRO, CSV, DATASTORE_BACKUP, GOOGLE_SHEETS, JSON, ORC, PARQUET</p>
<p>Federated tables can be defined against following formats: AVRO, BIGTABLE, CSV, DATASTORE_BACKUP, GOOGLE_SHEETS, JSON</p>
</div>
  <div class="markdown level0 conceptual"></div>
  <div class="inheritance">
    <h5>Inheritance</h5>
    <div class="level0"><span class="xref">java.lang.Object</span></div>
    <div class="level1"><span class="xref">FormatOptions</span></div>
  </div>
  <div classs="implements">
    <h5>Implements</h5>
    <div><span class="xref">java.io.Serializable</span></div>
  </div>
  <div class="inheritedMembers">
    <h5>Inherited Members</h5>
    <div>
      <span class="xref">java.lang.Object.clone()</span>
    </div>
    <div>
      <span class="xref">java.lang.Object.equals(java.lang.Object)</span>
    </div>
    <div>
      <span class="xref">java.lang.Object.finalize()</span>
    </div>
    <div>
      <span class="xref">java.lang.Object.getClass()</span>
    </div>
    <div>
      <span class="xref">java.lang.Object.hashCode()</span>
    </div>
    <div>
      <span class="xref">java.lang.Object.notify()</span>
    </div>
    <div>
      <span class="xref">java.lang.Object.notifyAll()</span>
    </div>
    <div>
      <span class="xref">java.lang.Object.toString()</span>
    </div>
    <div>
      <span class="xref">java.lang.Object.wait()</span>
    </div>
    <div>
      <span class="xref">java.lang.Object.wait(long)</span>
    </div>
    <div>
      <span class="xref">java.lang.Object.wait(long,int)</span>
    </div>
  </div>
  <h6><strong>Namespace</strong>: </h6>
  <h6><strong>Assembly</strong>: .dll</h6>
  <h5 id="com_google_cloud_bigquery_FormatOptions_syntax">Syntax</h5>
  <div class="codewrapper">
    <pre><code class="prettyprint">public class FormatOptions implements Serializable</code></pre>
  </div>
  <h2 id="methods">Methods
  </h2>
  <a id="com_google_cloud_bigquery_FormatOptions_avro_" data-uid="com.google.cloud.bigquery.FormatOptions.avro*"></a>
  <h3 id="com_google_cloud_bigquery_FormatOptions_avro__" data-uid="com.google.cloud.bigquery.FormatOptions.avro()">avro()</h3>
  <div class="markdown level1 summary"><p>Default options for AVRO format.</p>
</div>
  <div class="markdown level1 conceptual"></div>
  <h4 class="decalaration">Declaration</h4>
  <div class="codewrapper">
    <pre><code class="prettyprint">public static FormatOptions avro()</code></pre>
  </div>
  <h4 class="returns">Returns</h4>
  <table class="table table-bordered table-striped table-condensed">
    <thead>
      <tr>
        <th>Type</th>
        <th>Description</th>
      </tr>
    </thead>
    <tbody>
      <tr>
        <td></td>
        <td></td>
      </tr>
    </tbody>
  </table>
  <a id="com_google_cloud_bigquery_FormatOptions_bigtable_" data-uid="com.google.cloud.bigquery.FormatOptions.bigtable*"></a>
  <h3 id="com_google_cloud_bigquery_FormatOptions_bigtable__" data-uid="com.google.cloud.bigquery.FormatOptions.bigtable()">bigtable()</h3>
  <div class="markdown level1 summary"><p>Default options for BIGTABLE format.</p>
</div>
  <div class="markdown level1 conceptual"></div>
  <h4 class="decalaration">Declaration</h4>
  <div class="codewrapper">
    <pre><code class="prettyprint">public static FormatOptions bigtable()</code></pre>
  </div>
  <h4 class="returns">Returns</h4>
  <table class="table table-bordered table-striped table-condensed">
    <thead>
      <tr>
        <th>Type</th>
        <th>Description</th>
      </tr>
    </thead>
    <tbody>
      <tr>
        <td></td>
        <td></td>
      </tr>
    </tbody>
  </table>
  <a id="com_google_cloud_bigquery_FormatOptions_csv_" data-uid="com.google.cloud.bigquery.FormatOptions.csv*"></a>
  <h3 id="com_google_cloud_bigquery_FormatOptions_csv__" data-uid="com.google.cloud.bigquery.FormatOptions.csv()">csv()</h3>
  <div class="markdown level1 summary"><p>Default options for CSV format.</p>
</div>
  <div class="markdown level1 conceptual"></div>
  <h4 class="decalaration">Declaration</h4>
  <div class="codewrapper">
    <pre><code class="prettyprint">public static CsvOptions csv()</code></pre>
  </div>
  <h4 class="returns">Returns</h4>
  <table class="table table-bordered table-striped table-condensed">
    <thead>
      <tr>
        <th>Type</th>
        <th>Description</th>
      </tr>
    </thead>
    <tbody>
      <tr>
        <td><a class="xref" href="com.google.cloud.bigquery.CsvOptions.html">CsvOptions</a></td>
        <td></td>
      </tr>
    </tbody>
  </table>
  <a id="com_google_cloud_bigquery_FormatOptions_datastoreBackup_" data-uid="com.google.cloud.bigquery.FormatOptions.datastoreBackup*"></a>
  <h3 id="com_google_cloud_bigquery_FormatOptions_datastoreBackup__" data-uid="com.google.cloud.bigquery.FormatOptions.datastoreBackup()">datastoreBackup()</h3>
  <div class="markdown level1 summary"><p>Default options for DATASTORE_BACKUP format.</p>
</div>
  <div class="markdown level1 conceptual"></div>
  <h4 class="decalaration">Declaration</h4>
  <div class="codewrapper">
    <pre><code class="prettyprint">public static FormatOptions datastoreBackup()</code></pre>
  </div>
  <h4 class="returns">Returns</h4>
  <table class="table table-bordered table-striped table-condensed">
    <thead>
      <tr>
        <th>Type</th>
        <th>Description</th>
      </tr>
    </thead>
    <tbody>
      <tr>
        <td></td>
        <td></td>
      </tr>
    </tbody>
  </table>
  <a id="com_google_cloud_bigquery_FormatOptions_equals_" data-uid="com.google.cloud.bigquery.FormatOptions.equals*"></a>
  <h3 id="com_google_cloud_bigquery_FormatOptions_equals_java_lang_Object_" data-uid="com.google.cloud.bigquery.FormatOptions.equals(java.lang.Object)">equals(Object obj)</h3>
  <div class="markdown level1 summary"></div>
  <div class="markdown level1 conceptual"></div>
  <h4 class="decalaration">Declaration</h4>
  <div class="codewrapper">
    <pre><code class="prettyprint">public boolean equals(Object obj)</code></pre>
  </div>
  <h4 class="parameters">Parameters</h4>
  <table class="table table-bordered table-striped table-condensed">
    <thead>
      <tr>
        <th>Type</th>
        <th>Name</th>
        <th>Description</th>
      </tr>
    </thead>
    <tbody>
      <tr>
        <td><span class="xref">java.lang.Object</span></td>
        <td><span class="parametername">obj</span></td>
        <td></td>
      </tr>
    </tbody>
  </table>
  <h4 class="returns">Returns</h4>
  <table class="table table-bordered table-striped table-condensed">
    <thead>
      <tr>
        <th>Type</th>
        <th>Description</th>
      </tr>
    </thead>
    <tbody>
      <tr>
        <td><span class="xref">boolean</span></td>
        <td></td>
      </tr>
    </tbody>
  </table>
  <h4 class="overrides">Overrides</h4>
  <div><span class="xref">java.lang.Object.equals(java.lang.Object)</span></div>
  <a id="com_google_cloud_bigquery_FormatOptions_getType_" data-uid="com.google.cloud.bigquery.FormatOptions.getType*"></a>
  <h3 id="com_google_cloud_bigquery_FormatOptions_getType__" data-uid="com.google.cloud.bigquery.FormatOptions.getType()">getType()</h3>
  <div class="markdown level1 summary"><p>Returns the external data format, as a string.</p>
</div>
  <div class="markdown level1 conceptual"></div>
  <h4 class="decalaration">Declaration</h4>
  <div class="codewrapper">
    <pre><code class="prettyprint">public String getType()</code></pre>
  </div>
  <h4 class="returns">Returns</h4>
  <table class="table table-bordered table-striped table-condensed">
    <thead>
      <tr>
        <th>Type</th>
        <th>Description</th>
      </tr>
    </thead>
    <tbody>
      <tr>
        <td><span class="xref">java.lang.String</span></td>
        <td></td>
      </tr>
    </tbody>
  </table>
  <a id="com_google_cloud_bigquery_FormatOptions_googleSheets_" data-uid="com.google.cloud.bigquery.FormatOptions.googleSheets*"></a>
  <h3 id="com_google_cloud_bigquery_FormatOptions_googleSheets__" data-uid="com.google.cloud.bigquery.FormatOptions.googleSheets()">googleSheets()</h3>
  <div class="markdown level1 summary"><p>Default options for GOOGLE_SHEETS format.</p>
</div>
  <div class="markdown level1 conceptual"></div>
  <h4 class="decalaration">Declaration</h4>
  <div class="codewrapper">
    <pre><code class="prettyprint">public static FormatOptions googleSheets()</code></pre>
  </div>
  <h4 class="returns">Returns</h4>
  <table class="table table-bordered table-striped table-condensed">
    <thead>
      <tr>
        <th>Type</th>
        <th>Description</th>
      </tr>
    </thead>
    <tbody>
      <tr>
        <td></td>
        <td></td>
      </tr>
    </tbody>
  </table>
  <a id="com_google_cloud_bigquery_FormatOptions_hashCode_" data-uid="com.google.cloud.bigquery.FormatOptions.hashCode*"></a>
  <h3 id="com_google_cloud_bigquery_FormatOptions_hashCode__" data-uid="com.google.cloud.bigquery.FormatOptions.hashCode()">hashCode()</h3>
  <div class="markdown level1 summary"></div>
  <div class="markdown level1 conceptual"></div>
  <h4 class="decalaration">Declaration</h4>
  <div class="codewrapper">
    <pre><code class="prettyprint">public int hashCode()</code></pre>
  </div>
  <h4 class="returns">Returns</h4>
  <table class="table table-bordered table-striped table-condensed">
    <thead>
      <tr>
        <th>Type</th>
        <th>Description</th>
      </tr>
    </thead>
    <tbody>
      <tr>
        <td><span class="xref">int</span></td>
        <td></td>
      </tr>
    </tbody>
  </table>
  <h4 class="overrides">Overrides</h4>
  <div><span class="xref">java.lang.Object.hashCode()</span></div>
  <a id="com_google_cloud_bigquery_FormatOptions_json_" data-uid="com.google.cloud.bigquery.FormatOptions.json*"></a>
  <h3 id="com_google_cloud_bigquery_FormatOptions_json__" data-uid="com.google.cloud.bigquery.FormatOptions.json()">json()</h3>
  <div class="markdown level1 summary"><p>Default options for NEWLINE_DELIMITED_JSON format.</p>
</div>
  <div class="markdown level1 conceptual"></div>
  <h4 class="decalaration">Declaration</h4>
  <div class="codewrapper">
    <pre><code class="prettyprint">public static FormatOptions json()</code></pre>
  </div>
  <h4 class="returns">Returns</h4>
  <table class="table table-bordered table-striped table-condensed">
    <thead>
      <tr>
        <th>Type</th>
        <th>Description</th>
      </tr>
    </thead>
    <tbody>
      <tr>
        <td></td>
        <td></td>
      </tr>
    </tbody>
  </table>
  <a id="com_google_cloud_bigquery_FormatOptions_of_" data-uid="com.google.cloud.bigquery.FormatOptions.of*"></a>
  <h3 id="com_google_cloud_bigquery_FormatOptions_of_java_lang_String_" data-uid="com.google.cloud.bigquery.FormatOptions.of(java.lang.String)">of(String format)</h3>
  <div class="markdown level1 summary"><p>Default options for the provided format.</p>
</div>
  <div class="markdown level1 conceptual"></div>
  <h4 class="decalaration">Declaration</h4>
  <div class="codewrapper">
    <pre><code class="prettyprint">public static FormatOptions of(String format)</code></pre>
  </div>
  <h4 class="parameters">Parameters</h4>
  <table class="table table-bordered table-striped table-condensed">
    <thead>
      <tr>
        <th>Type</th>
        <th>Name</th>
        <th>Description</th>
      </tr>
    </thead>
    <tbody>
      <tr>
        <td><span class="xref">java.lang.String</span></td>
        <td><span class="parametername">format</span></td>
        <td></td>
      </tr>
    </tbody>
  </table>
  <h4 class="returns">Returns</h4>
  <table class="table table-bordered table-striped table-condensed">
    <thead>
      <tr>
        <th>Type</th>
        <th>Description</th>
      </tr>
    </thead>
    <tbody>
      <tr>
        <td></td>
        <td></td>
      </tr>
    </tbody>
  </table>
  <a id="com_google_cloud_bigquery_FormatOptions_orc_" data-uid="com.google.cloud.bigquery.FormatOptions.orc*"></a>
  <h3 id="com_google_cloud_bigquery_FormatOptions_orc__" data-uid="com.google.cloud.bigquery.FormatOptions.orc()">orc()</h3>
  <div class="markdown level1 summary"><p>Default options for the ORC format.</p>
</div>
  <div class="markdown level1 conceptual"></div>
  <h4 class="decalaration">Declaration</h4>
  <div class="codewrapper">
    <pre><code class="prettyprint">public static FormatOptions orc()</code></pre>
  </div>
  <h4 class="returns">Returns</h4>
  <table class="table table-bordered table-striped table-condensed">
    <thead>
      <tr>
        <th>Type</th>
        <th>Description</th>
      </tr>
    </thead>
    <tbody>
      <tr>
        <td></td>
        <td></td>
      </tr>
    </tbody>
  </table>
  <a id="com_google_cloud_bigquery_FormatOptions_parquet_" data-uid="com.google.cloud.bigquery.FormatOptions.parquet*"></a>
  <h3 id="com_google_cloud_bigquery_FormatOptions_parquet__" data-uid="com.google.cloud.bigquery.FormatOptions.parquet()">parquet()</h3>
  <div class="markdown level1 summary"><p>Default options for PARQUET format.</p>
</div>
  <div class="markdown level1 conceptual"></div>
  <h4 class="decalaration">Declaration</h4>
  <div class="codewrapper">
    <pre><code class="prettyprint">public static FormatOptions parquet()</code></pre>
  </div>
  <h4 class="returns">Returns</h4>
  <table class="table table-bordered table-striped table-condensed">
    <thead>
      <tr>
        <th>Type</th>
        <th>Description</th>
      </tr>
    </thead>
    <tbody>
      <tr>
        <td></td>
        <td></td>
      </tr>
    </tbody>
  </table>
  <a id="com_google_cloud_bigquery_FormatOptions_toString_" data-uid="com.google.cloud.bigquery.FormatOptions.toString*"></a>
  <h3 id="com_google_cloud_bigquery_FormatOptions_toString__" data-uid="com.google.cloud.bigquery.FormatOptions.toString()">toString()</h3>
  <div class="markdown level1 summary"></div>
  <div class="markdown level1 conceptual"></div>
  <h4 class="decalaration">Declaration</h4>
  <div class="codewrapper">
    <pre><code class="prettyprint">public String toString()</code></pre>
  </div>
  <h4 class="returns">Returns</h4>
  <table class="table table-bordered table-striped table-condensed">
    <thead>
      <tr>
        <th>Type</th>
        <th>Description</th>
      </tr>
    </thead>
    <tbody>
      <tr>
        <td><span class="xref">java.lang.String</span></td>
        <td></td>
      </tr>
    </tbody>
  </table>
  <h4 class="overrides">Overrides</h4>
  <div><span class="xref">java.lang.Object.toString()</span></div>
  <h2 id="implements">Implements</h2>
  <div>
      <span class="xref">java.io.Serializable</span>
  </div>
</article>
    </div>
  </body>
</html>
