<!DOCTYPE html>
<html devsite="">
  <head>
    <meta name="project_path" value="/java/_project.yaml">
    <meta name="book_path" value="/java/_book.yaml">
  </head>
  <body>
    <div>
      <h1 class="page-title">Enum StandardSQLTypeName
</h1>
      <article data-uid="com.google.cloud.bigquery.StandardSQLTypeName">
  
  
  <div class="markdown level0 summary"><p>A type used in standard SQL contexts. For example, these types are used in queries with query parameters, which requires usage of standard SQL.</p>
</div>
  <div class="markdown level0 conceptual"></div>
  <div class="inheritedMembers">
    <h5>Inherited Members</h5>
    <div>
      <span class="xref">java.lang.Enum.&lt;T&gt;valueOf(java.lang.Class&lt;T&gt;,java.lang.String)</span>
    </div>
    <div>
      <span class="xref">java.lang.Enum.clone()</span>
    </div>
    <div>
      <span class="xref">java.lang.Enum.compareTo(E)</span>
    </div>
    <div>
      <span class="xref">java.lang.Enum.equals(java.lang.Object)</span>
    </div>
    <div>
      <span class="xref">java.lang.Enum.finalize()</span>
    </div>
    <div>
      <span class="xref">java.lang.Enum.getDeclaringClass()</span>
    </div>
    <div>
      <span class="xref">java.lang.Enum.hashCode()</span>
    </div>
    <div>
      <span class="xref">java.lang.Enum.name()</span>
    </div>
    <div>
      <span class="xref">java.lang.Enum.ordinal()</span>
    </div>
    <div>
      <span class="xref">java.lang.Enum.toString()</span>
    </div>
    <div>
      <span class="xref">java.lang.Object.getClass()</span>
    </div>
    <div>
      <span class="xref">java.lang.Object.notify()</span>
    </div>
    <div>
      <span class="xref">java.lang.Object.notifyAll()</span>
    </div>
    <div>
      <span class="xref">java.lang.Object.wait()</span>
    </div>
    <div>
      <span class="xref">java.lang.Object.wait(long)</span>
    </div>
    <div>
      <span class="xref">java.lang.Object.wait(long,int)</span>
    </div>
  </div>
  <h6><strong>Namespace</strong>: </h6>
  <h6><strong>Assembly</strong>: .dll</h6>
  <h5 id="com_google_cloud_bigquery_StandardSQLTypeName_syntax">Syntax</h5>
  <div class="codewrapper">
    <pre><code class="prettyprint">public enum StandardSQLTypeName extends Enum&lt;StandardSQLTypeName&gt;</code></pre>
  </div>
  <h3 id="fields">Fields
  </h3>
  <table class="table table-bordered table-striped table-condensed">
    <thead>
      <tr>
        <th>Name</th>
        <th>Description</th>
      </tr>
    <thead>
    <tbody>
      <tr>
        <td id="com_google_cloud_bigquery_StandardSQLTypeName_ARRAY">ARRAY</td>
        <td><p>Ordered list of zero or more elements of any non-array type.</p>
</td>
      </tr>
      <tr>
        <td id="com_google_cloud_bigquery_StandardSQLTypeName_BIGNUMERIC">BIGNUMERIC</td>
        <td><p>A decimal value with 76+ digits of precision (the 77th digit is partial) and 38 digits of scale</p>
</td>
      </tr>
      <tr>
        <td id="com_google_cloud_bigquery_StandardSQLTypeName_BOOL">BOOL</td>
        <td><p>A Boolean value (true or false).</p>
</td>
      </tr>
      <tr>
        <td id="com_google_cloud_bigquery_StandardSQLTypeName_BYTES">BYTES</td>
        <td><p>Variable-length binary data.</p>
</td>
      </tr>
      <tr>
        <td id="com_google_cloud_bigquery_StandardSQLTypeName_DATE">DATE</td>
        <td><p>Represents a logical calendar date. Values range between the years 1 and 9999, inclusive.</p>
</td>
      </tr>
      <tr>
        <td id="com_google_cloud_bigquery_StandardSQLTypeName_DATETIME">DATETIME</td>
        <td><p>Represents a year, month, day, hour, minute, second, and subsecond (microsecond precision).</p>
</td>
      </tr>
      <tr>
        <td id="com_google_cloud_bigquery_StandardSQLTypeName_FLOAT64">FLOAT64</td>
        <td><p>A 64-bit IEEE binary floating-point value.</p>
</td>
      </tr>
      <tr>
        <td id="com_google_cloud_bigquery_StandardSQLTypeName_GEOGRAPHY">GEOGRAPHY</td>
        <td><p>Represents a set of geographic points, represented as a Well Known Text (WKT) string.</p>
</td>
      </tr>
      <tr>
        <td id="com_google_cloud_bigquery_StandardSQLTypeName_INT64">INT64</td>
        <td><p>A 64-bit signed integer value.</p>
</td>
      </tr>
      <tr>
        <td id="com_google_cloud_bigquery_StandardSQLTypeName_NUMERIC">NUMERIC</td>
        <td><p>A decimal value with 38 digits of precision and 9 digits of scale.</p>
</td>
      </tr>
      <tr>
        <td id="com_google_cloud_bigquery_StandardSQLTypeName_STRING">STRING</td>
        <td><p>Variable-length character (Unicode) data.</p>
</td>
      </tr>
      <tr>
        <td id="com_google_cloud_bigquery_StandardSQLTypeName_STRUCT">STRUCT</td>
        <td><p>Container of ordered fields each with a type (required) and field name (optional).</p>
</td>
      </tr>
      <tr>
        <td id="com_google_cloud_bigquery_StandardSQLTypeName_TIME">TIME</td>
        <td><p>Represents a time, independent of a specific date, to microsecond precision.</p>
</td>
      </tr>
      <tr>
        <td id="com_google_cloud_bigquery_StandardSQLTypeName_TIMESTAMP">TIMESTAMP</td>
        <td><p>Represents an absolute point in time, with microsecond precision. Values range between the years 1 and 9999, inclusive.</p>
</td>
      </tr>
    </tbody>
  </thead></thead></table>
  <h3 id="methods">Methods
  </h3>
  <table class="table table-bordered table-striped table-condensed">
    <thead>
      <tr>
        <th>Name</th>
        <th>Description</th>
      </tr>
    <thead>
    <tbody>
      <tr>
        <td id="com_google_cloud_bigquery_StandardSQLTypeName_valueOf_java_lang_String_">valueOf(String name)</td>
        <td></td>
      </tr>
      <tr>
        <td id="com_google_cloud_bigquery_StandardSQLTypeName_values__">values()</td>
        <td></td>
      </tr>
    </tbody>
  </thead></thead></table>
</article>
    </div>
  </body>
</html>
