<!DOCTYPE html>
<html devsite="">
  <head>
    <meta name="project_path" value="/java/_project.yaml">
    <meta name="book_path" value="/java/_book.yaml">
  </head>
  <body>
    <div>
      <h1 class="page-title">Class RoutineInfo
</h1>
      <article data-uid="com.google.cloud.bigquery.RoutineInfo">
  
  
  <div class="markdown level0 summary"><p>Google BigQuery routine information. A Routine is an API abstraction that encapsulates several related concepts inside the BigQuery service, including scalar user defined functions (UDFS) and stored procedures.</p>
<p>For more information about the REST representation of routines, see: <a href="https://cloud.google.com/bigquery/docs/reference/rest/v2/routines">https://cloud.google.com/bigquery/docs/reference/rest/v2/routines</a></p>
<p>For more information about working with scalar functions, see: <a href="https://cloud.google.com/bigquery/docs/reference/standard-sql/user-defined-functions">https://cloud.google.com/bigquery/docs/reference/standard-sql/user-defined-functions</a></p>
</div>
  <div class="markdown level0 conceptual"></div>
  <div class="inheritance">
    <h5>Inheritance</h5>
    <div class="level0"><span class="xref">java.lang.Object</span></div>
    <div class="level1"><span class="xref">RoutineInfo</span></div>
  </div>
  <div classs="implements">
    <h5>Implements</h5>
    <div><span class="xref">java.io.Serializable</span></div>
  </div>
  <div class="inheritedMembers">
    <h5>Inherited Members</h5>
    <div>
      <span class="xref">java.lang.Object.clone()</span>
    </div>
    <div>
      <span class="xref">java.lang.Object.equals(java.lang.Object)</span>
    </div>
    <div>
      <span class="xref">java.lang.Object.finalize()</span>
    </div>
    <div>
      <span class="xref">java.lang.Object.getClass()</span>
    </div>
    <div>
      <span class="xref">java.lang.Object.hashCode()</span>
    </div>
    <div>
      <span class="xref">java.lang.Object.notify()</span>
    </div>
    <div>
      <span class="xref">java.lang.Object.notifyAll()</span>
    </div>
    <div>
      <span class="xref">java.lang.Object.toString()</span>
    </div>
    <div>
      <span class="xref">java.lang.Object.wait()</span>
    </div>
    <div>
      <span class="xref">java.lang.Object.wait(long)</span>
    </div>
    <div>
      <span class="xref">java.lang.Object.wait(long,int)</span>
    </div>
  </div>
  <h6><strong>Namespace</strong>: </h6>
  <h6><strong>Assembly</strong>: .dll</h6>
  <h5 id="com_google_cloud_bigquery_RoutineInfo_syntax">Syntax</h5>
  <div class="codewrapper">
    <pre><code class="prettyprint">public class RoutineInfo implements Serializable</code></pre>
  </div>
  <h2 id="methods">Methods
  </h2>
  <a id="com_google_cloud_bigquery_RoutineInfo_equals_" data-uid="com.google.cloud.bigquery.RoutineInfo.equals*"></a>
  <h3 id="com_google_cloud_bigquery_RoutineInfo_equals_java_lang_Object_" data-uid="com.google.cloud.bigquery.RoutineInfo.equals(java.lang.Object)">equals(Object obj)</h3>
  <div class="markdown level1 summary"></div>
  <div class="markdown level1 conceptual"></div>
  <h4 class="decalaration">Declaration</h4>
  <div class="codewrapper">
    <pre><code class="prettyprint">public boolean equals(Object obj)</code></pre>
  </div>
  <h4 class="parameters">Parameters</h4>
  <table class="table table-bordered table-striped table-condensed">
    <thead>
      <tr>
        <th>Type</th>
        <th>Name</th>
        <th>Description</th>
      </tr>
    </thead>
    <tbody>
      <tr>
        <td><span class="xref">java.lang.Object</span></td>
        <td><span class="parametername">obj</span></td>
        <td></td>
      </tr>
    </tbody>
  </table>
  <h4 class="returns">Returns</h4>
  <table class="table table-bordered table-striped table-condensed">
    <thead>
      <tr>
        <th>Type</th>
        <th>Description</th>
      </tr>
    </thead>
    <tbody>
      <tr>
        <td><span class="xref">boolean</span></td>
        <td></td>
      </tr>
    </tbody>
  </table>
  <h4 class="overrides">Overrides</h4>
  <div><span class="xref">java.lang.Object.equals(java.lang.Object)</span></div>
  <a id="com_google_cloud_bigquery_RoutineInfo_getArguments_" data-uid="com.google.cloud.bigquery.RoutineInfo.getArguments*"></a>
  <h3 id="com_google_cloud_bigquery_RoutineInfo_getArguments__" data-uid="com.google.cloud.bigquery.RoutineInfo.getArguments()">getArguments()</h3>
  <div class="markdown level1 summary"><p>Returns the list of arguments for the routine.</p>
</div>
  <div class="markdown level1 conceptual"></div>
  <h4 class="decalaration">Declaration</h4>
  <div class="codewrapper">
    <pre><code class="prettyprint">public List&lt;RoutineArgument&gt; getArguments()</code></pre>
  </div>
  <h4 class="returns">Returns</h4>
  <table class="table table-bordered table-striped table-condensed">
    <thead>
      <tr>
        <th>Type</th>
        <th>Description</th>
      </tr>
    </thead>
    <tbody>
      <tr>
        <td><span class="xref">java.util.List</span>&lt;<a class="xref" href="com.google.cloud.bigquery.RoutineArgument.html">RoutineArgument</a>&gt;</td>
        <td></td>
      </tr>
    </tbody>
  </table>
  <a id="com_google_cloud_bigquery_RoutineInfo_getBody_" data-uid="com.google.cloud.bigquery.RoutineInfo.getBody*"></a>
  <h3 id="com_google_cloud_bigquery_RoutineInfo_getBody__" data-uid="com.google.cloud.bigquery.RoutineInfo.getBody()">getBody()</h3>
  <div class="markdown level1 summary"><p>Returns the definition body of the routine.</p>
</div>
  <div class="markdown level1 conceptual"></div>
  <h4 class="decalaration">Declaration</h4>
  <div class="codewrapper">
    <pre><code class="prettyprint">public String getBody()</code></pre>
  </div>
  <h4 class="returns">Returns</h4>
  <table class="table table-bordered table-striped table-condensed">
    <thead>
      <tr>
        <th>Type</th>
        <th>Description</th>
      </tr>
    </thead>
    <tbody>
      <tr>
        <td><span class="xref">java.lang.String</span></td>
        <td></td>
      </tr>
    </tbody>
  </table>
  <a id="com_google_cloud_bigquery_RoutineInfo_getCreationTime_" data-uid="com.google.cloud.bigquery.RoutineInfo.getCreationTime*"></a>
  <h3 id="com_google_cloud_bigquery_RoutineInfo_getCreationTime__" data-uid="com.google.cloud.bigquery.RoutineInfo.getCreationTime()">getCreationTime()</h3>
  <div class="markdown level1 summary"><p>Returns the creation time of the routine, represented as milliseconds since the epoch.</p>
</div>
  <div class="markdown level1 conceptual"></div>
  <h4 class="decalaration">Declaration</h4>
  <div class="codewrapper">
    <pre><code class="prettyprint">public Long getCreationTime()</code></pre>
  </div>
  <h4 class="returns">Returns</h4>
  <table class="table table-bordered table-striped table-condensed">
    <thead>
      <tr>
        <th>Type</th>
        <th>Description</th>
      </tr>
    </thead>
    <tbody>
      <tr>
        <td><span class="xref">java.lang.Long</span></td>
        <td></td>
      </tr>
    </tbody>
  </table>
  <a id="com_google_cloud_bigquery_RoutineInfo_getDescription_" data-uid="com.google.cloud.bigquery.RoutineInfo.getDescription*"></a>
  <h3 id="com_google_cloud_bigquery_RoutineInfo_getDescription__" data-uid="com.google.cloud.bigquery.RoutineInfo.getDescription()">getDescription()</h3>
  <div class="markdown level1 summary"><p>Returns the description of the routine.</p>
</div>
  <div class="markdown level1 conceptual"></div>
  <h4 class="decalaration">Declaration</h4>
  <div class="codewrapper">
    <pre><code class="prettyprint">public String getDescription()</code></pre>
  </div>
  <h4 class="returns">Returns</h4>
  <table class="table table-bordered table-striped table-condensed">
    <thead>
      <tr>
        <th>Type</th>
        <th>Description</th>
      </tr>
    </thead>
    <tbody>
      <tr>
        <td><span class="xref">java.lang.String</span></td>
        <td></td>
      </tr>
    </tbody>
  </table>
  <a id="com_google_cloud_bigquery_RoutineInfo_getDeterminismLevel_" data-uid="com.google.cloud.bigquery.RoutineInfo.getDeterminismLevel*"></a>
  <h3 id="com_google_cloud_bigquery_RoutineInfo_getDeterminismLevel__" data-uid="com.google.cloud.bigquery.RoutineInfo.getDeterminismLevel()">getDeterminismLevel()</h3>
  <div class="markdown level1 summary"><p>Returns the determinism level of the JavaScript UDF if defined.</p>
</div>
  <div class="markdown level1 conceptual"></div>
  <h4 class="decalaration">Declaration</h4>
  <div class="codewrapper">
    <pre><code class="prettyprint">public String getDeterminismLevel()</code></pre>
  </div>
  <h4 class="returns">Returns</h4>
  <table class="table table-bordered table-striped table-condensed">
    <thead>
      <tr>
        <th>Type</th>
        <th>Description</th>
      </tr>
    </thead>
    <tbody>
      <tr>
        <td><span class="xref">java.lang.String</span></td>
        <td></td>
      </tr>
    </tbody>
  </table>
  <a id="com_google_cloud_bigquery_RoutineInfo_getEtag_" data-uid="com.google.cloud.bigquery.RoutineInfo.getEtag*"></a>
  <h3 id="com_google_cloud_bigquery_RoutineInfo_getEtag__" data-uid="com.google.cloud.bigquery.RoutineInfo.getEtag()">getEtag()</h3>
  <div class="markdown level1 summary"><p>Returns the hash of the routine resource.</p>
</div>
  <div class="markdown level1 conceptual"></div>
  <h4 class="decalaration">Declaration</h4>
  <div class="codewrapper">
    <pre><code class="prettyprint">public String getEtag()</code></pre>
  </div>
  <h4 class="returns">Returns</h4>
  <table class="table table-bordered table-striped table-condensed">
    <thead>
      <tr>
        <th>Type</th>
        <th>Description</th>
      </tr>
    </thead>
    <tbody>
      <tr>
        <td><span class="xref">java.lang.String</span></td>
        <td></td>
      </tr>
    </tbody>
  </table>
  <a id="com_google_cloud_bigquery_RoutineInfo_getImportedLibraries_" data-uid="com.google.cloud.bigquery.RoutineInfo.getImportedLibraries*"></a>
  <h3 id="com_google_cloud_bigquery_RoutineInfo_getImportedLibraries__" data-uid="com.google.cloud.bigquery.RoutineInfo.getImportedLibraries()">getImportedLibraries()</h3>
  <div class="markdown level1 summary"><p>Returns the list of imported libraries for the routine. Only relevant for routines implemented using the JAVASCRIPT language.</p>
</div>
  <div class="markdown level1 conceptual"></div>
  <h4 class="decalaration">Declaration</h4>
  <div class="codewrapper">
    <pre><code class="prettyprint">public List&lt;String&gt; getImportedLibraries()</code></pre>
  </div>
  <h4 class="returns">Returns</h4>
  <table class="table table-bordered table-striped table-condensed">
    <thead>
      <tr>
        <th>Type</th>
        <th>Description</th>
      </tr>
    </thead>
    <tbody>
      <tr>
        <td><span class="xref">java.util.List</span>&lt;<span class="xref">java.lang.String</span>&gt;</td>
        <td></td>
      </tr>
    </tbody>
  </table>
  <a id="com_google_cloud_bigquery_RoutineInfo_getLanguage_" data-uid="com.google.cloud.bigquery.RoutineInfo.getLanguage*"></a>
  <h3 id="com_google_cloud_bigquery_RoutineInfo_getLanguage__" data-uid="com.google.cloud.bigquery.RoutineInfo.getLanguage()">getLanguage()</h3>
  <div class="markdown level1 summary"><p>Returns the language of the routine. Currently supported languages include SQL and JAVASCRIPT.</p>
</div>
  <div class="markdown level1 conceptual"></div>
  <h4 class="decalaration">Declaration</h4>
  <div class="codewrapper">
    <pre><code class="prettyprint">public String getLanguage()</code></pre>
  </div>
  <h4 class="returns">Returns</h4>
  <table class="table table-bordered table-striped table-condensed">
    <thead>
      <tr>
        <th>Type</th>
        <th>Description</th>
      </tr>
    </thead>
    <tbody>
      <tr>
        <td><span class="xref">java.lang.String</span></td>
        <td></td>
      </tr>
    </tbody>
  </table>
  <a id="com_google_cloud_bigquery_RoutineInfo_getLastModifiedTime_" data-uid="com.google.cloud.bigquery.RoutineInfo.getLastModifiedTime*"></a>
  <h3 id="com_google_cloud_bigquery_RoutineInfo_getLastModifiedTime__" data-uid="com.google.cloud.bigquery.RoutineInfo.getLastModifiedTime()">getLastModifiedTime()</h3>
  <div class="markdown level1 summary"><p>Returns the last modification time of the routine, represented as milliseconds since the epoch.</p>
</div>
  <div class="markdown level1 conceptual"></div>
  <h4 class="decalaration">Declaration</h4>
  <div class="codewrapper">
    <pre><code class="prettyprint">public Long getLastModifiedTime()</code></pre>
  </div>
  <h4 class="returns">Returns</h4>
  <table class="table table-bordered table-striped table-condensed">
    <thead>
      <tr>
        <th>Type</th>
        <th>Description</th>
      </tr>
    </thead>
    <tbody>
      <tr>
        <td><span class="xref">java.lang.Long</span></td>
        <td></td>
      </tr>
    </tbody>
  </table>
  <a id="com_google_cloud_bigquery_RoutineInfo_getReturnType_" data-uid="com.google.cloud.bigquery.RoutineInfo.getReturnType*"></a>
  <h3 id="com_google_cloud_bigquery_RoutineInfo_getReturnType__" data-uid="com.google.cloud.bigquery.RoutineInfo.getReturnType()">getReturnType()</h3>
  <div class="markdown level1 summary"><p>If specified, returns the data type returned from the routine.</p>
</div>
  <div class="markdown level1 conceptual"></div>
  <h4 class="decalaration">Declaration</h4>
  <div class="codewrapper">
    <pre><code class="prettyprint">public StandardSQLDataType getReturnType()</code></pre>
  </div>
  <h4 class="returns">Returns</h4>
  <table class="table table-bordered table-striped table-condensed">
    <thead>
      <tr>
        <th>Type</th>
        <th>Description</th>
      </tr>
    </thead>
    <tbody>
      <tr>
        <td><a class="xref" href="com.google.cloud.bigquery.StandardSQLDataType.html">StandardSQLDataType</a></td>
        <td></td>
      </tr>
    </tbody>
  </table>
  <a id="com_google_cloud_bigquery_RoutineInfo_getRoutineId_" data-uid="com.google.cloud.bigquery.RoutineInfo.getRoutineId*"></a>
  <h3 id="com_google_cloud_bigquery_RoutineInfo_getRoutineId__" data-uid="com.google.cloud.bigquery.RoutineInfo.getRoutineId()">getRoutineId()</h3>
  <div class="markdown level1 summary"><p>Returns the RoutineId identified for the routine resource. *</p>
</div>
  <div class="markdown level1 conceptual"></div>
  <h4 class="decalaration">Declaration</h4>
  <div class="codewrapper">
    <pre><code class="prettyprint">public RoutineId getRoutineId()</code></pre>
  </div>
  <h4 class="returns">Returns</h4>
  <table class="table table-bordered table-striped table-condensed">
    <thead>
      <tr>
        <th>Type</th>
        <th>Description</th>
      </tr>
    </thead>
    <tbody>
      <tr>
        <td><a class="xref" href="com.google.cloud.bigquery.RoutineId.html">RoutineId</a></td>
        <td></td>
      </tr>
    </tbody>
  </table>
  <a id="com_google_cloud_bigquery_RoutineInfo_getRoutineType_" data-uid="com.google.cloud.bigquery.RoutineInfo.getRoutineType*"></a>
  <h3 id="com_google_cloud_bigquery_RoutineInfo_getRoutineType__" data-uid="com.google.cloud.bigquery.RoutineInfo.getRoutineType()">getRoutineType()</h3>
  <div class="markdown level1 summary"><p>Returns the type of the routine, e.g. SCALAR_FUNCTION.</p>
</div>
  <div class="markdown level1 conceptual"></div>
  <h4 class="decalaration">Declaration</h4>
  <div class="codewrapper">
    <pre><code class="prettyprint">public String getRoutineType()</code></pre>
  </div>
  <h4 class="returns">Returns</h4>
  <table class="table table-bordered table-striped table-condensed">
    <thead>
      <tr>
        <th>Type</th>
        <th>Description</th>
      </tr>
    </thead>
    <tbody>
      <tr>
        <td><span class="xref">java.lang.String</span></td>
        <td></td>
      </tr>
    </tbody>
  </table>
  <a id="com_google_cloud_bigquery_RoutineInfo_hashCode_" data-uid="com.google.cloud.bigquery.RoutineInfo.hashCode*"></a>
  <h3 id="com_google_cloud_bigquery_RoutineInfo_hashCode__" data-uid="com.google.cloud.bigquery.RoutineInfo.hashCode()">hashCode()</h3>
  <div class="markdown level1 summary"></div>
  <div class="markdown level1 conceptual"></div>
  <h4 class="decalaration">Declaration</h4>
  <div class="codewrapper">
    <pre><code class="prettyprint">public int hashCode()</code></pre>
  </div>
  <h4 class="returns">Returns</h4>
  <table class="table table-bordered table-striped table-condensed">
    <thead>
      <tr>
        <th>Type</th>
        <th>Description</th>
      </tr>
    </thead>
    <tbody>
      <tr>
        <td><span class="xref">int</span></td>
        <td></td>
      </tr>
    </tbody>
  </table>
  <h4 class="overrides">Overrides</h4>
  <div><span class="xref">java.lang.Object.hashCode()</span></div>
  <a id="com_google_cloud_bigquery_RoutineInfo_newBuilder_" data-uid="com.google.cloud.bigquery.RoutineInfo.newBuilder*"></a>
  <h3 id="com_google_cloud_bigquery_RoutineInfo_newBuilder_com_google_cloud_bigquery_RoutineId_" data-uid="com.google.cloud.bigquery.RoutineInfo.newBuilder(com.google.cloud.bigquery.RoutineId)">newBuilder(RoutineId routineId)</h3>
  <div class="markdown level1 summary"><p>Returns a builder for a <code>RoutineInfo</code> object given routine identity.</p>
</div>
  <div class="markdown level1 conceptual"></div>
  <h4 class="decalaration">Declaration</h4>
  <div class="codewrapper">
    <pre><code class="prettyprint">public static RoutineInfo.Builder newBuilder(RoutineId routineId)</code></pre>
  </div>
  <h4 class="parameters">Parameters</h4>
  <table class="table table-bordered table-striped table-condensed">
    <thead>
      <tr>
        <th>Type</th>
        <th>Name</th>
        <th>Description</th>
      </tr>
    </thead>
    <tbody>
      <tr>
        <td><a class="xref" href="com.google.cloud.bigquery.RoutineId.html">RoutineId</a></td>
        <td><span class="parametername">routineId</span></td>
        <td></td>
      </tr>
    </tbody>
  </table>
  <h4 class="returns">Returns</h4>
  <table class="table table-bordered table-striped table-condensed">
    <thead>
      <tr>
        <th>Type</th>
        <th>Description</th>
      </tr>
    </thead>
    <tbody>
      <tr>
        <td><a class="xref" href="com.google.cloud.bigquery.RoutineInfo.Builder.html#com_google_cloud_bigquery_RoutineInfo_Builder">RoutineInfo.Builder</a></td>
        <td></td>
      </tr>
    </tbody>
  </table>
  <a id="com_google_cloud_bigquery_RoutineInfo_of_" data-uid="com.google.cloud.bigquery.RoutineInfo.of*"></a>
  <h3 id="com_google_cloud_bigquery_RoutineInfo_of_com_google_cloud_bigquery_RoutineId_" data-uid="com.google.cloud.bigquery.RoutineInfo.of(com.google.cloud.bigquery.RoutineId)">of(RoutineId routineId)</h3>
  <div class="markdown level1 summary"><p>Returns a <code>RoutineInfo</code> object given routine identity.</p>
</div>
  <div class="markdown level1 conceptual"></div>
  <h4 class="decalaration">Declaration</h4>
  <div class="codewrapper">
    <pre><code class="prettyprint">public static RoutineInfo of(RoutineId routineId)</code></pre>
  </div>
  <h4 class="parameters">Parameters</h4>
  <table class="table table-bordered table-striped table-condensed">
    <thead>
      <tr>
        <th>Type</th>
        <th>Name</th>
        <th>Description</th>
      </tr>
    </thead>
    <tbody>
      <tr>
        <td><a class="xref" href="com.google.cloud.bigquery.RoutineId.html">RoutineId</a></td>
        <td><span class="parametername">routineId</span></td>
        <td></td>
      </tr>
    </tbody>
  </table>
  <h4 class="returns">Returns</h4>
  <table class="table table-bordered table-striped table-condensed">
    <thead>
      <tr>
        <th>Type</th>
        <th>Description</th>
      </tr>
    </thead>
    <tbody>
      <tr>
        <td></td>
        <td></td>
      </tr>
    </tbody>
  </table>
  <a id="com_google_cloud_bigquery_RoutineInfo_toBuilder_" data-uid="com.google.cloud.bigquery.RoutineInfo.toBuilder*"></a>
  <h3 id="com_google_cloud_bigquery_RoutineInfo_toBuilder__" data-uid="com.google.cloud.bigquery.RoutineInfo.toBuilder()">toBuilder()</h3>
  <div class="markdown level1 summary"><p>Returns a builder pre-populated using the current values of this routine.</p>
</div>
  <div class="markdown level1 conceptual"></div>
  <h4 class="decalaration">Declaration</h4>
  <div class="codewrapper">
    <pre><code class="prettyprint">public RoutineInfo.Builder toBuilder()</code></pre>
  </div>
  <h4 class="returns">Returns</h4>
  <table class="table table-bordered table-striped table-condensed">
    <thead>
      <tr>
        <th>Type</th>
        <th>Description</th>
      </tr>
    </thead>
    <tbody>
      <tr>
        <td><a class="xref" href="com.google.cloud.bigquery.RoutineInfo.Builder.html#com_google_cloud_bigquery_RoutineInfo_Builder">RoutineInfo.Builder</a></td>
        <td></td>
      </tr>
    </tbody>
  </table>
  <a id="com_google_cloud_bigquery_RoutineInfo_toString_" data-uid="com.google.cloud.bigquery.RoutineInfo.toString*"></a>
  <h3 id="com_google_cloud_bigquery_RoutineInfo_toString__" data-uid="com.google.cloud.bigquery.RoutineInfo.toString()">toString()</h3>
  <div class="markdown level1 summary"></div>
  <div class="markdown level1 conceptual"></div>
  <h4 class="decalaration">Declaration</h4>
  <div class="codewrapper">
    <pre><code class="prettyprint">public String toString()</code></pre>
  </div>
  <h4 class="returns">Returns</h4>
  <table class="table table-bordered table-striped table-condensed">
    <thead>
      <tr>
        <th>Type</th>
        <th>Description</th>
      </tr>
    </thead>
    <tbody>
      <tr>
        <td><span class="xref">java.lang.String</span></td>
        <td></td>
      </tr>
    </tbody>
  </table>
  <h4 class="overrides">Overrides</h4>
  <div><span class="xref">java.lang.Object.toString()</span></div>
  <h2 id="implements">Implements</h2>
  <div>
      <span class="xref">java.io.Serializable</span>
  </div>
</article>
    </div>
  </body>
</html>
