<!DOCTYPE html>
<html devsite="">
  <head>
    <meta name="project_path" value="/java/_project.yaml">
    <meta name="book_path" value="/java/_book.yaml">
  </head>
  <body>
    <div>
      <h1 class="page-title">Class ModelInfo
</h1>
      <article data-uid="com.google.cloud.bigquery.ModelInfo">
  
  
  <div class="markdown level0 summary"><p>Google BigQuery ML model information. Models are not created directly via the API, but by issuing a CREATE MODEL query.</p>
</div>
  <div class="markdown level0 conceptual"></div>
  <div class="inheritance">
    <h5>Inheritance</h5>
    <div class="level0"><span class="xref">java.lang.Object</span></div>
    <div class="level1"><span class="xref">ModelInfo</span></div>
  </div>
  <div classs="implements">
    <h5>Implements</h5>
    <div><span class="xref">java.io.Serializable</span></div>
  </div>
  <div class="inheritedMembers">
    <h5>Inherited Members</h5>
    <div>
      <span class="xref">java.lang.Object.clone()</span>
    </div>
    <div>
      <span class="xref">java.lang.Object.equals(java.lang.Object)</span>
    </div>
    <div>
      <span class="xref">java.lang.Object.finalize()</span>
    </div>
    <div>
      <span class="xref">java.lang.Object.getClass()</span>
    </div>
    <div>
      <span class="xref">java.lang.Object.hashCode()</span>
    </div>
    <div>
      <span class="xref">java.lang.Object.notify()</span>
    </div>
    <div>
      <span class="xref">java.lang.Object.notifyAll()</span>
    </div>
    <div>
      <span class="xref">java.lang.Object.toString()</span>
    </div>
    <div>
      <span class="xref">java.lang.Object.wait()</span>
    </div>
    <div>
      <span class="xref">java.lang.Object.wait(long)</span>
    </div>
    <div>
      <span class="xref">java.lang.Object.wait(long,int)</span>
    </div>
  </div>
  <h6><strong>Namespace</strong>: </h6>
  <h6><strong>Assembly</strong>: .dll</h6>
  <h5 id="com_google_cloud_bigquery_ModelInfo_syntax">Syntax</h5>
  <div class="codewrapper">
    <pre><code class="prettyprint">public class ModelInfo implements Serializable</code></pre>
  </div>
  <h2 id="methods">Methods
  </h2>
  <a id="com_google_cloud_bigquery_ModelInfo_equals_" data-uid="com.google.cloud.bigquery.ModelInfo.equals*"></a>
  <h3 id="com_google_cloud_bigquery_ModelInfo_equals_java_lang_Object_" data-uid="com.google.cloud.bigquery.ModelInfo.equals(java.lang.Object)">equals(Object obj)</h3>
  <div class="markdown level1 summary"></div>
  <div class="markdown level1 conceptual"></div>
  <h4 class="decalaration">Declaration</h4>
  <div class="codewrapper">
    <pre><code class="prettyprint">public boolean equals(Object obj)</code></pre>
  </div>
  <h4 class="parameters">Parameters</h4>
  <table class="table table-bordered table-striped table-condensed">
    <thead>
      <tr>
        <th>Type</th>
        <th>Name</th>
        <th>Description</th>
      </tr>
    </thead>
    <tbody>
      <tr>
        <td><span class="xref">java.lang.Object</span></td>
        <td><span class="parametername">obj</span></td>
        <td></td>
      </tr>
    </tbody>
  </table>
  <h4 class="returns">Returns</h4>
  <table class="table table-bordered table-striped table-condensed">
    <thead>
      <tr>
        <th>Type</th>
        <th>Description</th>
      </tr>
    </thead>
    <tbody>
      <tr>
        <td><span class="xref">boolean</span></td>
        <td></td>
      </tr>
    </tbody>
  </table>
  <h4 class="overrides">Overrides</h4>
  <div><span class="xref">java.lang.Object.equals(java.lang.Object)</span></div>
  <a id="com_google_cloud_bigquery_ModelInfo_getCreationTime_" data-uid="com.google.cloud.bigquery.ModelInfo.getCreationTime*"></a>
  <h3 id="com_google_cloud_bigquery_ModelInfo_getCreationTime__" data-uid="com.google.cloud.bigquery.ModelInfo.getCreationTime()">getCreationTime()</h3>
  <div class="markdown level1 summary"><p>Returns the time when this model was created, in milliseconds since the epoch.</p>
</div>
  <div class="markdown level1 conceptual"></div>
  <h4 class="decalaration">Declaration</h4>
  <div class="codewrapper">
    <pre><code class="prettyprint">public Long getCreationTime()</code></pre>
  </div>
  <h4 class="returns">Returns</h4>
  <table class="table table-bordered table-striped table-condensed">
    <thead>
      <tr>
        <th>Type</th>
        <th>Description</th>
      </tr>
    </thead>
    <tbody>
      <tr>
        <td><span class="xref">java.lang.Long</span></td>
        <td></td>
      </tr>
    </tbody>
  </table>
  <a id="com_google_cloud_bigquery_ModelInfo_getDescription_" data-uid="com.google.cloud.bigquery.ModelInfo.getDescription*"></a>
  <h3 id="com_google_cloud_bigquery_ModelInfo_getDescription__" data-uid="com.google.cloud.bigquery.ModelInfo.getDescription()">getDescription()</h3>
  <div class="markdown level1 summary"><p>Returns the user description of the model.</p>
</div>
  <div class="markdown level1 conceptual"></div>
  <h4 class="decalaration">Declaration</h4>
  <div class="codewrapper">
    <pre><code class="prettyprint">public String getDescription()</code></pre>
  </div>
  <h4 class="returns">Returns</h4>
  <table class="table table-bordered table-striped table-condensed">
    <thead>
      <tr>
        <th>Type</th>
        <th>Description</th>
      </tr>
    </thead>
    <tbody>
      <tr>
        <td><span class="xref">java.lang.String</span></td>
        <td></td>
      </tr>
    </tbody>
  </table>
  <a id="com_google_cloud_bigquery_ModelInfo_getEncryptionConfiguration_" data-uid="com.google.cloud.bigquery.ModelInfo.getEncryptionConfiguration*"></a>
  <h3 id="com_google_cloud_bigquery_ModelInfo_getEncryptionConfiguration__" data-uid="com.google.cloud.bigquery.ModelInfo.getEncryptionConfiguration()">getEncryptionConfiguration()</h3>
  <div class="markdown level1 summary"></div>
  <div class="markdown level1 conceptual"></div>
  <h4 class="decalaration">Declaration</h4>
  <div class="codewrapper">
    <pre><code class="prettyprint">public EncryptionConfiguration getEncryptionConfiguration()</code></pre>
  </div>
  <h4 class="returns">Returns</h4>
  <table class="table table-bordered table-striped table-condensed">
    <thead>
      <tr>
        <th>Type</th>
        <th>Description</th>
      </tr>
    </thead>
    <tbody>
      <tr>
        <td><a class="xref" href="com.google.cloud.bigquery.EncryptionConfiguration.html">EncryptionConfiguration</a></td>
        <td></td>
      </tr>
    </tbody>
  </table>
  <a id="com_google_cloud_bigquery_ModelInfo_getEtag_" data-uid="com.google.cloud.bigquery.ModelInfo.getEtag*"></a>
  <h3 id="com_google_cloud_bigquery_ModelInfo_getEtag__" data-uid="com.google.cloud.bigquery.ModelInfo.getEtag()">getEtag()</h3>
  <div class="markdown level1 summary"><p>Returns the hash of the model resource.</p>
</div>
  <div class="markdown level1 conceptual"></div>
  <h4 class="decalaration">Declaration</h4>
  <div class="codewrapper">
    <pre><code class="prettyprint">public String getEtag()</code></pre>
  </div>
  <h4 class="returns">Returns</h4>
  <table class="table table-bordered table-striped table-condensed">
    <thead>
      <tr>
        <th>Type</th>
        <th>Description</th>
      </tr>
    </thead>
    <tbody>
      <tr>
        <td><span class="xref">java.lang.String</span></td>
        <td></td>
      </tr>
    </tbody>
  </table>
  <a id="com_google_cloud_bigquery_ModelInfo_getExpirationTime_" data-uid="com.google.cloud.bigquery.ModelInfo.getExpirationTime*"></a>
  <h3 id="com_google_cloud_bigquery_ModelInfo_getExpirationTime__" data-uid="com.google.cloud.bigquery.ModelInfo.getExpirationTime()">getExpirationTime()</h3>
  <div class="markdown level1 summary"><p>Returns this this model expires, in milliseconds since the epoch. If not present, the model will persist indefinitely. Expired models will be deleted.</p>
</div>
  <div class="markdown level1 conceptual"></div>
  <h4 class="decalaration">Declaration</h4>
  <div class="codewrapper">
    <pre><code class="prettyprint">public Long getExpirationTime()</code></pre>
  </div>
  <h4 class="returns">Returns</h4>
  <table class="table table-bordered table-striped table-condensed">
    <thead>
      <tr>
        <th>Type</th>
        <th>Description</th>
      </tr>
    </thead>
    <tbody>
      <tr>
        <td><span class="xref">java.lang.Long</span></td>
        <td></td>
      </tr>
    </tbody>
  </table>
  <a id="com_google_cloud_bigquery_ModelInfo_getFeatureColumns_" data-uid="com.google.cloud.bigquery.ModelInfo.getFeatureColumns*"></a>
  <h3 id="com_google_cloud_bigquery_ModelInfo_getFeatureColumns__" data-uid="com.google.cloud.bigquery.ModelInfo.getFeatureColumns()">getFeatureColumns()</h3>
  <div class="markdown level1 summary"><p>Returns information about the feature columns for this model.</p>
</div>
  <div class="markdown level1 conceptual"></div>
  <h4 class="decalaration">Declaration</h4>
  <div class="codewrapper">
    <pre><code class="prettyprint">public ImmutableList&lt;StandardSQLField&gt; getFeatureColumns()</code></pre>
  </div>
  <h4 class="returns">Returns</h4>
  <table class="table table-bordered table-striped table-condensed">
    <thead>
      <tr>
        <th>Type</th>
        <th>Description</th>
      </tr>
    </thead>
    <tbody>
      <tr>
        <td><span class="xref">com.google.common.collect.ImmutableList</span>&lt;<a class="xref" href="com.google.cloud.bigquery.StandardSQLField.html">StandardSQLField</a>&gt;</td>
        <td></td>
      </tr>
    </tbody>
  </table>
  <a id="com_google_cloud_bigquery_ModelInfo_getFriendlyName_" data-uid="com.google.cloud.bigquery.ModelInfo.getFriendlyName*"></a>
  <h3 id="com_google_cloud_bigquery_ModelInfo_getFriendlyName__" data-uid="com.google.cloud.bigquery.ModelInfo.getFriendlyName()">getFriendlyName()</h3>
  <div class="markdown level1 summary"><p>Returns the user-friendly name for the model.</p>
</div>
  <div class="markdown level1 conceptual"></div>
  <h4 class="decalaration">Declaration</h4>
  <div class="codewrapper">
    <pre><code class="prettyprint">public String getFriendlyName()</code></pre>
  </div>
  <h4 class="returns">Returns</h4>
  <table class="table table-bordered table-striped table-condensed">
    <thead>
      <tr>
        <th>Type</th>
        <th>Description</th>
      </tr>
    </thead>
    <tbody>
      <tr>
        <td><span class="xref">java.lang.String</span></td>
        <td></td>
      </tr>
    </tbody>
  </table>
  <a id="com_google_cloud_bigquery_ModelInfo_getLabelColumns_" data-uid="com.google.cloud.bigquery.ModelInfo.getLabelColumns*"></a>
  <h3 id="com_google_cloud_bigquery_ModelInfo_getLabelColumns__" data-uid="com.google.cloud.bigquery.ModelInfo.getLabelColumns()">getLabelColumns()</h3>
  <div class="markdown level1 summary"><p>Returns information about the label columns for this model.</p>
</div>
  <div class="markdown level1 conceptual"></div>
  <h4 class="decalaration">Declaration</h4>
  <div class="codewrapper">
    <pre><code class="prettyprint">public ImmutableList&lt;StandardSQLField&gt; getLabelColumns()</code></pre>
  </div>
  <h4 class="returns">Returns</h4>
  <table class="table table-bordered table-striped table-condensed">
    <thead>
      <tr>
        <th>Type</th>
        <th>Description</th>
      </tr>
    </thead>
    <tbody>
      <tr>
        <td><span class="xref">com.google.common.collect.ImmutableList</span>&lt;<a class="xref" href="com.google.cloud.bigquery.StandardSQLField.html">StandardSQLField</a>&gt;</td>
        <td></td>
      </tr>
    </tbody>
  </table>
  <a id="com_google_cloud_bigquery_ModelInfo_getLabels_" data-uid="com.google.cloud.bigquery.ModelInfo.getLabels*"></a>
  <h3 id="com_google_cloud_bigquery_ModelInfo_getLabels__" data-uid="com.google.cloud.bigquery.ModelInfo.getLabels()">getLabels()</h3>
  <div class="markdown level1 summary"><p>Returns a map for labels applied to the model.</p>
</div>
  <div class="markdown level1 conceptual"></div>
  <h4 class="decalaration">Declaration</h4>
  <div class="codewrapper">
    <pre><code class="prettyprint">public Map&lt;String,String&gt; getLabels()</code></pre>
  </div>
  <h4 class="returns">Returns</h4>
  <table class="table table-bordered table-striped table-condensed">
    <thead>
      <tr>
        <th>Type</th>
        <th>Description</th>
      </tr>
    </thead>
    <tbody>
      <tr>
        <td><span class="xref">java.util.Map</span>&lt;<span class="xref">java.lang.String</span>,<span class="xref">java.lang.String</span>&gt;</td>
        <td></td>
      </tr>
    </tbody>
  </table>
  <a id="com_google_cloud_bigquery_ModelInfo_getLastModifiedTime_" data-uid="com.google.cloud.bigquery.ModelInfo.getLastModifiedTime*"></a>
  <h3 id="com_google_cloud_bigquery_ModelInfo_getLastModifiedTime__" data-uid="com.google.cloud.bigquery.ModelInfo.getLastModifiedTime()">getLastModifiedTime()</h3>
  <div class="markdown level1 summary"><p>Returns the time when this table was last modified, in milliseconds since the epoch.</p>
</div>
  <div class="markdown level1 conceptual"></div>
  <h4 class="decalaration">Declaration</h4>
  <div class="codewrapper">
    <pre><code class="prettyprint">public Long getLastModifiedTime()</code></pre>
  </div>
  <h4 class="returns">Returns</h4>
  <table class="table table-bordered table-striped table-condensed">
    <thead>
      <tr>
        <th>Type</th>
        <th>Description</th>
      </tr>
    </thead>
    <tbody>
      <tr>
        <td><span class="xref">java.lang.Long</span></td>
        <td></td>
      </tr>
    </tbody>
  </table>
  <a id="com_google_cloud_bigquery_ModelInfo_getLocation_" data-uid="com.google.cloud.bigquery.ModelInfo.getLocation*"></a>
  <h3 id="com_google_cloud_bigquery_ModelInfo_getLocation__" data-uid="com.google.cloud.bigquery.ModelInfo.getLocation()">getLocation()</h3>
  <div class="markdown level1 summary"><p>Returns a location of the model.</p>
</div>
  <div class="markdown level1 conceptual"></div>
  <h4 class="decalaration">Declaration</h4>
  <div class="codewrapper">
    <pre><code class="prettyprint">public String getLocation()</code></pre>
  </div>
  <h4 class="returns">Returns</h4>
  <table class="table table-bordered table-striped table-condensed">
    <thead>
      <tr>
        <th>Type</th>
        <th>Description</th>
      </tr>
    </thead>
    <tbody>
      <tr>
        <td><span class="xref">java.lang.String</span></td>
        <td></td>
      </tr>
    </tbody>
  </table>
  <a id="com_google_cloud_bigquery_ModelInfo_getModelId_" data-uid="com.google.cloud.bigquery.ModelInfo.getModelId*"></a>
  <h3 id="com_google_cloud_bigquery_ModelInfo_getModelId__" data-uid="com.google.cloud.bigquery.ModelInfo.getModelId()">getModelId()</h3>
  <div class="markdown level1 summary"><p>Returns the model identity.</p>
</div>
  <div class="markdown level1 conceptual"></div>
  <h4 class="decalaration">Declaration</h4>
  <div class="codewrapper">
    <pre><code class="prettyprint">public ModelId getModelId()</code></pre>
  </div>
  <h4 class="returns">Returns</h4>
  <table class="table table-bordered table-striped table-condensed">
    <thead>
      <tr>
        <th>Type</th>
        <th>Description</th>
      </tr>
    </thead>
    <tbody>
      <tr>
        <td><a class="xref" href="com.google.cloud.bigquery.ModelId.html">ModelId</a></td>
        <td></td>
      </tr>
    </tbody>
  </table>
  <a id="com_google_cloud_bigquery_ModelInfo_getModelType_" data-uid="com.google.cloud.bigquery.ModelInfo.getModelType*"></a>
  <h3 id="com_google_cloud_bigquery_ModelInfo_getModelType__" data-uid="com.google.cloud.bigquery.ModelInfo.getModelType()">getModelType()</h3>
  <div class="markdown level1 summary"><p>Returns the type of the ML model.</p>
</div>
  <div class="markdown level1 conceptual"></div>
  <h4 class="decalaration">Declaration</h4>
  <div class="codewrapper">
    <pre><code class="prettyprint">public String getModelType()</code></pre>
  </div>
  <h4 class="returns">Returns</h4>
  <table class="table table-bordered table-striped table-condensed">
    <thead>
      <tr>
        <th>Type</th>
        <th>Description</th>
      </tr>
    </thead>
    <tbody>
      <tr>
        <td><span class="xref">java.lang.String</span></td>
        <td></td>
      </tr>
    </tbody>
  </table>
  <a id="com_google_cloud_bigquery_ModelInfo_getTrainingRuns_" data-uid="com.google.cloud.bigquery.ModelInfo.getTrainingRuns*"></a>
  <h3 id="com_google_cloud_bigquery_ModelInfo_getTrainingRuns__" data-uid="com.google.cloud.bigquery.ModelInfo.getTrainingRuns()">getTrainingRuns()</h3>
  <div class="markdown level1 summary"><p>Returns metadata about each training run iteration.</p>
</div>
  <div class="markdown level1 conceptual"></div>
  <h4 class="decalaration">Declaration</h4>
  <div class="codewrapper">
    <pre><code class="prettyprint">public ImmutableList&lt;TrainingRun&gt; getTrainingRuns()</code></pre>
  </div>
  <h4 class="returns">Returns</h4>
  <table class="table table-bordered table-striped table-condensed">
    <thead>
      <tr>
        <th>Type</th>
        <th>Description</th>
      </tr>
    </thead>
    <tbody>
      <tr>
        <td><span class="xref">com.google.common.collect.ImmutableList</span>&lt;<span class="xref">com.google.api.services.bigquery.model.TrainingRun</span>&gt;</td>
        <td></td>
      </tr>
    </tbody>
  </table>
  <a id="com_google_cloud_bigquery_ModelInfo_hashCode_" data-uid="com.google.cloud.bigquery.ModelInfo.hashCode*"></a>
  <h3 id="com_google_cloud_bigquery_ModelInfo_hashCode__" data-uid="com.google.cloud.bigquery.ModelInfo.hashCode()">hashCode()</h3>
  <div class="markdown level1 summary"></div>
  <div class="markdown level1 conceptual"></div>
  <h4 class="decalaration">Declaration</h4>
  <div class="codewrapper">
    <pre><code class="prettyprint">public int hashCode()</code></pre>
  </div>
  <h4 class="returns">Returns</h4>
  <table class="table table-bordered table-striped table-condensed">
    <thead>
      <tr>
        <th>Type</th>
        <th>Description</th>
      </tr>
    </thead>
    <tbody>
      <tr>
        <td><span class="xref">int</span></td>
        <td></td>
      </tr>
    </tbody>
  </table>
  <h4 class="overrides">Overrides</h4>
  <div><span class="xref">java.lang.Object.hashCode()</span></div>
  <a id="com_google_cloud_bigquery_ModelInfo_newBuilder_" data-uid="com.google.cloud.bigquery.ModelInfo.newBuilder*"></a>
  <h3 id="com_google_cloud_bigquery_ModelInfo_newBuilder_com_google_cloud_bigquery_ModelId_" data-uid="com.google.cloud.bigquery.ModelInfo.newBuilder(com.google.cloud.bigquery.ModelId)">newBuilder(ModelId modelId)</h3>
  <div class="markdown level1 summary"><p>Returns a builder for a <code>ModelInfo</code> object given table identity.</p>
</div>
  <div class="markdown level1 conceptual"></div>
  <h4 class="decalaration">Declaration</h4>
  <div class="codewrapper">
    <pre><code class="prettyprint">public static ModelInfo.Builder newBuilder(ModelId modelId)</code></pre>
  </div>
  <h4 class="parameters">Parameters</h4>
  <table class="table table-bordered table-striped table-condensed">
    <thead>
      <tr>
        <th>Type</th>
        <th>Name</th>
        <th>Description</th>
      </tr>
    </thead>
    <tbody>
      <tr>
        <td><a class="xref" href="com.google.cloud.bigquery.ModelId.html">ModelId</a></td>
        <td><span class="parametername">modelId</span></td>
        <td></td>
      </tr>
    </tbody>
  </table>
  <h4 class="returns">Returns</h4>
  <table class="table table-bordered table-striped table-condensed">
    <thead>
      <tr>
        <th>Type</th>
        <th>Description</th>
      </tr>
    </thead>
    <tbody>
      <tr>
        <td><a class="xref" href="com.google.cloud.bigquery.ModelInfo.Builder.html#com_google_cloud_bigquery_ModelInfo_Builder">ModelInfo.Builder</a></td>
        <td></td>
      </tr>
    </tbody>
  </table>
  <a id="com_google_cloud_bigquery_ModelInfo_of_" data-uid="com.google.cloud.bigquery.ModelInfo.of*"></a>
  <h3 id="com_google_cloud_bigquery_ModelInfo_of_com_google_cloud_bigquery_ModelId_" data-uid="com.google.cloud.bigquery.ModelInfo.of(com.google.cloud.bigquery.ModelId)">of(ModelId modelId)</h3>
  <div class="markdown level1 summary"><p>Returns a <code>ModelInfo</code> object given table identity.</p>
</div>
  <div class="markdown level1 conceptual"></div>
  <h4 class="decalaration">Declaration</h4>
  <div class="codewrapper">
    <pre><code class="prettyprint">public static ModelInfo of(ModelId modelId)</code></pre>
  </div>
  <h4 class="parameters">Parameters</h4>
  <table class="table table-bordered table-striped table-condensed">
    <thead>
      <tr>
        <th>Type</th>
        <th>Name</th>
        <th>Description</th>
      </tr>
    </thead>
    <tbody>
      <tr>
        <td><a class="xref" href="com.google.cloud.bigquery.ModelId.html">ModelId</a></td>
        <td><span class="parametername">modelId</span></td>
        <td></td>
      </tr>
    </tbody>
  </table>
  <h4 class="returns">Returns</h4>
  <table class="table table-bordered table-striped table-condensed">
    <thead>
      <tr>
        <th>Type</th>
        <th>Description</th>
      </tr>
    </thead>
    <tbody>
      <tr>
        <td></td>
        <td></td>
      </tr>
    </tbody>
  </table>
  <a id="com_google_cloud_bigquery_ModelInfo_toBuilder_" data-uid="com.google.cloud.bigquery.ModelInfo.toBuilder*"></a>
  <h3 id="com_google_cloud_bigquery_ModelInfo_toBuilder__" data-uid="com.google.cloud.bigquery.ModelInfo.toBuilder()">toBuilder()</h3>
  <div class="markdown level1 summary"></div>
  <div class="markdown level1 conceptual"></div>
  <h4 class="decalaration">Declaration</h4>
  <div class="codewrapper">
    <pre><code class="prettyprint">public ModelInfo.Builder toBuilder()</code></pre>
  </div>
  <h4 class="returns">Returns</h4>
  <table class="table table-bordered table-striped table-condensed">
    <thead>
      <tr>
        <th>Type</th>
        <th>Description</th>
      </tr>
    </thead>
    <tbody>
      <tr>
        <td><a class="xref" href="com.google.cloud.bigquery.ModelInfo.Builder.html#com_google_cloud_bigquery_ModelInfo_Builder">ModelInfo.Builder</a></td>
        <td></td>
      </tr>
    </tbody>
  </table>
  <a id="com_google_cloud_bigquery_ModelInfo_toString_" data-uid="com.google.cloud.bigquery.ModelInfo.toString*"></a>
  <h3 id="com_google_cloud_bigquery_ModelInfo_toString__" data-uid="com.google.cloud.bigquery.ModelInfo.toString()">toString()</h3>
  <div class="markdown level1 summary"></div>
  <div class="markdown level1 conceptual"></div>
  <h4 class="decalaration">Declaration</h4>
  <div class="codewrapper">
    <pre><code class="prettyprint">public String toString()</code></pre>
  </div>
  <h4 class="returns">Returns</h4>
  <table class="table table-bordered table-striped table-condensed">
    <thead>
      <tr>
        <th>Type</th>
        <th>Description</th>
      </tr>
    </thead>
    <tbody>
      <tr>
        <td><span class="xref">java.lang.String</span></td>
        <td></td>
      </tr>
    </tbody>
  </table>
  <h4 class="overrides">Overrides</h4>
  <div><span class="xref">java.lang.Object.toString()</span></div>
  <h2 id="implements">Implements</h2>
  <div>
      <span class="xref">java.io.Serializable</span>
  </div>
</article>
    </div>
  </body>
</html>
