<!DOCTYPE html>
<html devsite="">
  <head>
    <meta name="project_path" value="/java/_project.yaml">
    <meta name="book_path" value="/java/_book.yaml">
  </head>
  <body>
    <div>
      <h1 class="page-title">Class JobStatistics.QueryStatistics.StatementType
</h1>
      <article data-uid="com.google.cloud.bigquery.JobStatistics.QueryStatistics.StatementType">
  
  
  <div class="markdown level0 summary"><p>StatementType represents possible types of SQL statements reported as part of the QueryStatistics of a BigQuery job.</p>
</div>
  <div class="markdown level0 conceptual"></div>
  <div class="inheritance">
    <h5>Inheritance</h5>
    <div class="level0"><span class="xref">java.lang.Object</span></div>
    <div class="level1"><span class="xref">com.google.cloud.StringEnumValue</span></div>
    <div class="level2"><span class="xref">JobStatistics.QueryStatistics.StatementType</span></div>
  </div>
  <div class="inheritedMembers">
    <h5>Inherited Members</h5>
    <div>
      <span class="xref">com.google.cloud.StringEnumValue.equals(java.lang.Object)</span>
    </div>
    <div>
      <span class="xref">com.google.cloud.StringEnumValue.hashCode()</span>
    </div>
    <div>
      <span class="xref">com.google.cloud.StringEnumValue.name()</span>
    </div>
    <div>
      <span class="xref">com.google.cloud.StringEnumValue.toString()</span>
    </div>
    <div>
      <span class="xref">java.lang.Object.clone()</span>
    </div>
    <div>
      <span class="xref">java.lang.Object.finalize()</span>
    </div>
    <div>
      <span class="xref">java.lang.Object.getClass()</span>
    </div>
    <div>
      <span class="xref">java.lang.Object.notify()</span>
    </div>
    <div>
      <span class="xref">java.lang.Object.notifyAll()</span>
    </div>
    <div>
      <span class="xref">java.lang.Object.wait()</span>
    </div>
    <div>
      <span class="xref">java.lang.Object.wait(long)</span>
    </div>
    <div>
      <span class="xref">java.lang.Object.wait(long,int)</span>
    </div>
  </div>
  <h6><strong>Namespace</strong>: </h6>
  <h6><strong>Assembly</strong>: .dll</h6>
  <h5 id="com_google_cloud_bigquery_JobStatistics_QueryStatistics_StatementType_syntax">Syntax</h5>
  <div class="codewrapper">
    <pre><code class="prettyprint">public static final class JobStatistics.QueryStatistics.StatementType extends StringEnumValue</code></pre>
  </div>
  <h2 id="fields">Fields
  </h2>
  <h3 id="com_google_cloud_bigquery_JobStatistics_QueryStatistics_StatementType_ALTER_TABLE" data-uid="com.google.cloud.bigquery.JobStatistics.QueryStatistics.StatementType.ALTER_TABLE">ALTER_TABLE</h3>
  <div class="markdown level1 summary"></div>
  <div class="markdown level1 conceptual"></div>
  <h4 class="decalaration">Declaration</h4>
  <div class="codewrapper">
    <pre><code class="prettyprint">public static final JobStatistics.QueryStatistics.StatementType ALTER_TABLE</code></pre>
  </div>
  <h4 class="fieldValue">Field Value</h4>
  <table class="table table-bordered table-striped table-condensed">
    <thead>
      <tr>
        <th>Type</th>
        <th>Description</th>
      </tr>
    </thead>
    <tbody>
      <tr>
        <td></td>
        <td></td>
      </tr>
    </tbody>
  </table>
  <h3 id="com_google_cloud_bigquery_JobStatistics_QueryStatistics_StatementType_ALTER_VIEW" data-uid="com.google.cloud.bigquery.JobStatistics.QueryStatistics.StatementType.ALTER_VIEW">ALTER_VIEW</h3>
  <div class="markdown level1 summary"></div>
  <div class="markdown level1 conceptual"></div>
  <h4 class="decalaration">Declaration</h4>
  <div class="codewrapper">
    <pre><code class="prettyprint">public static final JobStatistics.QueryStatistics.StatementType ALTER_VIEW</code></pre>
  </div>
  <h4 class="fieldValue">Field Value</h4>
  <table class="table table-bordered table-striped table-condensed">
    <thead>
      <tr>
        <th>Type</th>
        <th>Description</th>
      </tr>
    </thead>
    <tbody>
      <tr>
        <td></td>
        <td></td>
      </tr>
    </tbody>
  </table>
  <h3 id="com_google_cloud_bigquery_JobStatistics_QueryStatistics_StatementType_CREATE_FUNCTION" data-uid="com.google.cloud.bigquery.JobStatistics.QueryStatistics.StatementType.CREATE_FUNCTION">CREATE_FUNCTION</h3>
  <div class="markdown level1 summary"></div>
  <div class="markdown level1 conceptual"></div>
  <h4 class="decalaration">Declaration</h4>
  <div class="codewrapper">
    <pre><code class="prettyprint">public static final JobStatistics.QueryStatistics.StatementType CREATE_FUNCTION</code></pre>
  </div>
  <h4 class="fieldValue">Field Value</h4>
  <table class="table table-bordered table-striped table-condensed">
    <thead>
      <tr>
        <th>Type</th>
        <th>Description</th>
      </tr>
    </thead>
    <tbody>
      <tr>
        <td></td>
        <td></td>
      </tr>
    </tbody>
  </table>
  <h3 id="com_google_cloud_bigquery_JobStatistics_QueryStatistics_StatementType_CREATE_MODEL" data-uid="com.google.cloud.bigquery.JobStatistics.QueryStatistics.StatementType.CREATE_MODEL">CREATE_MODEL</h3>
  <div class="markdown level1 summary"></div>
  <div class="markdown level1 conceptual"></div>
  <h4 class="decalaration">Declaration</h4>
  <div class="codewrapper">
    <pre><code class="prettyprint">public static final JobStatistics.QueryStatistics.StatementType CREATE_MODEL</code></pre>
  </div>
  <h4 class="fieldValue">Field Value</h4>
  <table class="table table-bordered table-striped table-condensed">
    <thead>
      <tr>
        <th>Type</th>
        <th>Description</th>
      </tr>
    </thead>
    <tbody>
      <tr>
        <td></td>
        <td></td>
      </tr>
    </tbody>
  </table>
  <h3 id="com_google_cloud_bigquery_JobStatistics_QueryStatistics_StatementType_CREATE_PROCEDURE" data-uid="com.google.cloud.bigquery.JobStatistics.QueryStatistics.StatementType.CREATE_PROCEDURE">CREATE_PROCEDURE</h3>
  <div class="markdown level1 summary"></div>
  <div class="markdown level1 conceptual"></div>
  <h4 class="decalaration">Declaration</h4>
  <div class="codewrapper">
    <pre><code class="prettyprint">public static final JobStatistics.QueryStatistics.StatementType CREATE_PROCEDURE</code></pre>
  </div>
  <h4 class="fieldValue">Field Value</h4>
  <table class="table table-bordered table-striped table-condensed">
    <thead>
      <tr>
        <th>Type</th>
        <th>Description</th>
      </tr>
    </thead>
    <tbody>
      <tr>
        <td></td>
        <td></td>
      </tr>
    </tbody>
  </table>
  <h3 id="com_google_cloud_bigquery_JobStatistics_QueryStatistics_StatementType_CREATE_TABLE" data-uid="com.google.cloud.bigquery.JobStatistics.QueryStatistics.StatementType.CREATE_TABLE">CREATE_TABLE</h3>
  <div class="markdown level1 summary"></div>
  <div class="markdown level1 conceptual"></div>
  <h4 class="decalaration">Declaration</h4>
  <div class="codewrapper">
    <pre><code class="prettyprint">public static final JobStatistics.QueryStatistics.StatementType CREATE_TABLE</code></pre>
  </div>
  <h4 class="fieldValue">Field Value</h4>
  <table class="table table-bordered table-striped table-condensed">
    <thead>
      <tr>
        <th>Type</th>
        <th>Description</th>
      </tr>
    </thead>
    <tbody>
      <tr>
        <td></td>
        <td></td>
      </tr>
    </tbody>
  </table>
  <h3 id="com_google_cloud_bigquery_JobStatistics_QueryStatistics_StatementType_CREATE_TABLE_AS_SELECT" data-uid="com.google.cloud.bigquery.JobStatistics.QueryStatistics.StatementType.CREATE_TABLE_AS_SELECT">CREATE_TABLE_AS_SELECT</h3>
  <div class="markdown level1 summary"></div>
  <div class="markdown level1 conceptual"></div>
  <h4 class="decalaration">Declaration</h4>
  <div class="codewrapper">
    <pre><code class="prettyprint">public static final JobStatistics.QueryStatistics.StatementType CREATE_TABLE_AS_SELECT</code></pre>
  </div>
  <h4 class="fieldValue">Field Value</h4>
  <table class="table table-bordered table-striped table-condensed">
    <thead>
      <tr>
        <th>Type</th>
        <th>Description</th>
      </tr>
    </thead>
    <tbody>
      <tr>
        <td></td>
        <td></td>
      </tr>
    </tbody>
  </table>
  <h3 id="com_google_cloud_bigquery_JobStatistics_QueryStatistics_StatementType_CREATE_VIEW" data-uid="com.google.cloud.bigquery.JobStatistics.QueryStatistics.StatementType.CREATE_VIEW">CREATE_VIEW</h3>
  <div class="markdown level1 summary"></div>
  <div class="markdown level1 conceptual"></div>
  <h4 class="decalaration">Declaration</h4>
  <div class="codewrapper">
    <pre><code class="prettyprint">public static final JobStatistics.QueryStatistics.StatementType CREATE_VIEW</code></pre>
  </div>
  <h4 class="fieldValue">Field Value</h4>
  <table class="table table-bordered table-striped table-condensed">
    <thead>
      <tr>
        <th>Type</th>
        <th>Description</th>
      </tr>
    </thead>
    <tbody>
      <tr>
        <td></td>
        <td></td>
      </tr>
    </tbody>
  </table>
  <h3 id="com_google_cloud_bigquery_JobStatistics_QueryStatistics_StatementType_DELETE" data-uid="com.google.cloud.bigquery.JobStatistics.QueryStatistics.StatementType.DELETE">DELETE</h3>
  <div class="markdown level1 summary"></div>
  <div class="markdown level1 conceptual"></div>
  <h4 class="decalaration">Declaration</h4>
  <div class="codewrapper">
    <pre><code class="prettyprint">public static final JobStatistics.QueryStatistics.StatementType DELETE</code></pre>
  </div>
  <h4 class="fieldValue">Field Value</h4>
  <table class="table table-bordered table-striped table-condensed">
    <thead>
      <tr>
        <th>Type</th>
        <th>Description</th>
      </tr>
    </thead>
    <tbody>
      <tr>
        <td></td>
        <td></td>
      </tr>
    </tbody>
  </table>
  <h3 id="com_google_cloud_bigquery_JobStatistics_QueryStatistics_StatementType_DROP_FUNCTION" data-uid="com.google.cloud.bigquery.JobStatistics.QueryStatistics.StatementType.DROP_FUNCTION">DROP_FUNCTION</h3>
  <div class="markdown level1 summary"></div>
  <div class="markdown level1 conceptual"></div>
  <h4 class="decalaration">Declaration</h4>
  <div class="codewrapper">
    <pre><code class="prettyprint">public static final JobStatistics.QueryStatistics.StatementType DROP_FUNCTION</code></pre>
  </div>
  <h4 class="fieldValue">Field Value</h4>
  <table class="table table-bordered table-striped table-condensed">
    <thead>
      <tr>
        <th>Type</th>
        <th>Description</th>
      </tr>
    </thead>
    <tbody>
      <tr>
        <td></td>
        <td></td>
      </tr>
    </tbody>
  </table>
  <h3 id="com_google_cloud_bigquery_JobStatistics_QueryStatistics_StatementType_DROP_PROCEDURE" data-uid="com.google.cloud.bigquery.JobStatistics.QueryStatistics.StatementType.DROP_PROCEDURE">DROP_PROCEDURE</h3>
  <div class="markdown level1 summary"></div>
  <div class="markdown level1 conceptual"></div>
  <h4 class="decalaration">Declaration</h4>
  <div class="codewrapper">
    <pre><code class="prettyprint">public static final JobStatistics.QueryStatistics.StatementType DROP_PROCEDURE</code></pre>
  </div>
  <h4 class="fieldValue">Field Value</h4>
  <table class="table table-bordered table-striped table-condensed">
    <thead>
      <tr>
        <th>Type</th>
        <th>Description</th>
      </tr>
    </thead>
    <tbody>
      <tr>
        <td></td>
        <td></td>
      </tr>
    </tbody>
  </table>
  <h3 id="com_google_cloud_bigquery_JobStatistics_QueryStatistics_StatementType_DROP_TABLE" data-uid="com.google.cloud.bigquery.JobStatistics.QueryStatistics.StatementType.DROP_TABLE">DROP_TABLE</h3>
  <div class="markdown level1 summary"></div>
  <div class="markdown level1 conceptual"></div>
  <h4 class="decalaration">Declaration</h4>
  <div class="codewrapper">
    <pre><code class="prettyprint">public static final JobStatistics.QueryStatistics.StatementType DROP_TABLE</code></pre>
  </div>
  <h4 class="fieldValue">Field Value</h4>
  <table class="table table-bordered table-striped table-condensed">
    <thead>
      <tr>
        <th>Type</th>
        <th>Description</th>
      </tr>
    </thead>
    <tbody>
      <tr>
        <td></td>
        <td></td>
      </tr>
    </tbody>
  </table>
  <h3 id="com_google_cloud_bigquery_JobStatistics_QueryStatistics_StatementType_DROP_VIEW" data-uid="com.google.cloud.bigquery.JobStatistics.QueryStatistics.StatementType.DROP_VIEW">DROP_VIEW</h3>
  <div class="markdown level1 summary"></div>
  <div class="markdown level1 conceptual"></div>
  <h4 class="decalaration">Declaration</h4>
  <div class="codewrapper">
    <pre><code class="prettyprint">public static final JobStatistics.QueryStatistics.StatementType DROP_VIEW</code></pre>
  </div>
  <h4 class="fieldValue">Field Value</h4>
  <table class="table table-bordered table-striped table-condensed">
    <thead>
      <tr>
        <th>Type</th>
        <th>Description</th>
      </tr>
    </thead>
    <tbody>
      <tr>
        <td></td>
        <td></td>
      </tr>
    </tbody>
  </table>
  <h3 id="com_google_cloud_bigquery_JobStatistics_QueryStatistics_StatementType_INSERT" data-uid="com.google.cloud.bigquery.JobStatistics.QueryStatistics.StatementType.INSERT">INSERT</h3>
  <div class="markdown level1 summary"></div>
  <div class="markdown level1 conceptual"></div>
  <h4 class="decalaration">Declaration</h4>
  <div class="codewrapper">
    <pre><code class="prettyprint">public static final JobStatistics.QueryStatistics.StatementType INSERT</code></pre>
  </div>
  <h4 class="fieldValue">Field Value</h4>
  <table class="table table-bordered table-striped table-condensed">
    <thead>
      <tr>
        <th>Type</th>
        <th>Description</th>
      </tr>
    </thead>
    <tbody>
      <tr>
        <td></td>
        <td></td>
      </tr>
    </tbody>
  </table>
  <h3 id="com_google_cloud_bigquery_JobStatistics_QueryStatistics_StatementType_MERGE" data-uid="com.google.cloud.bigquery.JobStatistics.QueryStatistics.StatementType.MERGE">MERGE</h3>
  <div class="markdown level1 summary"></div>
  <div class="markdown level1 conceptual"></div>
  <h4 class="decalaration">Declaration</h4>
  <div class="codewrapper">
    <pre><code class="prettyprint">public static final JobStatistics.QueryStatistics.StatementType MERGE</code></pre>
  </div>
  <h4 class="fieldValue">Field Value</h4>
  <table class="table table-bordered table-striped table-condensed">
    <thead>
      <tr>
        <th>Type</th>
        <th>Description</th>
      </tr>
    </thead>
    <tbody>
      <tr>
        <td></td>
        <td></td>
      </tr>
    </tbody>
  </table>
  <h3 id="com_google_cloud_bigquery_JobStatistics_QueryStatistics_StatementType_SELECT" data-uid="com.google.cloud.bigquery.JobStatistics.QueryStatistics.StatementType.SELECT">SELECT</h3>
  <div class="markdown level1 summary"></div>
  <div class="markdown level1 conceptual"></div>
  <h4 class="decalaration">Declaration</h4>
  <div class="codewrapper">
    <pre><code class="prettyprint">public static final JobStatistics.QueryStatistics.StatementType SELECT</code></pre>
  </div>
  <h4 class="fieldValue">Field Value</h4>
  <table class="table table-bordered table-striped table-condensed">
    <thead>
      <tr>
        <th>Type</th>
        <th>Description</th>
      </tr>
    </thead>
    <tbody>
      <tr>
        <td></td>
        <td></td>
      </tr>
    </tbody>
  </table>
  <h3 id="com_google_cloud_bigquery_JobStatistics_QueryStatistics_StatementType_UPDATE" data-uid="com.google.cloud.bigquery.JobStatistics.QueryStatistics.StatementType.UPDATE">UPDATE</h3>
  <div class="markdown level1 summary"></div>
  <div class="markdown level1 conceptual"></div>
  <h4 class="decalaration">Declaration</h4>
  <div class="codewrapper">
    <pre><code class="prettyprint">public static final JobStatistics.QueryStatistics.StatementType UPDATE</code></pre>
  </div>
  <h4 class="fieldValue">Field Value</h4>
  <table class="table table-bordered table-striped table-condensed">
    <thead>
      <tr>
        <th>Type</th>
        <th>Description</th>
      </tr>
    </thead>
    <tbody>
      <tr>
        <td></td>
        <td></td>
      </tr>
    </tbody>
  </table>
  <h2 id="methods">Methods
  </h2>
  <a id="com_google_cloud_bigquery_JobStatistics_QueryStatistics_StatementType_valueOf_" data-uid="com.google.cloud.bigquery.JobStatistics.QueryStatistics.StatementType.valueOf*"></a>
  <h3 id="com_google_cloud_bigquery_JobStatistics_QueryStatistics_StatementType_valueOf_java_lang_String_" data-uid="com.google.cloud.bigquery.JobStatistics.QueryStatistics.StatementType.valueOf(java.lang.String)">valueOf(String constant)</h3>
  <div class="markdown level1 summary"><p>Get the State for the given String constant, and allow unrecognized values.</p>
</div>
  <div class="markdown level1 conceptual"></div>
  <h4 class="decalaration">Declaration</h4>
  <div class="codewrapper">
    <pre><code class="prettyprint">public static JobStatistics.QueryStatistics.StatementType valueOf(String constant)</code></pre>
  </div>
  <h4 class="parameters">Parameters</h4>
  <table class="table table-bordered table-striped table-condensed">
    <thead>
      <tr>
        <th>Type</th>
        <th>Name</th>
        <th>Description</th>
      </tr>
    </thead>
    <tbody>
      <tr>
        <td><span class="xref">java.lang.String</span></td>
        <td><span class="parametername">constant</span></td>
        <td></td>
      </tr>
    </tbody>
  </table>
  <h4 class="returns">Returns</h4>
  <table class="table table-bordered table-striped table-condensed">
    <thead>
      <tr>
        <th>Type</th>
        <th>Description</th>
      </tr>
    </thead>
    <tbody>
      <tr>
        <td></td>
        <td></td>
      </tr>
    </tbody>
  </table>
  <a id="com_google_cloud_bigquery_JobStatistics_QueryStatistics_StatementType_valueOfStrict_" data-uid="com.google.cloud.bigquery.JobStatistics.QueryStatistics.StatementType.valueOfStrict*"></a>
  <h3 id="com_google_cloud_bigquery_JobStatistics_QueryStatistics_StatementType_valueOfStrict_java_lang_String_" data-uid="com.google.cloud.bigquery.JobStatistics.QueryStatistics.StatementType.valueOfStrict(java.lang.String)">valueOfStrict(String constant)</h3>
  <div class="markdown level1 summary"><p>Get the StatementType for the given String constant, and throw an exception if the constant is not recognized.</p>
</div>
  <div class="markdown level1 conceptual"></div>
  <h4 class="decalaration">Declaration</h4>
  <div class="codewrapper">
    <pre><code class="prettyprint">public static JobStatistics.QueryStatistics.StatementType valueOfStrict(String constant)</code></pre>
  </div>
  <h4 class="parameters">Parameters</h4>
  <table class="table table-bordered table-striped table-condensed">
    <thead>
      <tr>
        <th>Type</th>
        <th>Name</th>
        <th>Description</th>
      </tr>
    </thead>
    <tbody>
      <tr>
        <td><span class="xref">java.lang.String</span></td>
        <td><span class="parametername">constant</span></td>
        <td></td>
      </tr>
    </tbody>
  </table>
  <h4 class="returns">Returns</h4>
  <table class="table table-bordered table-striped table-condensed">
    <thead>
      <tr>
        <th>Type</th>
        <th>Description</th>
      </tr>
    </thead>
    <tbody>
      <tr>
        <td></td>
        <td></td>
      </tr>
    </tbody>
  </table>
  <a id="com_google_cloud_bigquery_JobStatistics_QueryStatistics_StatementType_values_" data-uid="com.google.cloud.bigquery.JobStatistics.QueryStatistics.StatementType.values*"></a>
  <h3 id="com_google_cloud_bigquery_JobStatistics_QueryStatistics_StatementType_values__" data-uid="com.google.cloud.bigquery.JobStatistics.QueryStatistics.StatementType.values()">values()</h3>
  <div class="markdown level1 summary"><p>Return the known values for State.</p>
</div>
  <div class="markdown level1 conceptual"></div>
  <h4 class="decalaration">Declaration</h4>
  <div class="codewrapper">
    <pre><code class="prettyprint">public static JobStatistics.QueryStatistics.StatementType[] values()</code></pre>
  </div>
  <h4 class="returns">Returns</h4>
  <table class="table table-bordered table-striped table-condensed">
    <thead>
      <tr>
        <th>Type</th>
        <th>Description</th>
      </tr>
    </thead>
    <tbody>
      <tr>
        <td><a class="xref" href="com.google.cloud.bigquery.JobStatistics.QueryStatistics.StatementType.html#com_google_cloud_bigquery_JobStatistics_QueryStatistics_StatementType">StatementType</a>[]</td>
        <td></td>
      </tr>
    </tbody>
  </table>
</article>
    </div>
  </body>
</html>
