<!DOCTYPE html>
<html devsite="">
  <head>
    <meta name="project_path" value="/java/_project.yaml">
    <meta name="book_path" value="/java/_book.yaml">
  </head>
  <body>
    <div>
      <h1 class="page-title">Class Routine.Builder
</h1>
      <article data-uid="com.google.cloud.bigquery.Routine.Builder">
  
  
  <div class="markdown level0 summary"></div>
  <div class="markdown level0 conceptual"></div>
  <div class="inheritance">
    <h5>Inheritance</h5>
    <div class="level0"><span class="xref">java.lang.Object</span></div>
    <div class="level1"><a class="xref" href="com.google.cloud.bigquery.RoutineInfo.Builder.html#com_google_cloud_bigquery_RoutineInfo_Builder">RoutineInfo.Builder</a></div>
    <div class="level2"><span class="xref">Routine.Builder</span></div>
  </div>
  <div class="inheritedMembers">
    <h5>Inherited Members</h5>
    <div>
      <a class="xref" href="com.google.cloud.bigquery.RoutineInfo.Builder.html#com_google_cloud_bigquery_RoutineInfo_Builder_build__">RoutineInfo.Builder.build()</a>
    </div>
    <div>
      <a class="xref" href="com.google.cloud.bigquery.RoutineInfo.Builder.html#com_google_cloud_bigquery_RoutineInfo_Builder_setArguments_java_util_List_com_google_cloud_bigquery_RoutineArgument__">RoutineInfo.Builder.setArguments(List&lt;RoutineArgument&gt;)</a>
    </div>
    <div>
      <a class="xref" href="com.google.cloud.bigquery.RoutineInfo.Builder.html#com_google_cloud_bigquery_RoutineInfo_Builder_setBody_java_lang_String_">RoutineInfo.Builder.setBody(String)</a>
    </div>
    <div>
      <a class="xref" href="com.google.cloud.bigquery.RoutineInfo.Builder.html#com_google_cloud_bigquery_RoutineInfo_Builder_setDeterminismLevel_java_lang_String_">RoutineInfo.Builder.setDeterminismLevel(String)</a>
    </div>
    <div>
      <a class="xref" href="com.google.cloud.bigquery.RoutineInfo.Builder.html#com_google_cloud_bigquery_RoutineInfo_Builder_setImportedLibraries_java_util_List_java_lang_String__">RoutineInfo.Builder.setImportedLibraries(List&lt;String&gt;)</a>
    </div>
    <div>
      <a class="xref" href="com.google.cloud.bigquery.RoutineInfo.Builder.html#com_google_cloud_bigquery_RoutineInfo_Builder_setLanguage_java_lang_String_">RoutineInfo.Builder.setLanguage(String)</a>
    </div>
    <div>
      <a class="xref" href="com.google.cloud.bigquery.RoutineInfo.Builder.html#com_google_cloud_bigquery_RoutineInfo_Builder_setReturnType_com_google_cloud_bigquery_StandardSQLDataType_">RoutineInfo.Builder.setReturnType(StandardSQLDataType)</a>
    </div>
    <div>
      <a class="xref" href="com.google.cloud.bigquery.RoutineInfo.Builder.html#com_google_cloud_bigquery_RoutineInfo_Builder_setRoutineType_java_lang_String_">RoutineInfo.Builder.setRoutineType(String)</a>
    </div>
    <div>
      <span class="xref">java.lang.Object.clone()</span>
    </div>
    <div>
      <span class="xref">java.lang.Object.equals(java.lang.Object)</span>
    </div>
    <div>
      <span class="xref">java.lang.Object.finalize()</span>
    </div>
    <div>
      <span class="xref">java.lang.Object.getClass()</span>
    </div>
    <div>
      <span class="xref">java.lang.Object.hashCode()</span>
    </div>
    <div>
      <span class="xref">java.lang.Object.notify()</span>
    </div>
    <div>
      <span class="xref">java.lang.Object.notifyAll()</span>
    </div>
    <div>
      <span class="xref">java.lang.Object.toString()</span>
    </div>
    <div>
      <span class="xref">java.lang.Object.wait()</span>
    </div>
    <div>
      <span class="xref">java.lang.Object.wait(long)</span>
    </div>
    <div>
      <span class="xref">java.lang.Object.wait(long,int)</span>
    </div>
  </div>
  <h6><strong>Namespace</strong>: </h6>
  <h6><strong>Assembly</strong>: .dll</h6>
  <h5 id="com_google_cloud_bigquery_Routine_Builder_syntax">Syntax</h5>
  <div class="codewrapper">
    <pre><code class="prettyprint">public static class Routine.Builder extends RoutineInfo.Builder</code></pre>
  </div>
  <h2 id="methods">Methods
  </h2>
  <a id="com_google_cloud_bigquery_Routine_Builder_build_" data-uid="com.google.cloud.bigquery.Routine.Builder.build*"></a>
  <h3 id="com_google_cloud_bigquery_Routine_Builder_build__" data-uid="com.google.cloud.bigquery.Routine.Builder.build()">build()</h3>
  <div class="markdown level1 summary"><p>Creates a <code>RoutineInfo</code> object.</p>
</div>
  <div class="markdown level1 conceptual"></div>
  <h4 class="decalaration">Declaration</h4>
  <div class="codewrapper">
    <pre><code class="prettyprint">public Routine build()</code></pre>
  </div>
  <h4 class="returns">Returns</h4>
  <table class="table table-bordered table-striped table-condensed">
    <thead>
      <tr>
        <th>Type</th>
        <th>Description</th>
      </tr>
    </thead>
    <tbody>
      <tr>
        <td><a class="xref" href="com.google.cloud.bigquery.Routine.html">Routine</a></td>
        <td></td>
      </tr>
    </tbody>
  </table>
  <h4 class="overrides">Overrides</h4>
  <div><a class="xref" href="com.google.cloud.bigquery.RoutineInfo.Builder.html#com_google_cloud_bigquery_RoutineInfo_Builder_build__">RoutineInfo.Builder.build()</a></div>
  <a id="com_google_cloud_bigquery_Routine_Builder_setArguments_" data-uid="com.google.cloud.bigquery.Routine.Builder.setArguments*"></a>
  <h3 id="com_google_cloud_bigquery_Routine_Builder_setArguments_java_util_List_com_google_cloud_bigquery_RoutineArgument__" data-uid="com.google.cloud.bigquery.Routine.Builder.setArguments(java.util.List&lt;com.google.cloud.bigquery.RoutineArgument&gt;)">setArguments(List&lt;RoutineArgument&gt; arguments)</h3>
  <div class="markdown level1 summary"><p>Specifies the list of input/output arguments for the routine.</p>
</div>
  <div class="markdown level1 conceptual"></div>
  <h4 class="decalaration">Declaration</h4>
  <div class="codewrapper">
    <pre><code class="prettyprint">public Routine.Builder setArguments(List&lt;RoutineArgument&gt; arguments)</code></pre>
  </div>
  <h4 class="parameters">Parameters</h4>
  <table class="table table-bordered table-striped table-condensed">
    <thead>
      <tr>
        <th>Type</th>
        <th>Name</th>
        <th>Description</th>
      </tr>
    </thead>
    <tbody>
      <tr>
        <td><span class="xref">java.util.List</span>&lt;<a class="xref" href="com.google.cloud.bigquery.RoutineArgument.html">RoutineArgument</a>&gt;</td>
        <td><span class="parametername">arguments</span></td>
        <td></td>
      </tr>
    </tbody>
  </table>
  <h4 class="returns">Returns</h4>
  <table class="table table-bordered table-striped table-condensed">
    <thead>
      <tr>
        <th>Type</th>
        <th>Description</th>
      </tr>
    </thead>
    <tbody>
      <tr>
        <td></td>
        <td></td>
      </tr>
    </tbody>
  </table>
  <h4 class="overrides">Overrides</h4>
  <div><a class="xref" href="com.google.cloud.bigquery.RoutineInfo.Builder.html#com_google_cloud_bigquery_RoutineInfo_Builder_setArguments_java_util_List_com_google_cloud_bigquery_RoutineArgument__">RoutineInfo.Builder.setArguments(List&lt;RoutineArgument&gt; argumentList)</a></div>
  <a id="com_google_cloud_bigquery_Routine_Builder_setBody_" data-uid="com.google.cloud.bigquery.Routine.Builder.setBody*"></a>
  <h3 id="com_google_cloud_bigquery_Routine_Builder_setBody_java_lang_String_" data-uid="com.google.cloud.bigquery.Routine.Builder.setBody(java.lang.String)">setBody(String body)</h3>
  <div class="markdown level1 summary"><p>Required. The body of the routine.</p>
<p>For functions, this is the expression in the AS clause.</p>
<p>If language=SQL, it is the substring inside (but excluding) the parentheses. For example, for the function created with the following statement:</p>
<p>CREATE FUNCTION JoinLines(x string, y string) as (concat(x, &quot;\n&quot;, y))</p>
<p>The definitionBody is concat(x, &quot;\n&quot;, y) (\n is not replaced with linebreak).</p>
<p>If language=JAVASCRIPT, it is the evaluated string in the AS clause. For example, for the function created with the following statement:</p>
<p>CREATE FUNCTION f() RETURNS STRING LANGUAGE js AS &#39;return &quot;\n&quot;;\n&#39;</p>
<p>The definitionBody is</p>
<p>return &quot;\n&quot;;\n</p>
<p>Note that both \n are replaced with linebreaks.</p>
</div>
  <div class="markdown level1 conceptual"></div>
  <h4 class="decalaration">Declaration</h4>
  <div class="codewrapper">
    <pre><code class="prettyprint">public Routine.Builder setBody(String body)</code></pre>
  </div>
  <h4 class="parameters">Parameters</h4>
  <table class="table table-bordered table-striped table-condensed">
    <thead>
      <tr>
        <th>Type</th>
        <th>Name</th>
        <th>Description</th>
      </tr>
    </thead>
    <tbody>
      <tr>
        <td><span class="xref">java.lang.String</span></td>
        <td><span class="parametername">body</span></td>
        <td></td>
      </tr>
    </tbody>
  </table>
  <h4 class="returns">Returns</h4>
  <table class="table table-bordered table-striped table-condensed">
    <thead>
      <tr>
        <th>Type</th>
        <th>Description</th>
      </tr>
    </thead>
    <tbody>
      <tr>
        <td></td>
        <td></td>
      </tr>
    </tbody>
  </table>
  <h4 class="overrides">Overrides</h4>
  <div><a class="xref" href="com.google.cloud.bigquery.RoutineInfo.Builder.html#com_google_cloud_bigquery_RoutineInfo_Builder_setBody_java_lang_String_">RoutineInfo.Builder.setBody(String body)</a></div>
  <a id="com_google_cloud_bigquery_Routine_Builder_setDescription_" data-uid="com.google.cloud.bigquery.Routine.Builder.setDescription*"></a>
  <h3 id="com_google_cloud_bigquery_Routine_Builder_setDescription_java_lang_String_" data-uid="com.google.cloud.bigquery.Routine.Builder.setDescription(java.lang.String)">setDescription(String description)</h3>
  <div class="markdown level1 summary"></div>
  <div class="markdown level1 conceptual"></div>
  <h4 class="decalaration">Declaration</h4>
  <div class="codewrapper">
    <pre><code class="prettyprint">public Routine.Builder setDescription(String description)</code></pre>
  </div>
  <h4 class="parameters">Parameters</h4>
  <table class="table table-bordered table-striped table-condensed">
    <thead>
      <tr>
        <th>Type</th>
        <th>Name</th>
        <th>Description</th>
      </tr>
    </thead>
    <tbody>
      <tr>
        <td><span class="xref">java.lang.String</span></td>
        <td><span class="parametername">description</span></td>
        <td></td>
      </tr>
    </tbody>
  </table>
  <h4 class="returns">Returns</h4>
  <table class="table table-bordered table-striped table-condensed">
    <thead>
      <tr>
        <th>Type</th>
        <th>Description</th>
      </tr>
    </thead>
    <tbody>
      <tr>
        <td></td>
        <td></td>
      </tr>
    </tbody>
  </table>
  <a id="com_google_cloud_bigquery_Routine_Builder_setDeterminismLevel_" data-uid="com.google.cloud.bigquery.Routine.Builder.setDeterminismLevel*"></a>
  <h3 id="com_google_cloud_bigquery_Routine_Builder_setDeterminismLevel_java_lang_String_" data-uid="com.google.cloud.bigquery.Routine.Builder.setDeterminismLevel(java.lang.String)">setDeterminismLevel(String determinismLevel)</h3>
  <div class="markdown level1 summary"><p>Sets the JavaScript UDF determinism levels (e.g. DETERMINISM_LEVEL_UNSPECIFIED, DETERMINISTIC, NOT_DETERMINISTIC) only applicable to Javascript UDFs.</p>
</div>
  <div class="markdown level1 conceptual"></div>
  <h4 class="decalaration">Declaration</h4>
  <div class="codewrapper">
    <pre><code class="prettyprint">public Routine.Builder setDeterminismLevel(String determinismLevel)</code></pre>
  </div>
  <h4 class="parameters">Parameters</h4>
  <table class="table table-bordered table-striped table-condensed">
    <thead>
      <tr>
        <th>Type</th>
        <th>Name</th>
        <th>Description</th>
      </tr>
    </thead>
    <tbody>
      <tr>
        <td><span class="xref">java.lang.String</span></td>
        <td><span class="parametername">determinismLevel</span></td>
        <td></td>
      </tr>
    </tbody>
  </table>
  <h4 class="returns">Returns</h4>
  <table class="table table-bordered table-striped table-condensed">
    <thead>
      <tr>
        <th>Type</th>
        <th>Description</th>
      </tr>
    </thead>
    <tbody>
      <tr>
        <td></td>
        <td></td>
      </tr>
    </tbody>
  </table>
  <h4 class="overrides">Overrides</h4>
  <div><a class="xref" href="com.google.cloud.bigquery.RoutineInfo.Builder.html#com_google_cloud_bigquery_RoutineInfo_Builder_setDeterminismLevel_java_lang_String_">RoutineInfo.Builder.setDeterminismLevel(String determinismLevel)</a></div>
  <a id="com_google_cloud_bigquery_Routine_Builder_setImportedLibraries_" data-uid="com.google.cloud.bigquery.Routine.Builder.setImportedLibraries*"></a>
  <h3 id="com_google_cloud_bigquery_Routine_Builder_setImportedLibraries_java_util_List_java_lang_String__" data-uid="com.google.cloud.bigquery.Routine.Builder.setImportedLibraries(java.util.List&lt;java.lang.String&gt;)">setImportedLibraries(List&lt;String&gt; libraries)</h3>
  <div class="markdown level1 summary"><p>Optional. If language = &quot;JAVASCRIPT&quot;, this field stores the path of the imported JAVASCRIPT libraries as a list of gs:// URLs.</p>
</div>
  <div class="markdown level1 conceptual"></div>
  <h4 class="decalaration">Declaration</h4>
  <div class="codewrapper">
    <pre><code class="prettyprint">public Routine.Builder setImportedLibraries(List&lt;String&gt; libraries)</code></pre>
  </div>
  <h4 class="parameters">Parameters</h4>
  <table class="table table-bordered table-striped table-condensed">
    <thead>
      <tr>
        <th>Type</th>
        <th>Name</th>
        <th>Description</th>
      </tr>
    </thead>
    <tbody>
      <tr>
        <td><span class="xref">java.util.List</span>&lt;<span class="xref">java.lang.String</span>&gt;</td>
        <td><span class="parametername">libraries</span></td>
        <td></td>
      </tr>
    </tbody>
  </table>
  <h4 class="returns">Returns</h4>
  <table class="table table-bordered table-striped table-condensed">
    <thead>
      <tr>
        <th>Type</th>
        <th>Description</th>
      </tr>
    </thead>
    <tbody>
      <tr>
        <td></td>
        <td></td>
      </tr>
    </tbody>
  </table>
  <h4 class="overrides">Overrides</h4>
  <div><a class="xref" href="com.google.cloud.bigquery.RoutineInfo.Builder.html#com_google_cloud_bigquery_RoutineInfo_Builder_setImportedLibraries_java_util_List_java_lang_String__">RoutineInfo.Builder.setImportedLibraries(List&lt;String&gt; importedLibrariesList)</a></div>
  <a id="com_google_cloud_bigquery_Routine_Builder_setLanguage_" data-uid="com.google.cloud.bigquery.Routine.Builder.setLanguage*"></a>
  <h3 id="com_google_cloud_bigquery_Routine_Builder_setLanguage_java_lang_String_" data-uid="com.google.cloud.bigquery.Routine.Builder.setLanguage(java.lang.String)">setLanguage(String language)</h3>
  <div class="markdown level1 summary"><p>Sets the language for the routine (e.g. SQL or JAVASCRIPT)</p>
</div>
  <div class="markdown level1 conceptual"></div>
  <h4 class="decalaration">Declaration</h4>
  <div class="codewrapper">
    <pre><code class="prettyprint">public Routine.Builder setLanguage(String language)</code></pre>
  </div>
  <h4 class="parameters">Parameters</h4>
  <table class="table table-bordered table-striped table-condensed">
    <thead>
      <tr>
        <th>Type</th>
        <th>Name</th>
        <th>Description</th>
      </tr>
    </thead>
    <tbody>
      <tr>
        <td><span class="xref">java.lang.String</span></td>
        <td><span class="parametername">language</span></td>
        <td></td>
      </tr>
    </tbody>
  </table>
  <h4 class="returns">Returns</h4>
  <table class="table table-bordered table-striped table-condensed">
    <thead>
      <tr>
        <th>Type</th>
        <th>Description</th>
      </tr>
    </thead>
    <tbody>
      <tr>
        <td></td>
        <td></td>
      </tr>
    </tbody>
  </table>
  <h4 class="overrides">Overrides</h4>
  <div><a class="xref" href="com.google.cloud.bigquery.RoutineInfo.Builder.html#com_google_cloud_bigquery_RoutineInfo_Builder_setLanguage_java_lang_String_">RoutineInfo.Builder.setLanguage(String language)</a></div>
  <a id="com_google_cloud_bigquery_Routine_Builder_setReturnType_" data-uid="com.google.cloud.bigquery.Routine.Builder.setReturnType*"></a>
  <h3 id="com_google_cloud_bigquery_Routine_Builder_setReturnType_com_google_cloud_bigquery_StandardSQLDataType_" data-uid="com.google.cloud.bigquery.Routine.Builder.setReturnType(com.google.cloud.bigquery.StandardSQLDataType)">setReturnType(StandardSQLDataType returnType)</h3>
  <div class="markdown level1 summary"><p>Sets the return type of the routine.</p>
<p>Optional if language = &quot;SQL&quot;; required otherwise.</p>
<p>If absent, the return type is inferred from definitionBody at query time in each query that references this routine. If present, then the evaluated result will be cast to the specified returned type at query time.</p>
</div>
  <div class="markdown level1 conceptual"></div>
  <h4 class="decalaration">Declaration</h4>
  <div class="codewrapper">
    <pre><code class="prettyprint">public Routine.Builder setReturnType(StandardSQLDataType returnType)</code></pre>
  </div>
  <h4 class="parameters">Parameters</h4>
  <table class="table table-bordered table-striped table-condensed">
    <thead>
      <tr>
        <th>Type</th>
        <th>Name</th>
        <th>Description</th>
      </tr>
    </thead>
    <tbody>
      <tr>
        <td><a class="xref" href="com.google.cloud.bigquery.StandardSQLDataType.html">StandardSQLDataType</a></td>
        <td><span class="parametername">returnType</span></td>
        <td></td>
      </tr>
    </tbody>
  </table>
  <h4 class="returns">Returns</h4>
  <table class="table table-bordered table-striped table-condensed">
    <thead>
      <tr>
        <th>Type</th>
        <th>Description</th>
      </tr>
    </thead>
    <tbody>
      <tr>
        <td></td>
        <td></td>
      </tr>
    </tbody>
  </table>
  <h4 class="overrides">Overrides</h4>
  <div><a class="xref" href="com.google.cloud.bigquery.RoutineInfo.Builder.html#com_google_cloud_bigquery_RoutineInfo_Builder_setReturnType_com_google_cloud_bigquery_StandardSQLDataType_">RoutineInfo.Builder.setReturnType(StandardSQLDataType returnType)</a></div>
  <a id="com_google_cloud_bigquery_Routine_Builder_setRoutineType_" data-uid="com.google.cloud.bigquery.Routine.Builder.setRoutineType*"></a>
  <h3 id="com_google_cloud_bigquery_Routine_Builder_setRoutineType_java_lang_String_" data-uid="com.google.cloud.bigquery.Routine.Builder.setRoutineType(java.lang.String)">setRoutineType(String routineType)</h3>
  <div class="markdown level1 summary"><p>Sets the routine type for the Builder (e.g. SCALAR_FUNCTION).</p>
<p>See <a href="https://cloud.google.com/bigquery/docs/reference/rest/v2/routines">https://cloud.google.com/bigquery/docs/reference/rest/v2/routines</a></p>
</div>
  <div class="markdown level1 conceptual"></div>
  <h4 class="decalaration">Declaration</h4>
  <div class="codewrapper">
    <pre><code class="prettyprint">public Routine.Builder setRoutineType(String routineType)</code></pre>
  </div>
  <h4 class="parameters">Parameters</h4>
  <table class="table table-bordered table-striped table-condensed">
    <thead>
      <tr>
        <th>Type</th>
        <th>Name</th>
        <th>Description</th>
      </tr>
    </thead>
    <tbody>
      <tr>
        <td><span class="xref">java.lang.String</span></td>
        <td><span class="parametername">routineType</span></td>
        <td></td>
      </tr>
    </tbody>
  </table>
  <h4 class="returns">Returns</h4>
  <table class="table table-bordered table-striped table-condensed">
    <thead>
      <tr>
        <th>Type</th>
        <th>Description</th>
      </tr>
    </thead>
    <tbody>
      <tr>
        <td></td>
        <td></td>
      </tr>
    </tbody>
  </table>
  <h4 class="overrides">Overrides</h4>
  <div><a class="xref" href="com.google.cloud.bigquery.RoutineInfo.Builder.html#com_google_cloud_bigquery_RoutineInfo_Builder_setRoutineType_java_lang_String_">RoutineInfo.Builder.setRoutineType(String routineType)</a></div>
</article>
    </div>
  </body>
</html>
