<!DOCTYPE html>
<html devsite="">
  <head>
    <meta name="project_path" value="/java/_project.yaml">
    <meta name="book_path" value="/java/_book.yaml">
  </head>
  <body>
    <div>
      <h1 class="page-title">Class FieldValue
</h1>
      <article data-uid="com.google.cloud.bigquery.FieldValue">
  
  
  <div class="markdown level0 summary"><p>Google BigQuery Table Field Value class. Objects of this class represent values of a BigQuery Table Field. A list of values forms a table row. Tables rows can be gotten as the result of a query or when listing table data.</p>
</div>
  <div class="markdown level0 conceptual"></div>
  <div class="inheritance">
    <h5>Inheritance</h5>
    <div class="level0"><span class="xref">java.lang.Object</span></div>
    <div class="level1"><span class="xref">FieldValue</span></div>
  </div>
  <div classs="implements">
    <h5>Implements</h5>
    <div><span class="xref">java.io.Serializable</span></div>
  </div>
  <div class="inheritedMembers">
    <h5>Inherited Members</h5>
    <div>
      <span class="xref">java.lang.Object.clone()</span>
    </div>
    <div>
      <span class="xref">java.lang.Object.equals(java.lang.Object)</span>
    </div>
    <div>
      <span class="xref">java.lang.Object.finalize()</span>
    </div>
    <div>
      <span class="xref">java.lang.Object.getClass()</span>
    </div>
    <div>
      <span class="xref">java.lang.Object.hashCode()</span>
    </div>
    <div>
      <span class="xref">java.lang.Object.notify()</span>
    </div>
    <div>
      <span class="xref">java.lang.Object.notifyAll()</span>
    </div>
    <div>
      <span class="xref">java.lang.Object.toString()</span>
    </div>
    <div>
      <span class="xref">java.lang.Object.wait()</span>
    </div>
    <div>
      <span class="xref">java.lang.Object.wait(long)</span>
    </div>
    <div>
      <span class="xref">java.lang.Object.wait(long,int)</span>
    </div>
  </div>
  <h6><strong>Namespace</strong>: </h6>
  <h6><strong>Assembly</strong>: .dll</h6>
  <h5 id="com_google_cloud_bigquery_FieldValue_syntax">Syntax</h5>
  <div class="codewrapper">
    <pre><code class="prettyprint">public class FieldValue implements Serializable</code></pre>
  </div>
  <h2 id="methods">Methods
  </h2>
  <a id="com_google_cloud_bigquery_FieldValue_equals_" data-uid="com.google.cloud.bigquery.FieldValue.equals*"></a>
  <h3 id="com_google_cloud_bigquery_FieldValue_equals_java_lang_Object_" data-uid="com.google.cloud.bigquery.FieldValue.equals(java.lang.Object)">equals(Object obj)</h3>
  <div class="markdown level1 summary"></div>
  <div class="markdown level1 conceptual"></div>
  <h4 class="decalaration">Declaration</h4>
  <div class="codewrapper">
    <pre><code class="prettyprint">public final boolean equals(Object obj)</code></pre>
  </div>
  <h4 class="parameters">Parameters</h4>
  <table class="table table-bordered table-striped table-condensed">
    <thead>
      <tr>
        <th>Type</th>
        <th>Name</th>
        <th>Description</th>
      </tr>
    </thead>
    <tbody>
      <tr>
        <td><span class="xref">java.lang.Object</span></td>
        <td><span class="parametername">obj</span></td>
        <td></td>
      </tr>
    </tbody>
  </table>
  <h4 class="returns">Returns</h4>
  <table class="table table-bordered table-striped table-condensed">
    <thead>
      <tr>
        <th>Type</th>
        <th>Description</th>
      </tr>
    </thead>
    <tbody>
      <tr>
        <td><span class="xref">boolean</span></td>
        <td></td>
      </tr>
    </tbody>
  </table>
  <h4 class="overrides">Overrides</h4>
  <div><span class="xref">java.lang.Object.equals(java.lang.Object)</span></div>
  <a id="com_google_cloud_bigquery_FieldValue_getAttribute_" data-uid="com.google.cloud.bigquery.FieldValue.getAttribute*"></a>
  <h3 id="com_google_cloud_bigquery_FieldValue_getAttribute__" data-uid="com.google.cloud.bigquery.FieldValue.getAttribute()">getAttribute()</h3>
  <div class="markdown level1 summary"><p>Returns the attribute of this Field Value.</p>
</div>
  <div class="markdown level1 conceptual"></div>
  <h4 class="decalaration">Declaration</h4>
  <div class="codewrapper">
    <pre><code class="prettyprint">public FieldValue.Attribute getAttribute()</code></pre>
  </div>
  <h4 class="returns">Returns</h4>
  <table class="table table-bordered table-striped table-condensed">
    <thead>
      <tr>
        <th>Type</th>
        <th>Description</th>
      </tr>
    </thead>
    <tbody>
      <tr>
        <td><a class="xref" href="com.google.cloud.bigquery.FieldValue.Attribute.html#com_google_cloud_bigquery_FieldValue_Attribute">FieldValue.Attribute</a></td>
        <td><p><span class="xref">Attribute#PRIMITIVE</span> if the field is a primitive type (<a class="xref" href="com.google.cloud.bigquery.LegacySQLTypeName.html#com_google_cloud_bigquery_LegacySQLTypeName_BYTES">LegacySQLTypeName#BYTES</a>, <a class="xref" href="com.google.cloud.bigquery.LegacySQLTypeName.html#com_google_cloud_bigquery_LegacySQLTypeName_BOOLEAN">LegacySQLTypeName#BOOLEAN</a>, <a class="xref" href="com.google.cloud.bigquery.LegacySQLTypeName.html#com_google_cloud_bigquery_LegacySQLTypeName_STRING">LegacySQLTypeName#STRING</a>, <a class="xref" href="com.google.cloud.bigquery.LegacySQLTypeName.html#com_google_cloud_bigquery_LegacySQLTypeName_FLOAT">LegacySQLTypeName#FLOAT</a>, <a class="xref" href="com.google.cloud.bigquery.LegacySQLTypeName.html#com_google_cloud_bigquery_LegacySQLTypeName_INTEGER">LegacySQLTypeName#INTEGER</a>, <a class="xref" href="com.google.cloud.bigquery.LegacySQLTypeName.html#com_google_cloud_bigquery_LegacySQLTypeName_NUMERIC">LegacySQLTypeName#NUMERIC</a>, <a class="xref" href="com.google.cloud.bigquery.LegacySQLTypeName.html#com_google_cloud_bigquery_LegacySQLTypeName_TIMESTAMP">LegacySQLTypeName#TIMESTAMP</a>, <a class="xref" href="com.google.cloud.bigquery.LegacySQLTypeName.html#com_google_cloud_bigquery_LegacySQLTypeName_GEOGRAPHY">LegacySQLTypeName#GEOGRAPHY</a>) or is <code>null</code>.
     <p>Returns <span class="xref">Attribute#REPEATED</span> if the corresponding field has (<a class="xref" href="com.google.cloud.bigquery.Field.Mode.html#com_google_cloud_bigquery_Field_Mode_REPEATED">Field.Mode#REPEATED</a>) mode. Returns <span class="xref">Attribute#RECORD</span> if the corresponding field is
     a <a class="xref" href="com.google.cloud.bigquery.LegacySQLTypeName.html#com_google_cloud_bigquery_LegacySQLTypeName_RECORD">LegacySQLTypeName#RECORD</a> type.</p>
</td>
      </tr>
    </tbody>
  </table>
  <a id="com_google_cloud_bigquery_FieldValue_getBooleanValue_" data-uid="com.google.cloud.bigquery.FieldValue.getBooleanValue*"></a>
  <h3 id="com_google_cloud_bigquery_FieldValue_getBooleanValue__" data-uid="com.google.cloud.bigquery.FieldValue.getBooleanValue()">getBooleanValue()</h3>
  <div class="markdown level1 summary"><p>Returns this field&#39;s value as a <span class="xref">Boolean</span>. This method should only be used if the corresponding field has <a class="xref" href="com.google.cloud.bigquery.LegacySQLTypeName.html#com_google_cloud_bigquery_LegacySQLTypeName_BOOLEAN">LegacySQLTypeName#BOOLEAN</a> type.</p>
</div>
  <div class="markdown level1 conceptual"></div>
  <h4 class="decalaration">Declaration</h4>
  <div class="codewrapper">
    <pre><code class="prettyprint">public boolean getBooleanValue()</code></pre>
  </div>
  <h4 class="returns">Returns</h4>
  <table class="table table-bordered table-striped table-condensed">
    <thead>
      <tr>
        <th>Type</th>
        <th>Description</th>
      </tr>
    </thead>
    <tbody>
      <tr>
        <td><span class="xref">boolean</span></td>
        <td></td>
      </tr>
    </tbody>
  </table>
  <a id="com_google_cloud_bigquery_FieldValue_getBytesValue_" data-uid="com.google.cloud.bigquery.FieldValue.getBytesValue*"></a>
  <h3 id="com_google_cloud_bigquery_FieldValue_getBytesValue__" data-uid="com.google.cloud.bigquery.FieldValue.getBytesValue()">getBytesValue()</h3>
  <div class="markdown level1 summary"><p>Returns this field&#39;s value as a byte array. This method should only be used if the corresponding field has primitive type (<a class="xref" href="com.google.cloud.bigquery.LegacySQLTypeName.html#com_google_cloud_bigquery_LegacySQLTypeName_BYTES">LegacySQLTypeName#BYTES</a>.</p>
</div>
  <div class="markdown level1 conceptual"></div>
  <h4 class="decalaration">Declaration</h4>
  <div class="codewrapper">
    <pre><code class="prettyprint">public byte[] getBytesValue()</code></pre>
  </div>
  <h4 class="returns">Returns</h4>
  <table class="table table-bordered table-striped table-condensed">
    <thead>
      <tr>
        <th>Type</th>
        <th>Description</th>
      </tr>
    </thead>
    <tbody>
      <tr>
        <td><span class="xref">byte</span>[]</td>
        <td></td>
      </tr>
    </tbody>
  </table>
  <a id="com_google_cloud_bigquery_FieldValue_getDoubleValue_" data-uid="com.google.cloud.bigquery.FieldValue.getDoubleValue*"></a>
  <h3 id="com_google_cloud_bigquery_FieldValue_getDoubleValue__" data-uid="com.google.cloud.bigquery.FieldValue.getDoubleValue()">getDoubleValue()</h3>
  <div class="markdown level1 summary"><p>Returns this field&#39;s value as a <span class="xref">Double</span>. This method should only be used if the corresponding field has <a class="xref" href="com.google.cloud.bigquery.LegacySQLTypeName.html#com_google_cloud_bigquery_LegacySQLTypeName_FLOAT">LegacySQLTypeName#FLOAT</a> type.</p>
</div>
  <div class="markdown level1 conceptual"></div>
  <h4 class="decalaration">Declaration</h4>
  <div class="codewrapper">
    <pre><code class="prettyprint">public double getDoubleValue()</code></pre>
  </div>
  <h4 class="returns">Returns</h4>
  <table class="table table-bordered table-striped table-condensed">
    <thead>
      <tr>
        <th>Type</th>
        <th>Description</th>
      </tr>
    </thead>
    <tbody>
      <tr>
        <td><span class="xref">double</span></td>
        <td></td>
      </tr>
    </tbody>
  </table>
  <a id="com_google_cloud_bigquery_FieldValue_getLongValue_" data-uid="com.google.cloud.bigquery.FieldValue.getLongValue*"></a>
  <h3 id="com_google_cloud_bigquery_FieldValue_getLongValue__" data-uid="com.google.cloud.bigquery.FieldValue.getLongValue()">getLongValue()</h3>
  <div class="markdown level1 summary"><p>Returns this field&#39;s value as a <code>long</code>. This method should only be used if the corresponding field has <a class="xref" href="com.google.cloud.bigquery.LegacySQLTypeName.html#com_google_cloud_bigquery_LegacySQLTypeName_INTEGER">LegacySQLTypeName#INTEGER</a> type.</p>
</div>
  <div class="markdown level1 conceptual"></div>
  <h4 class="decalaration">Declaration</h4>
  <div class="codewrapper">
    <pre><code class="prettyprint">public long getLongValue()</code></pre>
  </div>
  <h4 class="returns">Returns</h4>
  <table class="table table-bordered table-striped table-condensed">
    <thead>
      <tr>
        <th>Type</th>
        <th>Description</th>
      </tr>
    </thead>
    <tbody>
      <tr>
        <td><span class="xref">long</span></td>
        <td></td>
      </tr>
    </tbody>
  </table>
  <a id="com_google_cloud_bigquery_FieldValue_getNumericValue_" data-uid="com.google.cloud.bigquery.FieldValue.getNumericValue*"></a>
  <h3 id="com_google_cloud_bigquery_FieldValue_getNumericValue__" data-uid="com.google.cloud.bigquery.FieldValue.getNumericValue()">getNumericValue()</h3>
  <div class="markdown level1 summary"><p>Returns this field&#39;s value as a <span class="xref">java.math.BigDecimal</span>. This method should only be used if the corresponding field has <a class="xref" href="com.google.cloud.bigquery.LegacySQLTypeName.html#com_google_cloud_bigquery_LegacySQLTypeName_NUMERIC">LegacySQLTypeName#NUMERIC</a> type.</p>
</div>
  <div class="markdown level1 conceptual"></div>
  <h4 class="decalaration">Declaration</h4>
  <div class="codewrapper">
    <pre><code class="prettyprint">public BigDecimal getNumericValue()</code></pre>
  </div>
  <h4 class="returns">Returns</h4>
  <table class="table table-bordered table-striped table-condensed">
    <thead>
      <tr>
        <th>Type</th>
        <th>Description</th>
      </tr>
    </thead>
    <tbody>
      <tr>
        <td><span class="xref">java.math.BigDecimal</span></td>
        <td></td>
      </tr>
    </tbody>
  </table>
  <a id="com_google_cloud_bigquery_FieldValue_getRecordValue_" data-uid="com.google.cloud.bigquery.FieldValue.getRecordValue*"></a>
  <h3 id="com_google_cloud_bigquery_FieldValue_getRecordValue__" data-uid="com.google.cloud.bigquery.FieldValue.getRecordValue()">getRecordValue()</h3>
  <div class="markdown level1 summary"><p>Returns this field&#39;s value as a <a class="xref" href="com.google.cloud.bigquery.FieldValueList.html">FieldValueList</a> instance. This method should only be used if the corresponding field has <a class="xref" href="com.google.cloud.bigquery.LegacySQLTypeName.html#com_google_cloud_bigquery_LegacySQLTypeName_RECORD">LegacySQLTypeName#RECORD</a> type (i.e. <a class="xref" href="com.google.cloud.bigquery.FieldValue.html#com_google_cloud_bigquery_FieldValue_getAttribute__">#getAttribute()</a> is <span class="xref">Attribute#RECORD</span>).</p>
</div>
  <div class="markdown level1 conceptual"></div>
  <h4 class="decalaration">Declaration</h4>
  <div class="codewrapper">
    <pre><code class="prettyprint">public FieldValueList getRecordValue()</code></pre>
  </div>
  <h4 class="returns">Returns</h4>
  <table class="table table-bordered table-striped table-condensed">
    <thead>
      <tr>
        <th>Type</th>
        <th>Description</th>
      </tr>
    </thead>
    <tbody>
      <tr>
        <td><a class="xref" href="com.google.cloud.bigquery.FieldValueList.html">FieldValueList</a></td>
        <td></td>
      </tr>
    </tbody>
  </table>
  <a id="com_google_cloud_bigquery_FieldValue_getRepeatedValue_" data-uid="com.google.cloud.bigquery.FieldValue.getRepeatedValue*"></a>
  <h3 id="com_google_cloud_bigquery_FieldValue_getRepeatedValue__" data-uid="com.google.cloud.bigquery.FieldValue.getRepeatedValue()">getRepeatedValue()</h3>
  <div class="markdown level1 summary"><p>Returns this field&#39;s value as a list of <a class="xref" href="com.google.cloud.bigquery.FieldValue.html">FieldValue</a>. This method should only be used if the corresponding field has <a class="xref" href="com.google.cloud.bigquery.Field.Mode.html#com_google_cloud_bigquery_Field_Mode_REPEATED">Field.Mode#REPEATED</a> mode (i.e. <a class="xref" href="com.google.cloud.bigquery.FieldValue.html#com_google_cloud_bigquery_FieldValue_getAttribute__">#getAttribute()</a> is <span class="xref">Attribute#REPEATED</span>).</p>
</div>
  <div class="markdown level1 conceptual"></div>
  <h4 class="decalaration">Declaration</h4>
  <div class="codewrapper">
    <pre><code class="prettyprint">public List&lt;FieldValue&gt; getRepeatedValue()</code></pre>
  </div>
  <h4 class="returns">Returns</h4>
  <table class="table table-bordered table-striped table-condensed">
    <thead>
      <tr>
        <th>Type</th>
        <th>Description</th>
      </tr>
    </thead>
    <tbody>
      <tr>
        <td><span class="xref">java.util.List</span>&lt;<a class="xref" href="com.google.cloud.bigquery.FieldValue.html">FieldValue</a>&gt;</td>
        <td></td>
      </tr>
    </tbody>
  </table>
  <a id="com_google_cloud_bigquery_FieldValue_getStringValue_" data-uid="com.google.cloud.bigquery.FieldValue.getStringValue*"></a>
  <h3 id="com_google_cloud_bigquery_FieldValue_getStringValue__" data-uid="com.google.cloud.bigquery.FieldValue.getStringValue()">getStringValue()</h3>
  <div class="markdown level1 summary"><p>Returns this field&#39;s value as a <span class="xref">String</span>. This method should only be used if the corresponding field has primitive type (<a class="xref" href="com.google.cloud.bigquery.LegacySQLTypeName.html#com_google_cloud_bigquery_LegacySQLTypeName_BYTES">LegacySQLTypeName#BYTES</a>, <a class="xref" href="com.google.cloud.bigquery.LegacySQLTypeName.html#com_google_cloud_bigquery_LegacySQLTypeName_BOOLEAN">LegacySQLTypeName#BOOLEAN</a>, <a class="xref" href="com.google.cloud.bigquery.LegacySQLTypeName.html#com_google_cloud_bigquery_LegacySQLTypeName_STRING">LegacySQLTypeName#STRING</a>, <a class="xref" href="com.google.cloud.bigquery.LegacySQLTypeName.html#com_google_cloud_bigquery_LegacySQLTypeName_FLOAT">LegacySQLTypeName#FLOAT</a>, <a class="xref" href="com.google.cloud.bigquery.LegacySQLTypeName.html#com_google_cloud_bigquery_LegacySQLTypeName_INTEGER">LegacySQLTypeName#INTEGER</a>, <a class="xref" href="com.google.cloud.bigquery.LegacySQLTypeName.html#com_google_cloud_bigquery_LegacySQLTypeName_NUMERIC">LegacySQLTypeName#NUMERIC</a> <a class="xref" href="com.google.cloud.bigquery.LegacySQLTypeName.html#com_google_cloud_bigquery_LegacySQLTypeName_TIMESTAMP">LegacySQLTypeName#TIMESTAMP</a>).</p>
</div>
  <div class="markdown level1 conceptual"></div>
  <h4 class="decalaration">Declaration</h4>
  <div class="codewrapper">
    <pre><code class="prettyprint">public String getStringValue()</code></pre>
  </div>
  <h4 class="returns">Returns</h4>
  <table class="table table-bordered table-striped table-condensed">
    <thead>
      <tr>
        <th>Type</th>
        <th>Description</th>
      </tr>
    </thead>
    <tbody>
      <tr>
        <td><span class="xref">java.lang.String</span></td>
        <td></td>
      </tr>
    </tbody>
  </table>
  <a id="com_google_cloud_bigquery_FieldValue_getTimestampValue_" data-uid="com.google.cloud.bigquery.FieldValue.getTimestampValue*"></a>
  <h3 id="com_google_cloud_bigquery_FieldValue_getTimestampValue__" data-uid="com.google.cloud.bigquery.FieldValue.getTimestampValue()">getTimestampValue()</h3>
  <div class="markdown level1 summary"><p>Returns this field&#39;s value as a <code>long</code>, representing a timestamp in microseconds since epoch (UNIX time). This method should only be used if the corresponding field has <a class="xref" href="com.google.cloud.bigquery.LegacySQLTypeName.html#com_google_cloud_bigquery_LegacySQLTypeName_TIMESTAMP">LegacySQLTypeName#TIMESTAMP</a> type.</p>
</div>
  <div class="markdown level1 conceptual"></div>
  <h4 class="decalaration">Declaration</h4>
  <div class="codewrapper">
    <pre><code class="prettyprint">public long getTimestampValue()</code></pre>
  </div>
  <h4 class="returns">Returns</h4>
  <table class="table table-bordered table-striped table-condensed">
    <thead>
      <tr>
        <th>Type</th>
        <th>Description</th>
      </tr>
    </thead>
    <tbody>
      <tr>
        <td><span class="xref">long</span></td>
        <td></td>
      </tr>
    </tbody>
  </table>
  <a id="com_google_cloud_bigquery_FieldValue_getValue_" data-uid="com.google.cloud.bigquery.FieldValue.getValue*"></a>
  <h3 id="com_google_cloud_bigquery_FieldValue_getValue__" data-uid="com.google.cloud.bigquery.FieldValue.getValue()">getValue()</h3>
  <div class="markdown level1 summary"><p>Returns this field&#39;s value as an <span class="xref">Object</span>. If <a class="xref" href="com.google.cloud.bigquery.FieldValue.html#com_google_cloud_bigquery_FieldValue_isNull__">#isNull()</a> is <code>true</code> this method returns <code>null</code>.</p>
</div>
  <div class="markdown level1 conceptual"></div>
  <h4 class="decalaration">Declaration</h4>
  <div class="codewrapper">
    <pre><code class="prettyprint">public Object getValue()</code></pre>
  </div>
  <h4 class="returns">Returns</h4>
  <table class="table table-bordered table-striped table-condensed">
    <thead>
      <tr>
        <th>Type</th>
        <th>Description</th>
      </tr>
    </thead>
    <tbody>
      <tr>
        <td><span class="xref">java.lang.Object</span></td>
        <td></td>
      </tr>
    </tbody>
  </table>
  <a id="com_google_cloud_bigquery_FieldValue_hashCode_" data-uid="com.google.cloud.bigquery.FieldValue.hashCode*"></a>
  <h3 id="com_google_cloud_bigquery_FieldValue_hashCode__" data-uid="com.google.cloud.bigquery.FieldValue.hashCode()">hashCode()</h3>
  <div class="markdown level1 summary"></div>
  <div class="markdown level1 conceptual"></div>
  <h4 class="decalaration">Declaration</h4>
  <div class="codewrapper">
    <pre><code class="prettyprint">public final int hashCode()</code></pre>
  </div>
  <h4 class="returns">Returns</h4>
  <table class="table table-bordered table-striped table-condensed">
    <thead>
      <tr>
        <th>Type</th>
        <th>Description</th>
      </tr>
    </thead>
    <tbody>
      <tr>
        <td><span class="xref">int</span></td>
        <td></td>
      </tr>
    </tbody>
  </table>
  <h4 class="overrides">Overrides</h4>
  <div><span class="xref">java.lang.Object.hashCode()</span></div>
  <a id="com_google_cloud_bigquery_FieldValue_isNull_" data-uid="com.google.cloud.bigquery.FieldValue.isNull*"></a>
  <h3 id="com_google_cloud_bigquery_FieldValue_isNull__" data-uid="com.google.cloud.bigquery.FieldValue.isNull()">isNull()</h3>
  <div class="markdown level1 summary"><p>Returns <code>true</code> if this field&#39;s value is <code>null</code>, <code>false</code> otherwise.</p>
</div>
  <div class="markdown level1 conceptual"></div>
  <h4 class="decalaration">Declaration</h4>
  <div class="codewrapper">
    <pre><code class="prettyprint">public boolean isNull()</code></pre>
  </div>
  <h4 class="returns">Returns</h4>
  <table class="table table-bordered table-striped table-condensed">
    <thead>
      <tr>
        <th>Type</th>
        <th>Description</th>
      </tr>
    </thead>
    <tbody>
      <tr>
        <td><span class="xref">boolean</span></td>
        <td></td>
      </tr>
    </tbody>
  </table>
  <a id="com_google_cloud_bigquery_FieldValue_of_" data-uid="com.google.cloud.bigquery.FieldValue.of*"></a>
  <h3 id="com_google_cloud_bigquery_FieldValue_of_com_google_cloud_bigquery_FieldValue_Attribute_java_lang_Object_" data-uid="com.google.cloud.bigquery.FieldValue.of(com.google.cloud.bigquery.FieldValue.Attribute,java.lang.Object)">of(FieldValue.Attribute attribute, Object value)</h3>
  <div class="markdown level1 summary"><p>Creates an instance of <code>FieldValue</code>, useful for testing.</p>
<p>If the <code>attribute</code> is <span class="xref">Attribute#PRIMITIVE</span>, the <code>value</code> should be the string representation of the underlying value, eg <code>&quot;123&quot;</code> for number <code>123</code>.</p>
<p>If the <code>attribute</code> is <span class="xref">Attribute#REPEATED</span> or <span class="xref">Attribute#RECORD</span>, the <code>value</code> should be <code>List</code> of <a class="xref" href="com.google.cloud.bigquery.FieldValue.html">FieldValue</a>s or <a class="xref" href="com.google.cloud.bigquery.FieldValueList.html">FieldValueList</a>, respectively.</p>
<p>This method is unstable. See <a href="https://github.com/googleapis/google-cloud-java/pull/2891">this discussion</a> for more context.</p>
</div>
  <div class="markdown level1 conceptual"></div>
  <h4 class="decalaration">Declaration</h4>
  <div class="codewrapper">
    <pre><code class="prettyprint">public static FieldValue of(FieldValue.Attribute attribute, Object value)</code></pre>
  </div>
  <h4 class="parameters">Parameters</h4>
  <table class="table table-bordered table-striped table-condensed">
    <thead>
      <tr>
        <th>Type</th>
        <th>Name</th>
        <th>Description</th>
      </tr>
    </thead>
    <tbody>
      <tr>
        <td><a class="xref" href="com.google.cloud.bigquery.FieldValue.Attribute.html#com_google_cloud_bigquery_FieldValue_Attribute">FieldValue.Attribute</a></td>
        <td><span class="parametername">attribute</span></td>
        <td></td>
      </tr>
      <tr>
        <td><span class="xref">java.lang.Object</span></td>
        <td><span class="parametername">value</span></td>
        <td></td>
      </tr>
    </tbody>
  </table>
  <h4 class="returns">Returns</h4>
  <table class="table table-bordered table-striped table-condensed">
    <thead>
      <tr>
        <th>Type</th>
        <th>Description</th>
      </tr>
    </thead>
    <tbody>
      <tr>
        <td></td>
        <td></td>
      </tr>
    </tbody>
  </table>
  <a id="com_google_cloud_bigquery_FieldValue_toString_" data-uid="com.google.cloud.bigquery.FieldValue.toString*"></a>
  <h3 id="com_google_cloud_bigquery_FieldValue_toString__" data-uid="com.google.cloud.bigquery.FieldValue.toString()">toString()</h3>
  <div class="markdown level1 summary"></div>
  <div class="markdown level1 conceptual"></div>
  <h4 class="decalaration">Declaration</h4>
  <div class="codewrapper">
    <pre><code class="prettyprint">public String toString()</code></pre>
  </div>
  <h4 class="returns">Returns</h4>
  <table class="table table-bordered table-striped table-condensed">
    <thead>
      <tr>
        <th>Type</th>
        <th>Description</th>
      </tr>
    </thead>
    <tbody>
      <tr>
        <td><span class="xref">java.lang.String</span></td>
        <td></td>
      </tr>
    </tbody>
  </table>
  <h4 class="overrides">Overrides</h4>
  <div><span class="xref">java.lang.Object.toString()</span></div>
  <h2 id="implements">Implements</h2>
  <div>
      <span class="xref">java.io.Serializable</span>
  </div>
</article>
    </div>
  </body>
</html>
