<!DOCTYPE html>
<html devsite="">
  <head>
    <meta name="project_path" value="/java/_project.yaml">
    <meta name="book_path" value="/java/_book.yaml">
  </head>
  <body>
    <div>
      <h1 class="page-title">Class JobInfo
</h1>
      <article data-uid="com.google.cloud.bigquery.JobInfo">
  
  
  <div class="markdown level0 summary"><p>Google BigQuery Job information. Jobs are objects that manage asynchronous tasks such as running queries, loading data, and exporting data. Use <a class="xref" href="com.google.cloud.bigquery.CopyJobConfiguration.html">CopyJobConfiguration</a> for a job that copies an existing table. Use <a class="xref" href="com.google.cloud.bigquery.ExtractJobConfiguration.html">ExtractJobConfiguration</a> for a job that exports a table to Google Cloud Storage. Use <a class="xref" href="com.google.cloud.bigquery.LoadJobConfiguration.html">LoadJobConfiguration</a> for a job that loads data from Google Cloud Storage into a table. Use <a class="xref" href="com.google.cloud.bigquery.QueryJobConfiguration.html">QueryJobConfiguration</a> for a job that runs a query.</p>
</div>
  <div class="markdown level0 conceptual"></div>
  <div class="inheritance">
    <h5>Inheritance</h5>
    <div class="level0"><span class="xref">java.lang.Object</span></div>
    <div class="level1"><span class="xref">JobInfo</span></div>
  </div>
  <div classs="implements">
    <h5>Implements</h5>
    <div><span class="xref">java.io.Serializable</span></div>
  </div>
  <div class="inheritedMembers">
    <h5>Inherited Members</h5>
    <div>
      <span class="xref">java.lang.Object.clone()</span>
    </div>
    <div>
      <span class="xref">java.lang.Object.equals(java.lang.Object)</span>
    </div>
    <div>
      <span class="xref">java.lang.Object.finalize()</span>
    </div>
    <div>
      <span class="xref">java.lang.Object.getClass()</span>
    </div>
    <div>
      <span class="xref">java.lang.Object.hashCode()</span>
    </div>
    <div>
      <span class="xref">java.lang.Object.notify()</span>
    </div>
    <div>
      <span class="xref">java.lang.Object.notifyAll()</span>
    </div>
    <div>
      <span class="xref">java.lang.Object.toString()</span>
    </div>
    <div>
      <span class="xref">java.lang.Object.wait()</span>
    </div>
    <div>
      <span class="xref">java.lang.Object.wait(long)</span>
    </div>
    <div>
      <span class="xref">java.lang.Object.wait(long,int)</span>
    </div>
  </div>
  <h6><strong>Namespace</strong>: </h6>
  <h6><strong>Assembly</strong>: .dll</h6>
  <h5 id="com_google_cloud_bigquery_JobInfo_syntax">Syntax</h5>
  <div class="codewrapper">
    <pre><code class="prettyprint">public class JobInfo implements Serializable</code></pre>
  </div>
  <h2 id="methods">Methods
  </h2>
  <a id="com_google_cloud_bigquery_JobInfo_getConfiguration_" data-uid="com.google.cloud.bigquery.JobInfo.getConfiguration*"></a>
  <h3 id="com_google_cloud_bigquery_JobInfo__C_getConfiguration__" data-uid="com.google.cloud.bigquery.JobInfo.&lt;C&gt;getConfiguration()">&lt;C&gt;getConfiguration()</h3>
  <div class="markdown level1 summary"><p>Returns the job&#39;s configuration.</p>
</div>
  <div class="markdown level1 conceptual"></div>
  <h4 class="decalaration">Declaration</h4>
  <div class="codewrapper">
    <pre><code class="prettyprint">public C &lt;C&gt;getConfiguration()</code></pre>
  </div>
  <h4 class="returns">Returns</h4>
  <table class="table table-bordered table-striped table-condensed">
    <thead>
      <tr>
        <th>Type</th>
        <th>Description</th>
      </tr>
    </thead>
    <tbody>
      <tr>
        <td><span class="xref">C</span></td>
        <td></td>
      </tr>
    </tbody>
  </table>
  <a id="com_google_cloud_bigquery_JobInfo_getStatistics_" data-uid="com.google.cloud.bigquery.JobInfo.getStatistics*"></a>
  <h3 id="com_google_cloud_bigquery_JobInfo__S_getStatistics__" data-uid="com.google.cloud.bigquery.JobInfo.&lt;S&gt;getStatistics()">&lt;S&gt;getStatistics()</h3>
  <div class="markdown level1 summary"><p>Returns information about the job, including starting time and ending time of the job.</p>
</div>
  <div class="markdown level1 conceptual"></div>
  <h4 class="decalaration">Declaration</h4>
  <div class="codewrapper">
    <pre><code class="prettyprint">public S &lt;S&gt;getStatistics()</code></pre>
  </div>
  <h4 class="returns">Returns</h4>
  <table class="table table-bordered table-striped table-condensed">
    <thead>
      <tr>
        <th>Type</th>
        <th>Description</th>
      </tr>
    </thead>
    <tbody>
      <tr>
        <td><span class="xref">S</span></td>
        <td></td>
      </tr>
    </tbody>
  </table>
  <a id="com_google_cloud_bigquery_JobInfo_equals_" data-uid="com.google.cloud.bigquery.JobInfo.equals*"></a>
  <h3 id="com_google_cloud_bigquery_JobInfo_equals_java_lang_Object_" data-uid="com.google.cloud.bigquery.JobInfo.equals(java.lang.Object)">equals(Object obj)</h3>
  <div class="markdown level1 summary"></div>
  <div class="markdown level1 conceptual"></div>
  <h4 class="decalaration">Declaration</h4>
  <div class="codewrapper">
    <pre><code class="prettyprint">public boolean equals(Object obj)</code></pre>
  </div>
  <h4 class="parameters">Parameters</h4>
  <table class="table table-bordered table-striped table-condensed">
    <thead>
      <tr>
        <th>Type</th>
        <th>Name</th>
        <th>Description</th>
      </tr>
    </thead>
    <tbody>
      <tr>
        <td><span class="xref">java.lang.Object</span></td>
        <td><span class="parametername">obj</span></td>
        <td></td>
      </tr>
    </tbody>
  </table>
  <h4 class="returns">Returns</h4>
  <table class="table table-bordered table-striped table-condensed">
    <thead>
      <tr>
        <th>Type</th>
        <th>Description</th>
      </tr>
    </thead>
    <tbody>
      <tr>
        <td><span class="xref">boolean</span></td>
        <td></td>
      </tr>
    </tbody>
  </table>
  <h4 class="overrides">Overrides</h4>
  <div><span class="xref">java.lang.Object.equals(java.lang.Object)</span></div>
  <a id="com_google_cloud_bigquery_JobInfo_getEtag_" data-uid="com.google.cloud.bigquery.JobInfo.getEtag*"></a>
  <h3 id="com_google_cloud_bigquery_JobInfo_getEtag__" data-uid="com.google.cloud.bigquery.JobInfo.getEtag()">getEtag()</h3>
  <div class="markdown level1 summary"><p>Returns the hash of the job resource.</p>
</div>
  <div class="markdown level1 conceptual"></div>
  <h4 class="decalaration">Declaration</h4>
  <div class="codewrapper">
    <pre><code class="prettyprint">public String getEtag()</code></pre>
  </div>
  <h4 class="returns">Returns</h4>
  <table class="table table-bordered table-striped table-condensed">
    <thead>
      <tr>
        <th>Type</th>
        <th>Description</th>
      </tr>
    </thead>
    <tbody>
      <tr>
        <td><span class="xref">java.lang.String</span></td>
        <td></td>
      </tr>
    </tbody>
  </table>
  <a id="com_google_cloud_bigquery_JobInfo_getGeneratedId_" data-uid="com.google.cloud.bigquery.JobInfo.getGeneratedId*"></a>
  <h3 id="com_google_cloud_bigquery_JobInfo_getGeneratedId__" data-uid="com.google.cloud.bigquery.JobInfo.getGeneratedId()">getGeneratedId()</h3>
  <div class="markdown level1 summary"><p>Returns the service-generated id for the job.</p>
</div>
  <div class="markdown level1 conceptual"></div>
  <h4 class="decalaration">Declaration</h4>
  <div class="codewrapper">
    <pre><code class="prettyprint">public String getGeneratedId()</code></pre>
  </div>
  <h4 class="returns">Returns</h4>
  <table class="table table-bordered table-striped table-condensed">
    <thead>
      <tr>
        <th>Type</th>
        <th>Description</th>
      </tr>
    </thead>
    <tbody>
      <tr>
        <td><span class="xref">java.lang.String</span></td>
        <td></td>
      </tr>
    </tbody>
  </table>
  <a id="com_google_cloud_bigquery_JobInfo_getJobId_" data-uid="com.google.cloud.bigquery.JobInfo.getJobId*"></a>
  <h3 id="com_google_cloud_bigquery_JobInfo_getJobId__" data-uid="com.google.cloud.bigquery.JobInfo.getJobId()">getJobId()</h3>
  <div class="markdown level1 summary"><p>Returns the job identity.</p>
</div>
  <div class="markdown level1 conceptual"></div>
  <h4 class="decalaration">Declaration</h4>
  <div class="codewrapper">
    <pre><code class="prettyprint">public JobId getJobId()</code></pre>
  </div>
  <h4 class="returns">Returns</h4>
  <table class="table table-bordered table-striped table-condensed">
    <thead>
      <tr>
        <th>Type</th>
        <th>Description</th>
      </tr>
    </thead>
    <tbody>
      <tr>
        <td><a class="xref" href="com.google.cloud.bigquery.JobId.html">JobId</a></td>
        <td></td>
      </tr>
    </tbody>
  </table>
  <a id="com_google_cloud_bigquery_JobInfo_getSelfLink_" data-uid="com.google.cloud.bigquery.JobInfo.getSelfLink*"></a>
  <h3 id="com_google_cloud_bigquery_JobInfo_getSelfLink__" data-uid="com.google.cloud.bigquery.JobInfo.getSelfLink()">getSelfLink()</h3>
  <div class="markdown level1 summary"><p>Returns an URL that can be used to access the resource again. The returned URL can be used for GET requests.</p>
</div>
  <div class="markdown level1 conceptual"></div>
  <h4 class="decalaration">Declaration</h4>
  <div class="codewrapper">
    <pre><code class="prettyprint">public String getSelfLink()</code></pre>
  </div>
  <h4 class="returns">Returns</h4>
  <table class="table table-bordered table-striped table-condensed">
    <thead>
      <tr>
        <th>Type</th>
        <th>Description</th>
      </tr>
    </thead>
    <tbody>
      <tr>
        <td><span class="xref">java.lang.String</span></td>
        <td></td>
      </tr>
    </tbody>
  </table>
  <a id="com_google_cloud_bigquery_JobInfo_getStatus_" data-uid="com.google.cloud.bigquery.JobInfo.getStatus*"></a>
  <h3 id="com_google_cloud_bigquery_JobInfo_getStatus__" data-uid="com.google.cloud.bigquery.JobInfo.getStatus()">getStatus()</h3>
  <div class="markdown level1 summary"><p>Returns the status of this job. Examine this value when polling an asynchronous job to see if the job is complete.</p>
</div>
  <div class="markdown level1 conceptual"></div>
  <h4 class="decalaration">Declaration</h4>
  <div class="codewrapper">
    <pre><code class="prettyprint">public JobStatus getStatus()</code></pre>
  </div>
  <h4 class="returns">Returns</h4>
  <table class="table table-bordered table-striped table-condensed">
    <thead>
      <tr>
        <th>Type</th>
        <th>Description</th>
      </tr>
    </thead>
    <tbody>
      <tr>
        <td><a class="xref" href="com.google.cloud.bigquery.JobStatus.html">JobStatus</a></td>
        <td></td>
      </tr>
    </tbody>
  </table>
  <a id="com_google_cloud_bigquery_JobInfo_getUserEmail_" data-uid="com.google.cloud.bigquery.JobInfo.getUserEmail*"></a>
  <h3 id="com_google_cloud_bigquery_JobInfo_getUserEmail__" data-uid="com.google.cloud.bigquery.JobInfo.getUserEmail()">getUserEmail()</h3>
  <div class="markdown level1 summary"><p>Returns the email address of the user who ran the job.</p>
</div>
  <div class="markdown level1 conceptual"></div>
  <h4 class="decalaration">Declaration</h4>
  <div class="codewrapper">
    <pre><code class="prettyprint">public String getUserEmail()</code></pre>
  </div>
  <h4 class="returns">Returns</h4>
  <table class="table table-bordered table-striped table-condensed">
    <thead>
      <tr>
        <th>Type</th>
        <th>Description</th>
      </tr>
    </thead>
    <tbody>
      <tr>
        <td><span class="xref">java.lang.String</span></td>
        <td></td>
      </tr>
    </tbody>
  </table>
  <a id="com_google_cloud_bigquery_JobInfo_hashCode_" data-uid="com.google.cloud.bigquery.JobInfo.hashCode*"></a>
  <h3 id="com_google_cloud_bigquery_JobInfo_hashCode__" data-uid="com.google.cloud.bigquery.JobInfo.hashCode()">hashCode()</h3>
  <div class="markdown level1 summary"></div>
  <div class="markdown level1 conceptual"></div>
  <h4 class="decalaration">Declaration</h4>
  <div class="codewrapper">
    <pre><code class="prettyprint">public int hashCode()</code></pre>
  </div>
  <h4 class="returns">Returns</h4>
  <table class="table table-bordered table-striped table-condensed">
    <thead>
      <tr>
        <th>Type</th>
        <th>Description</th>
      </tr>
    </thead>
    <tbody>
      <tr>
        <td><span class="xref">int</span></td>
        <td></td>
      </tr>
    </tbody>
  </table>
  <h4 class="overrides">Overrides</h4>
  <div><span class="xref">java.lang.Object.hashCode()</span></div>
  <a id="com_google_cloud_bigquery_JobInfo_newBuilder_" data-uid="com.google.cloud.bigquery.JobInfo.newBuilder*"></a>
  <h3 id="com_google_cloud_bigquery_JobInfo_newBuilder_com_google_cloud_bigquery_JobConfiguration_" data-uid="com.google.cloud.bigquery.JobInfo.newBuilder(com.google.cloud.bigquery.JobConfiguration)">newBuilder(JobConfiguration configuration)</h3>
  <div class="markdown level1 summary"><p>Returns a builder for a <code>JobInfo</code> object given the job configuration. Use <a class="xref" href="com.google.cloud.bigquery.CopyJobConfiguration.html">CopyJobConfiguration</a> for a job that copies an existing table. Use <a class="xref" href="com.google.cloud.bigquery.ExtractJobConfiguration.html">ExtractJobConfiguration</a> for a job that exports a table to Google Cloud Storage. Use <a class="xref" href="com.google.cloud.bigquery.LoadJobConfiguration.html">LoadJobConfiguration</a> for a job that loads data from Google Cloud Storage into a table. Use <a class="xref" href="com.google.cloud.bigquery.QueryJobConfiguration.html">QueryJobConfiguration</a> for a job that runs a query.</p>
</div>
  <div class="markdown level1 conceptual"></div>
  <h4 class="decalaration">Declaration</h4>
  <div class="codewrapper">
    <pre><code class="prettyprint">public static JobInfo.Builder newBuilder(JobConfiguration configuration)</code></pre>
  </div>
  <h4 class="parameters">Parameters</h4>
  <table class="table table-bordered table-striped table-condensed">
    <thead>
      <tr>
        <th>Type</th>
        <th>Name</th>
        <th>Description</th>
      </tr>
    </thead>
    <tbody>
      <tr>
        <td><a class="xref" href="com.google.cloud.bigquery.JobConfiguration.html">JobConfiguration</a></td>
        <td><span class="parametername">configuration</span></td>
        <td></td>
      </tr>
    </tbody>
  </table>
  <h4 class="returns">Returns</h4>
  <table class="table table-bordered table-striped table-condensed">
    <thead>
      <tr>
        <th>Type</th>
        <th>Description</th>
      </tr>
    </thead>
    <tbody>
      <tr>
        <td><a class="xref" href="com.google.cloud.bigquery.JobInfo.Builder.html#com_google_cloud_bigquery_JobInfo_Builder">JobInfo.Builder</a></td>
        <td></td>
      </tr>
    </tbody>
  </table>
  <a id="com_google_cloud_bigquery_JobInfo_of_" data-uid="com.google.cloud.bigquery.JobInfo.of*"></a>
  <h3 id="com_google_cloud_bigquery_JobInfo_of_com_google_cloud_bigquery_JobConfiguration_" data-uid="com.google.cloud.bigquery.JobInfo.of(com.google.cloud.bigquery.JobConfiguration)">of(JobConfiguration configuration)</h3>
  <div class="markdown level1 summary"><p>Returns a <code>JobInfo</code> object given the job configuration. Use <a class="xref" href="com.google.cloud.bigquery.CopyJobConfiguration.html">CopyJobConfiguration</a> for a job that copies an existing table. Use <a class="xref" href="com.google.cloud.bigquery.ExtractJobConfiguration.html">ExtractJobConfiguration</a> for a job that exports a table to Google Cloud Storage. Use <a class="xref" href="com.google.cloud.bigquery.LoadJobConfiguration.html">LoadJobConfiguration</a> for a job that loads data from Google Cloud Storage into a table. Use <a class="xref" href="com.google.cloud.bigquery.QueryJobConfiguration.html">QueryJobConfiguration</a> for a job that runs a query.</p>
</div>
  <div class="markdown level1 conceptual"></div>
  <h4 class="decalaration">Declaration</h4>
  <div class="codewrapper">
    <pre><code class="prettyprint">public static JobInfo of(JobConfiguration configuration)</code></pre>
  </div>
  <h4 class="parameters">Parameters</h4>
  <table class="table table-bordered table-striped table-condensed">
    <thead>
      <tr>
        <th>Type</th>
        <th>Name</th>
        <th>Description</th>
      </tr>
    </thead>
    <tbody>
      <tr>
        <td><a class="xref" href="com.google.cloud.bigquery.JobConfiguration.html">JobConfiguration</a></td>
        <td><span class="parametername">configuration</span></td>
        <td></td>
      </tr>
    </tbody>
  </table>
  <h4 class="returns">Returns</h4>
  <table class="table table-bordered table-striped table-condensed">
    <thead>
      <tr>
        <th>Type</th>
        <th>Description</th>
      </tr>
    </thead>
    <tbody>
      <tr>
        <td></td>
        <td></td>
      </tr>
    </tbody>
  </table>
  <a id="com_google_cloud_bigquery_JobInfo_of_" data-uid="com.google.cloud.bigquery.JobInfo.of*"></a>
  <h3 id="com_google_cloud_bigquery_JobInfo_of_com_google_cloud_bigquery_JobId_com_google_cloud_bigquery_JobConfiguration_" data-uid="com.google.cloud.bigquery.JobInfo.of(com.google.cloud.bigquery.JobId,com.google.cloud.bigquery.JobConfiguration)">of(JobId jobId, JobConfiguration configuration)</h3>
  <div class="markdown level1 summary"><p>Returns a builder for a <code>JobInfo</code> object given the job identity and configuration. Use <a class="xref" href="com.google.cloud.bigquery.CopyJobConfiguration.html">CopyJobConfiguration</a> for a job that copies an existing table. Use <a class="xref" href="com.google.cloud.bigquery.ExtractJobConfiguration.html">ExtractJobConfiguration</a> for a job that exports a table to Google Cloud Storage. Use <a class="xref" href="com.google.cloud.bigquery.LoadJobConfiguration.html">LoadJobConfiguration</a> for a job that loads data from Google Cloud Storage into a table. Use <a class="xref" href="com.google.cloud.bigquery.QueryJobConfiguration.html">QueryJobConfiguration</a> for a job that runs a query.</p>
</div>
  <div class="markdown level1 conceptual"></div>
  <h4 class="decalaration">Declaration</h4>
  <div class="codewrapper">
    <pre><code class="prettyprint">public static JobInfo of(JobId jobId, JobConfiguration configuration)</code></pre>
  </div>
  <h4 class="parameters">Parameters</h4>
  <table class="table table-bordered table-striped table-condensed">
    <thead>
      <tr>
        <th>Type</th>
        <th>Name</th>
        <th>Description</th>
      </tr>
    </thead>
    <tbody>
      <tr>
        <td><a class="xref" href="com.google.cloud.bigquery.JobId.html">JobId</a></td>
        <td><span class="parametername">jobId</span></td>
        <td></td>
      </tr>
      <tr>
        <td><a class="xref" href="com.google.cloud.bigquery.JobConfiguration.html">JobConfiguration</a></td>
        <td><span class="parametername">configuration</span></td>
        <td></td>
      </tr>
    </tbody>
  </table>
  <h4 class="returns">Returns</h4>
  <table class="table table-bordered table-striped table-condensed">
    <thead>
      <tr>
        <th>Type</th>
        <th>Description</th>
      </tr>
    </thead>
    <tbody>
      <tr>
        <td></td>
        <td></td>
      </tr>
    </tbody>
  </table>
  <a id="com_google_cloud_bigquery_JobInfo_toBuilder_" data-uid="com.google.cloud.bigquery.JobInfo.toBuilder*"></a>
  <h3 id="com_google_cloud_bigquery_JobInfo_toBuilder__" data-uid="com.google.cloud.bigquery.JobInfo.toBuilder()">toBuilder()</h3>
  <div class="markdown level1 summary"><p>Returns a builder for the job object.</p>
</div>
  <div class="markdown level1 conceptual"></div>
  <h4 class="decalaration">Declaration</h4>
  <div class="codewrapper">
    <pre><code class="prettyprint">public JobInfo.Builder toBuilder()</code></pre>
  </div>
  <h4 class="returns">Returns</h4>
  <table class="table table-bordered table-striped table-condensed">
    <thead>
      <tr>
        <th>Type</th>
        <th>Description</th>
      </tr>
    </thead>
    <tbody>
      <tr>
        <td><a class="xref" href="com.google.cloud.bigquery.JobInfo.Builder.html#com_google_cloud_bigquery_JobInfo_Builder">JobInfo.Builder</a></td>
        <td></td>
      </tr>
    </tbody>
  </table>
  <a id="com_google_cloud_bigquery_JobInfo_toString_" data-uid="com.google.cloud.bigquery.JobInfo.toString*"></a>
  <h3 id="com_google_cloud_bigquery_JobInfo_toString__" data-uid="com.google.cloud.bigquery.JobInfo.toString()">toString()</h3>
  <div class="markdown level1 summary"></div>
  <div class="markdown level1 conceptual"></div>
  <h4 class="decalaration">Declaration</h4>
  <div class="codewrapper">
    <pre><code class="prettyprint">public String toString()</code></pre>
  </div>
  <h4 class="returns">Returns</h4>
  <table class="table table-bordered table-striped table-condensed">
    <thead>
      <tr>
        <th>Type</th>
        <th>Description</th>
      </tr>
    </thead>
    <tbody>
      <tr>
        <td><span class="xref">java.lang.String</span></td>
        <td></td>
      </tr>
    </tbody>
  </table>
  <h4 class="overrides">Overrides</h4>
  <div><span class="xref">java.lang.Object.toString()</span></div>
  <h2 id="implements">Implements</h2>
  <div>
      <span class="xref">java.io.Serializable</span>
  </div>
</article>
    </div>
  </body>
</html>
