<!DOCTYPE html>
<html devsite="">
  <head>
    <meta name="project_path" value="/java/_project.yaml">
    <meta name="book_path" value="/java/_book.yaml">
  </head>
  <body>
    <div>
      <h1 class="page-title">Class BigQueryException
</h1>
      <article data-uid="com.google.cloud.bigquery.BigQueryException">
  
  
  <div class="markdown level0 summary"><p>BigQuery service exception.</p>
</div>
  <div class="markdown level0 conceptual"></div>
  <div class="inheritance">
    <h5>Inheritance</h5>
    <div class="level0"><span class="xref">java.lang.Object</span></div>
    <div class="level1"><span class="xref">java.lang.Throwable</span></div>
    <div class="level2"><span class="xref">java.lang.Exception</span></div>
    <div class="level3"><span class="xref">java.lang.RuntimeException</span></div>
    <div class="level4"><span class="xref">com.google.cloud.BaseServiceException</span></div>
    <div class="level5"><span class="xref">com.google.cloud.http.BaseHttpServiceException</span></div>
    <div class="level6"><span class="xref">BigQueryException</span></div>
  </div>
  <div class="inheritedMembers">
    <h5>Inherited Members</h5>
    <div>
      <span class="xref">com.google.cloud.BaseServiceException.equals(java.lang.Object)</span>
    </div>
    <div>
      <span class="xref">com.google.cloud.BaseServiceException.getCode()</span>
    </div>
    <div>
      <span class="xref">com.google.cloud.BaseServiceException.getDebugInfo()</span>
    </div>
    <div>
      <span class="xref">com.google.cloud.BaseServiceException.getLocation()</span>
    </div>
    <div>
      <span class="xref">com.google.cloud.BaseServiceException.getReason()</span>
    </div>
    <div>
      <span class="xref">com.google.cloud.BaseServiceException.hashCode()</span>
    </div>
    <div>
      <span class="xref">com.google.cloud.BaseServiceException.isRetryable()</span>
    </div>
    <div>
      <span class="xref">com.google.cloud.BaseServiceException.isRetryable(boolean,java.io.IOException)</span>
    </div>
    <div>
      <span class="xref">com.google.cloud.BaseServiceException.isRetryable(java.lang.Integer,java.lang.String,boolean,java.util.Set&lt;com.google.cloud.BaseServiceException.Error&gt;)</span>
    </div>
    <div>
      <span class="xref">com.google.cloud.BaseServiceException.translate(com.google.cloud.RetryHelper.RetryHelperException)</span>
    </div>
    <div>
      <span class="xref">com.google.cloud.BaseServiceException.translate(java.util.concurrent.ExecutionException)</span>
    </div>
    <div>
      <span class="xref">java.lang.Object.clone()</span>
    </div>
    <div>
      <span class="xref">java.lang.Object.finalize()</span>
    </div>
    <div>
      <span class="xref">java.lang.Object.getClass()</span>
    </div>
    <div>
      <span class="xref">java.lang.Object.notify()</span>
    </div>
    <div>
      <span class="xref">java.lang.Object.notifyAll()</span>
    </div>
    <div>
      <span class="xref">java.lang.Object.wait()</span>
    </div>
    <div>
      <span class="xref">java.lang.Object.wait(long)</span>
    </div>
    <div>
      <span class="xref">java.lang.Object.wait(long,int)</span>
    </div>
    <div>
      <span class="xref">java.lang.Throwable.addSuppressed(java.lang.Throwable)</span>
    </div>
    <div>
      <span class="xref">java.lang.Throwable.fillInStackTrace()</span>
    </div>
    <div>
      <span class="xref">java.lang.Throwable.getCause()</span>
    </div>
    <div>
      <span class="xref">java.lang.Throwable.getLocalizedMessage()</span>
    </div>
    <div>
      <span class="xref">java.lang.Throwable.getMessage()</span>
    </div>
    <div>
      <span class="xref">java.lang.Throwable.getStackTrace()</span>
    </div>
    <div>
      <span class="xref">java.lang.Throwable.getSuppressed()</span>
    </div>
    <div>
      <span class="xref">java.lang.Throwable.initCause(java.lang.Throwable)</span>
    </div>
    <div>
      <span class="xref">java.lang.Throwable.printStackTrace()</span>
    </div>
    <div>
      <span class="xref">java.lang.Throwable.printStackTrace(java.io.PrintStream)</span>
    </div>
    <div>
      <span class="xref">java.lang.Throwable.printStackTrace(java.io.PrintWriter)</span>
    </div>
    <div>
      <span class="xref">java.lang.Throwable.setStackTrace(java.lang.StackTraceElement[])</span>
    </div>
    <div>
      <span class="xref">java.lang.Throwable.toString()</span>
    </div>
  </div>
  <h6><strong>Namespace</strong>: </h6>
  <h6><strong>Assembly</strong>: .dll</h6>
  <h5 id="com_google_cloud_bigquery_BigQueryException_syntax">Syntax</h5>
  <div class="codewrapper">
    <pre><code class="prettyprint">public final class BigQueryException extends BaseHttpServiceException</code></pre>
  </div>
  <h2 id="constructors">Constructors
  </h2>
  <a id="com_google_cloud_bigquery_BigQueryException_BigQueryException_" data-uid="com.google.cloud.bigquery.BigQueryException.BigQueryException*"></a>
  <h3 id="com_google_cloud_bigquery_BigQueryException_BigQueryException_int_java_lang_String_" data-uid="com.google.cloud.bigquery.BigQueryException.BigQueryException(int,java.lang.String)">BigQueryException(int code, String message)</h3>
  <div class="markdown level1 summary"></div>
  <div class="markdown level1 conceptual"></div>
  <h4 class="decalaration">Declaration</h4>
  <div class="codewrapper">
    <pre><code class="prettyprint">public BigQueryException(int code, String message)</code></pre>
  </div>
  <h4 class="parameters">Parameters</h4>
  <table class="table table-bordered table-striped table-condensed">
    <thead>
      <tr>
        <th>Type</th>
        <th>Name</th>
        <th>Description</th>
      </tr>
    </thead>
    <tbody>
      <tr>
        <td><span class="xref">int</span></td>
        <td><span class="parametername">code</span></td>
        <td></td>
      </tr>
      <tr>
        <td><span class="xref">java.lang.String</span></td>
        <td><span class="parametername">message</span></td>
        <td></td>
      </tr>
    </tbody>
  </table>
  <a id="com_google_cloud_bigquery_BigQueryException_BigQueryException_" data-uid="com.google.cloud.bigquery.BigQueryException.BigQueryException*"></a>
  <h3 id="com_google_cloud_bigquery_BigQueryException_BigQueryException_int_java_lang_String_com_google_cloud_bigquery_BigQueryError_" data-uid="com.google.cloud.bigquery.BigQueryException.BigQueryException(int,java.lang.String,com.google.cloud.bigquery.BigQueryError)">BigQueryException(int code, String message, BigQueryError error)</h3>
  <div class="markdown level1 summary"></div>
  <div class="markdown level1 conceptual"></div>
  <h4 class="decalaration">Declaration</h4>
  <div class="codewrapper">
    <pre><code class="prettyprint">public BigQueryException(int code, String message, BigQueryError error)</code></pre>
  </div>
  <h4 class="parameters">Parameters</h4>
  <table class="table table-bordered table-striped table-condensed">
    <thead>
      <tr>
        <th>Type</th>
        <th>Name</th>
        <th>Description</th>
      </tr>
    </thead>
    <tbody>
      <tr>
        <td><span class="xref">int</span></td>
        <td><span class="parametername">code</span></td>
        <td></td>
      </tr>
      <tr>
        <td><span class="xref">java.lang.String</span></td>
        <td><span class="parametername">message</span></td>
        <td></td>
      </tr>
      <tr>
        <td><a class="xref" href="com.google.cloud.bigquery.BigQueryError.html">BigQueryError</a></td>
        <td><span class="parametername">error</span></td>
        <td></td>
      </tr>
    </tbody>
  </table>
  <a id="com_google_cloud_bigquery_BigQueryException_BigQueryException_" data-uid="com.google.cloud.bigquery.BigQueryException.BigQueryException*"></a>
  <h3 id="com_google_cloud_bigquery_BigQueryException_BigQueryException_int_java_lang_String_java_lang_Throwable_" data-uid="com.google.cloud.bigquery.BigQueryException.BigQueryException(int,java.lang.String,java.lang.Throwable)">BigQueryException(int code, String message, Throwable cause)</h3>
  <div class="markdown level1 summary"></div>
  <div class="markdown level1 conceptual"></div>
  <h4 class="decalaration">Declaration</h4>
  <div class="codewrapper">
    <pre><code class="prettyprint">public BigQueryException(int code, String message, Throwable cause)</code></pre>
  </div>
  <h4 class="parameters">Parameters</h4>
  <table class="table table-bordered table-striped table-condensed">
    <thead>
      <tr>
        <th>Type</th>
        <th>Name</th>
        <th>Description</th>
      </tr>
    </thead>
    <tbody>
      <tr>
        <td><span class="xref">int</span></td>
        <td><span class="parametername">code</span></td>
        <td></td>
      </tr>
      <tr>
        <td><span class="xref">java.lang.String</span></td>
        <td><span class="parametername">message</span></td>
        <td></td>
      </tr>
      <tr>
        <td><span class="xref">java.lang.Throwable</span></td>
        <td><span class="parametername">cause</span></td>
        <td></td>
      </tr>
    </tbody>
  </table>
  <a id="com_google_cloud_bigquery_BigQueryException_BigQueryException_" data-uid="com.google.cloud.bigquery.BigQueryException.BigQueryException*"></a>
  <h3 id="com_google_cloud_bigquery_BigQueryException_BigQueryException_java_io_IOException_" data-uid="com.google.cloud.bigquery.BigQueryException.BigQueryException(java.io.IOException)">BigQueryException(IOException exception)</h3>
  <div class="markdown level1 summary"></div>
  <div class="markdown level1 conceptual"></div>
  <h4 class="decalaration">Declaration</h4>
  <div class="codewrapper">
    <pre><code class="prettyprint">public BigQueryException(IOException exception)</code></pre>
  </div>
  <h4 class="parameters">Parameters</h4>
  <table class="table table-bordered table-striped table-condensed">
    <thead>
      <tr>
        <th>Type</th>
        <th>Name</th>
        <th>Description</th>
      </tr>
    </thead>
    <tbody>
      <tr>
        <td><span class="xref">java.io.IOException</span></td>
        <td><span class="parametername">exception</span></td>
        <td></td>
      </tr>
    </tbody>
  </table>
  <a id="com_google_cloud_bigquery_BigQueryException_BigQueryException_" data-uid="com.google.cloud.bigquery.BigQueryException.BigQueryException*"></a>
  <h3 id="com_google_cloud_bigquery_BigQueryException_BigQueryException_java_util_List_com_google_cloud_bigquery_BigQueryError__" data-uid="com.google.cloud.bigquery.BigQueryException.BigQueryException(java.util.List&lt;com.google.cloud.bigquery.BigQueryError&gt;)">BigQueryException(List&lt;BigQueryError&gt; errors)</h3>
  <div class="markdown level1 summary"></div>
  <div class="markdown level1 conceptual"></div>
  <h4 class="decalaration">Declaration</h4>
  <div class="codewrapper">
    <pre><code class="prettyprint">public BigQueryException(List&lt;BigQueryError&gt; errors)</code></pre>
  </div>
  <h4 class="parameters">Parameters</h4>
  <table class="table table-bordered table-striped table-condensed">
    <thead>
      <tr>
        <th>Type</th>
        <th>Name</th>
        <th>Description</th>
      </tr>
    </thead>
    <tbody>
      <tr>
        <td><span class="xref">java.util.List</span>&lt;<a class="xref" href="com.google.cloud.bigquery.BigQueryError.html">BigQueryError</a>&gt;</td>
        <td><span class="parametername">errors</span></td>
        <td></td>
      </tr>
    </tbody>
  </table>
  <h2 id="methods">Methods
  </h2>
  <a id="com_google_cloud_bigquery_BigQueryException_equals_" data-uid="com.google.cloud.bigquery.BigQueryException.equals*"></a>
  <h3 id="com_google_cloud_bigquery_BigQueryException_equals_java_lang_Object_" data-uid="com.google.cloud.bigquery.BigQueryException.equals(java.lang.Object)">equals(Object obj)</h3>
  <div class="markdown level1 summary"></div>
  <div class="markdown level1 conceptual"></div>
  <h4 class="decalaration">Declaration</h4>
  <div class="codewrapper">
    <pre><code class="prettyprint">public boolean equals(Object obj)</code></pre>
  </div>
  <h4 class="parameters">Parameters</h4>
  <table class="table table-bordered table-striped table-condensed">
    <thead>
      <tr>
        <th>Type</th>
        <th>Name</th>
        <th>Description</th>
      </tr>
    </thead>
    <tbody>
      <tr>
        <td><span class="xref">java.lang.Object</span></td>
        <td><span class="parametername">obj</span></td>
        <td></td>
      </tr>
    </tbody>
  </table>
  <h4 class="returns">Returns</h4>
  <table class="table table-bordered table-striped table-condensed">
    <thead>
      <tr>
        <th>Type</th>
        <th>Description</th>
      </tr>
    </thead>
    <tbody>
      <tr>
        <td><span class="xref">boolean</span></td>
        <td></td>
      </tr>
    </tbody>
  </table>
  <h4 class="overrides">Overrides</h4>
  <div><span class="xref">com.google.cloud.BaseServiceException.equals(java.lang.Object)</span></div>
  <a id="com_google_cloud_bigquery_BigQueryException_getError_" data-uid="com.google.cloud.bigquery.BigQueryException.getError*"></a>
  <h3 id="com_google_cloud_bigquery_BigQueryException_getError__" data-uid="com.google.cloud.bigquery.BigQueryException.getError()">getError()</h3>
  <div class="markdown level1 summary"><p>Returns the <a class="xref" href="com.google.cloud.bigquery.BigQueryError.html">BigQueryError</a> that caused this exception. Returns <code>null</code> if none exists.</p>
</div>
  <div class="markdown level1 conceptual"></div>
  <h4 class="decalaration">Declaration</h4>
  <div class="codewrapper">
    <pre><code class="prettyprint">public BigQueryError getError()</code></pre>
  </div>
  <h4 class="returns">Returns</h4>
  <table class="table table-bordered table-striped table-condensed">
    <thead>
      <tr>
        <th>Type</th>
        <th>Description</th>
      </tr>
    </thead>
    <tbody>
      <tr>
        <td><a class="xref" href="com.google.cloud.bigquery.BigQueryError.html">BigQueryError</a></td>
        <td></td>
      </tr>
    </tbody>
  </table>
  <a id="com_google_cloud_bigquery_BigQueryException_getErrors_" data-uid="com.google.cloud.bigquery.BigQueryException.getErrors*"></a>
  <h3 id="com_google_cloud_bigquery_BigQueryException_getErrors__" data-uid="com.google.cloud.bigquery.BigQueryException.getErrors()">getErrors()</h3>
  <div class="markdown level1 summary"><p>Returns a list of <a class="xref" href="com.google.cloud.bigquery.BigQueryError.html">BigQueryError</a>s that caused this exception. Returns <code>null</code> if none exists.</p>
</div>
  <div class="markdown level1 conceptual"></div>
  <h4 class="decalaration">Declaration</h4>
  <div class="codewrapper">
    <pre><code class="prettyprint">public List&lt;BigQueryError&gt; getErrors()</code></pre>
  </div>
  <h4 class="returns">Returns</h4>
  <table class="table table-bordered table-striped table-condensed">
    <thead>
      <tr>
        <th>Type</th>
        <th>Description</th>
      </tr>
    </thead>
    <tbody>
      <tr>
        <td><span class="xref">java.util.List</span>&lt;<a class="xref" href="com.google.cloud.bigquery.BigQueryError.html">BigQueryError</a>&gt;</td>
        <td></td>
      </tr>
    </tbody>
  </table>
  <a id="com_google_cloud_bigquery_BigQueryException_hashCode_" data-uid="com.google.cloud.bigquery.BigQueryException.hashCode*"></a>
  <h3 id="com_google_cloud_bigquery_BigQueryException_hashCode__" data-uid="com.google.cloud.bigquery.BigQueryException.hashCode()">hashCode()</h3>
  <div class="markdown level1 summary"></div>
  <div class="markdown level1 conceptual"></div>
  <h4 class="decalaration">Declaration</h4>
  <div class="codewrapper">
    <pre><code class="prettyprint">public int hashCode()</code></pre>
  </div>
  <h4 class="returns">Returns</h4>
  <table class="table table-bordered table-striped table-condensed">
    <thead>
      <tr>
        <th>Type</th>
        <th>Description</th>
      </tr>
    </thead>
    <tbody>
      <tr>
        <td><span class="xref">int</span></td>
        <td></td>
      </tr>
    </tbody>
  </table>
  <h4 class="overrides">Overrides</h4>
  <div><span class="xref">com.google.cloud.BaseServiceException.hashCode()</span></div>
</article>
    </div>
  </body>
</html>
