<!DOCTYPE html>
<html devsite="">
  <head>
    <meta name="project_path" value="/java/_project.yaml">
    <meta name="book_path" value="/java/_book.yaml">
  </head>
  <body>
    <div>
      <h1 class="page-title">Enum BigQuery.DatasetField
</h1>
      <article data-uid="com.google.cloud.bigquery.BigQuery.DatasetField">
  
  
  <div class="markdown level0 summary"><p>Fields of a BigQuery Dataset resource.</p>
</div>
  <div class="markdown level0 conceptual"></div>
  <div classs="implements">
    <h5>Implements</h5>
    <div><span class="xref">com.google.cloud.FieldSelector</span></div>
  </div>
  <div class="inheritedMembers">
    <h5>Inherited Members</h5>
    <div>
      <span class="xref">java.lang.Enum.&lt;T&gt;valueOf(java.lang.Class&lt;T&gt;,java.lang.String)</span>
    </div>
    <div>
      <span class="xref">java.lang.Enum.clone()</span>
    </div>
    <div>
      <span class="xref">java.lang.Enum.compareTo(E)</span>
    </div>
    <div>
      <span class="xref">java.lang.Enum.equals(java.lang.Object)</span>
    </div>
    <div>
      <span class="xref">java.lang.Enum.finalize()</span>
    </div>
    <div>
      <span class="xref">java.lang.Enum.getDeclaringClass()</span>
    </div>
    <div>
      <span class="xref">java.lang.Enum.hashCode()</span>
    </div>
    <div>
      <span class="xref">java.lang.Enum.name()</span>
    </div>
    <div>
      <span class="xref">java.lang.Enum.ordinal()</span>
    </div>
    <div>
      <span class="xref">java.lang.Enum.toString()</span>
    </div>
    <div>
      <span class="xref">java.lang.Object.getClass()</span>
    </div>
    <div>
      <span class="xref">java.lang.Object.notify()</span>
    </div>
    <div>
      <span class="xref">java.lang.Object.notifyAll()</span>
    </div>
    <div>
      <span class="xref">java.lang.Object.wait()</span>
    </div>
    <div>
      <span class="xref">java.lang.Object.wait(long)</span>
    </div>
    <div>
      <span class="xref">java.lang.Object.wait(long,int)</span>
    </div>
  </div>
  <h6><strong>Namespace</strong>: </h6>
  <h6><strong>Assembly</strong>: .dll</h6>
  <h5 id="com_google_cloud_bigquery_BigQuery_DatasetField_syntax">Syntax</h5>
  <div class="codewrapper">
    <pre><code class="prettyprint">public enum BigQuery.DatasetField extends Enum&lt;BigQuery.DatasetField&gt; implements FieldSelector</code></pre>
  </div>
  <h3 id="fields">Fields
  </h3>
  <table class="table table-bordered table-striped table-condensed">
    <thead>
      <tr>
        <th>Name</th>
        <th>Description</th>
      </tr>
    <thead>
    <tbody>
      <tr>
        <td id="com_google_cloud_bigquery_BigQuery_DatasetField_ACCESS">ACCESS</td>
        <td></td>
      </tr>
      <tr>
        <td id="com_google_cloud_bigquery_BigQuery_DatasetField_CREATION_TIME">CREATION_TIME</td>
        <td></td>
      </tr>
      <tr>
        <td id="com_google_cloud_bigquery_BigQuery_DatasetField_DATASET_REFERENCE">DATASET_REFERENCE</td>
        <td></td>
      </tr>
      <tr>
        <td id="com_google_cloud_bigquery_BigQuery_DatasetField_DEFAULT_TABLE_EXPIRATION_MS">DEFAULT_TABLE_EXPIRATION_MS</td>
        <td></td>
      </tr>
      <tr>
        <td id="com_google_cloud_bigquery_BigQuery_DatasetField_DESCRIPTION">DESCRIPTION</td>
        <td></td>
      </tr>
      <tr>
        <td id="com_google_cloud_bigquery_BigQuery_DatasetField_ETAG">ETAG</td>
        <td></td>
      </tr>
      <tr>
        <td id="com_google_cloud_bigquery_BigQuery_DatasetField_FRIENDLY_NAME">FRIENDLY_NAME</td>
        <td></td>
      </tr>
      <tr>
        <td id="com_google_cloud_bigquery_BigQuery_DatasetField_ID">ID</td>
        <td></td>
      </tr>
      <tr>
        <td id="com_google_cloud_bigquery_BigQuery_DatasetField_LABELS">LABELS</td>
        <td></td>
      </tr>
      <tr>
        <td id="com_google_cloud_bigquery_BigQuery_DatasetField_LAST_MODIFIED_TIME">LAST_MODIFIED_TIME</td>
        <td></td>
      </tr>
      <tr>
        <td id="com_google_cloud_bigquery_BigQuery_DatasetField_LOCATION">LOCATION</td>
        <td></td>
      </tr>
      <tr>
        <td id="com_google_cloud_bigquery_BigQuery_DatasetField_SELF_LINK">SELF_LINK</td>
        <td></td>
      </tr>
    </tbody>
  </thead></thead></table>
  <h3 id="methods">Methods
  </h3>
  <table class="table table-bordered table-striped table-condensed">
    <thead>
      <tr>
        <th>Name</th>
        <th>Description</th>
      </tr>
    <thead>
    <tbody>
      <tr>
        <td id="com_google_cloud_bigquery_BigQuery_DatasetField_getSelector__">getSelector()</td>
        <td></td>
      </tr>
      <tr>
        <td id="com_google_cloud_bigquery_BigQuery_DatasetField_valueOf_java_lang_String_">valueOf(String name)</td>
        <td></td>
      </tr>
      <tr>
        <td id="com_google_cloud_bigquery_BigQuery_DatasetField_values__">values()</td>
        <td></td>
      </tr>
    </tbody>
  </thead></thead></table>
</article>
    </div>
  </body>
</html>
