<!DOCTYPE html>
<html devsite="">
  <head>
    <meta name="project_path" value="/java/_project.yaml">
    <meta name="book_path" value="/java/_book.yaml">
  </head>
  <body>
    <div>
      <h1 class="page-title">Class TimePartitioning.Builder
</h1>
      <article data-uid="com.google.cloud.bigquery.TimePartitioning.Builder">
  
  
  <div class="markdown level0 summary"></div>
  <div class="markdown level0 conceptual"></div>
  <div class="inheritance">
    <h5>Inheritance</h5>
    <div class="level0"><span class="xref">java.lang.Object</span></div>
    <div class="level1"><span class="xref">TimePartitioning.Builder</span></div>
  </div>
  <div class="inheritedMembers">
    <h5>Inherited Members</h5>
    <div>
      <span class="xref">java.lang.Object.clone()</span>
    </div>
    <div>
      <span class="xref">java.lang.Object.equals(java.lang.Object)</span>
    </div>
    <div>
      <span class="xref">java.lang.Object.finalize()</span>
    </div>
    <div>
      <span class="xref">java.lang.Object.getClass()</span>
    </div>
    <div>
      <span class="xref">java.lang.Object.hashCode()</span>
    </div>
    <div>
      <span class="xref">java.lang.Object.notify()</span>
    </div>
    <div>
      <span class="xref">java.lang.Object.notifyAll()</span>
    </div>
    <div>
      <span class="xref">java.lang.Object.toString()</span>
    </div>
    <div>
      <span class="xref">java.lang.Object.wait()</span>
    </div>
    <div>
      <span class="xref">java.lang.Object.wait(long)</span>
    </div>
    <div>
      <span class="xref">java.lang.Object.wait(long,int)</span>
    </div>
  </div>
  <h6><strong>Namespace</strong>: </h6>
  <h6><strong>Assembly</strong>: .dll</h6>
  <h5 id="com_google_cloud_bigquery_TimePartitioning_Builder_syntax">Syntax</h5>
  <div class="codewrapper">
    <pre><code class="prettyprint">public abstract static class TimePartitioning.Builder</code></pre>
  </div>
  <h2 id="constructors">Constructors
  </h2>
  <a id="com_google_cloud_bigquery_TimePartitioning_Builder_Builder_" data-uid="com.google.cloud.bigquery.TimePartitioning.Builder.Builder*"></a>
  <h3 id="com_google_cloud_bigquery_TimePartitioning_Builder_Builder__" data-uid="com.google.cloud.bigquery.TimePartitioning.Builder.Builder()">Builder()</h3>
  <div class="markdown level1 summary"></div>
  <div class="markdown level1 conceptual"></div>
  <h4 class="decalaration">Declaration</h4>
  <div class="codewrapper">
    <pre><code class="prettyprint">public Builder()</code></pre>
  </div>
  <h2 id="methods">Methods
  </h2>
  <a id="com_google_cloud_bigquery_TimePartitioning_Builder_build_" data-uid="com.google.cloud.bigquery.TimePartitioning.Builder.build*"></a>
  <h3 id="com_google_cloud_bigquery_TimePartitioning_Builder_build__" data-uid="com.google.cloud.bigquery.TimePartitioning.Builder.build()">build()</h3>
  <div class="markdown level1 summary"></div>
  <div class="markdown level1 conceptual"></div>
  <h4 class="decalaration">Declaration</h4>
  <div class="codewrapper">
    <pre><code class="prettyprint">public abstract TimePartitioning build()</code></pre>
  </div>
  <h4 class="returns">Returns</h4>
  <table class="table table-bordered table-striped table-condensed">
    <thead>
      <tr>
        <th>Type</th>
        <th>Description</th>
      </tr>
    </thead>
    <tbody>
      <tr>
        <td><a class="xref" href="com.google.cloud.bigquery.TimePartitioning.html">TimePartitioning</a></td>
        <td></td>
      </tr>
    </tbody>
  </table>
  <a id="com_google_cloud_bigquery_TimePartitioning_Builder_setExpirationMs_" data-uid="com.google.cloud.bigquery.TimePartitioning.Builder.setExpirationMs*"></a>
  <h3 id="com_google_cloud_bigquery_TimePartitioning_Builder_setExpirationMs_java_lang_Long_" data-uid="com.google.cloud.bigquery.TimePartitioning.Builder.setExpirationMs(java.lang.Long)">setExpirationMs(Long expirationMs)</h3>
  <div class="markdown level1 summary"></div>
  <div class="markdown level1 conceptual"></div>
  <h4 class="decalaration">Declaration</h4>
  <div class="codewrapper">
    <pre><code class="prettyprint">public abstract TimePartitioning.Builder setExpirationMs(Long expirationMs)</code></pre>
  </div>
  <h4 class="parameters">Parameters</h4>
  <table class="table table-bordered table-striped table-condensed">
    <thead>
      <tr>
        <th>Type</th>
        <th>Name</th>
        <th>Description</th>
      </tr>
    </thead>
    <tbody>
      <tr>
        <td><span class="xref">java.lang.Long</span></td>
        <td><span class="parametername">expirationMs</span></td>
        <td></td>
      </tr>
    </tbody>
  </table>
  <h4 class="returns">Returns</h4>
  <table class="table table-bordered table-striped table-condensed">
    <thead>
      <tr>
        <th>Type</th>
        <th>Description</th>
      </tr>
    </thead>
    <tbody>
      <tr>
        <td></td>
        <td></td>
      </tr>
    </tbody>
  </table>
  <a id="com_google_cloud_bigquery_TimePartitioning_Builder_setField_" data-uid="com.google.cloud.bigquery.TimePartitioning.Builder.setField*"></a>
  <h3 id="com_google_cloud_bigquery_TimePartitioning_Builder_setField_java_lang_String_" data-uid="com.google.cloud.bigquery.TimePartitioning.Builder.setField(java.lang.String)">setField(String field)</h3>
  <div class="markdown level1 summary"></div>
  <div class="markdown level1 conceptual"></div>
  <h4 class="decalaration">Declaration</h4>
  <div class="codewrapper">
    <pre><code class="prettyprint">public abstract TimePartitioning.Builder setField(String field)</code></pre>
  </div>
  <h4 class="parameters">Parameters</h4>
  <table class="table table-bordered table-striped table-condensed">
    <thead>
      <tr>
        <th>Type</th>
        <th>Name</th>
        <th>Description</th>
      </tr>
    </thead>
    <tbody>
      <tr>
        <td><span class="xref">java.lang.String</span></td>
        <td><span class="parametername">field</span></td>
        <td></td>
      </tr>
    </tbody>
  </table>
  <h4 class="returns">Returns</h4>
  <table class="table table-bordered table-striped table-condensed">
    <thead>
      <tr>
        <th>Type</th>
        <th>Description</th>
      </tr>
    </thead>
    <tbody>
      <tr>
        <td></td>
        <td></td>
      </tr>
    </tbody>
  </table>
  <a id="com_google_cloud_bigquery_TimePartitioning_Builder_setRequirePartitionFilter_" data-uid="com.google.cloud.bigquery.TimePartitioning.Builder.setRequirePartitionFilter*"></a>
  <h3 id="com_google_cloud_bigquery_TimePartitioning_Builder_setRequirePartitionFilter_java_lang_Boolean_" data-uid="com.google.cloud.bigquery.TimePartitioning.Builder.setRequirePartitionFilter(java.lang.Boolean)">setRequirePartitionFilter(Boolean requirePartitionFilter)</h3>
  <div class="markdown level1 summary"></div>
  <div class="markdown level1 conceptual"></div>
  <h4 class="decalaration">Declaration</h4>
  <div class="codewrapper">
    <pre><code class="prettyprint">public abstract TimePartitioning.Builder setRequirePartitionFilter(Boolean requirePartitionFilter)</code></pre>
  </div>
  <h4 class="parameters">Parameters</h4>
  <table class="table table-bordered table-striped table-condensed">
    <thead>
      <tr>
        <th>Type</th>
        <th>Name</th>
        <th>Description</th>
      </tr>
    </thead>
    <tbody>
      <tr>
        <td><span class="xref">java.lang.Boolean</span></td>
        <td><span class="parametername">requirePartitionFilter</span></td>
        <td></td>
      </tr>
    </tbody>
  </table>
  <h4 class="returns">Returns</h4>
  <table class="table table-bordered table-striped table-condensed">
    <thead>
      <tr>
        <th>Type</th>
        <th>Description</th>
      </tr>
    </thead>
    <tbody>
      <tr>
        <td></td>
        <td></td>
      </tr>
    </tbody>
  </table>
</article>
    </div>
  </body>
</html>
