<!DOCTYPE html>
<html devsite="">
  <head>
    <meta name="project_path" value="/java/_project.yaml">
    <meta name="book_path" value="/java/_book.yaml">
  </head>
  <body>
    <div>
      <h1 class="page-title">Class TimelineSample
</h1>
      <article data-uid="com.google.cloud.bigquery.TimelineSample">
  
  
  <div class="markdown level0 summary"><p>A specific timeline sample. This instruments work progress at a given point in time, providing information about work units active/pending/completed as well as cumulative slot-milliseconds.</p>
</div>
  <div class="markdown level0 conceptual"></div>
  <div class="inheritance">
    <h5>Inheritance</h5>
    <div class="level0"><span class="xref">java.lang.Object</span></div>
    <div class="level1"><span class="xref">TimelineSample</span></div>
  </div>
  <div class="inheritedMembers">
    <h5>Inherited Members</h5>
    <div>
      <span class="xref">java.lang.Object.clone()</span>
    </div>
    <div>
      <span class="xref">java.lang.Object.equals(java.lang.Object)</span>
    </div>
    <div>
      <span class="xref">java.lang.Object.finalize()</span>
    </div>
    <div>
      <span class="xref">java.lang.Object.getClass()</span>
    </div>
    <div>
      <span class="xref">java.lang.Object.hashCode()</span>
    </div>
    <div>
      <span class="xref">java.lang.Object.notify()</span>
    </div>
    <div>
      <span class="xref">java.lang.Object.notifyAll()</span>
    </div>
    <div>
      <span class="xref">java.lang.Object.toString()</span>
    </div>
    <div>
      <span class="xref">java.lang.Object.wait()</span>
    </div>
    <div>
      <span class="xref">java.lang.Object.wait(long)</span>
    </div>
    <div>
      <span class="xref">java.lang.Object.wait(long,int)</span>
    </div>
  </div>
  <h6><strong>Namespace</strong>: </h6>
  <h6><strong>Assembly</strong>: .dll</h6>
  <h5 id="com_google_cloud_bigquery_TimelineSample_syntax">Syntax</h5>
  <div class="codewrapper">
    <pre><code class="prettyprint">public abstract class TimelineSample</code></pre>
  </div>
  <h2 id="constructors">Constructors
  </h2>
  <a id="com_google_cloud_bigquery_TimelineSample_TimelineSample_" data-uid="com.google.cloud.bigquery.TimelineSample.TimelineSample*"></a>
  <h3 id="com_google_cloud_bigquery_TimelineSample_TimelineSample__" data-uid="com.google.cloud.bigquery.TimelineSample.TimelineSample()">TimelineSample()</h3>
  <div class="markdown level1 summary"></div>
  <div class="markdown level1 conceptual"></div>
  <h4 class="decalaration">Declaration</h4>
  <div class="codewrapper">
    <pre><code class="prettyprint">public TimelineSample()</code></pre>
  </div>
  <h2 id="methods">Methods
  </h2>
  <a id="com_google_cloud_bigquery_TimelineSample_getActiveUnits_" data-uid="com.google.cloud.bigquery.TimelineSample.getActiveUnits*"></a>
  <h3 id="com_google_cloud_bigquery_TimelineSample_getActiveUnits__" data-uid="com.google.cloud.bigquery.TimelineSample.getActiveUnits()">getActiveUnits()</h3>
  <div class="markdown level1 summary"><p>Returns the total number of work units currently being processed.</p>
</div>
  <div class="markdown level1 conceptual"></div>
  <h4 class="decalaration">Declaration</h4>
  <div class="codewrapper">
    <pre><code class="prettyprint">public abstract Long getActiveUnits()</code></pre>
  </div>
  <h4 class="returns">Returns</h4>
  <table class="table table-bordered table-striped table-condensed">
    <thead>
      <tr>
        <th>Type</th>
        <th>Description</th>
      </tr>
    </thead>
    <tbody>
      <tr>
        <td><span class="xref">java.lang.Long</span></td>
        <td></td>
      </tr>
    </tbody>
  </table>
  <a id="com_google_cloud_bigquery_TimelineSample_getCompletedUnits_" data-uid="com.google.cloud.bigquery.TimelineSample.getCompletedUnits*"></a>
  <h3 id="com_google_cloud_bigquery_TimelineSample_getCompletedUnits__" data-uid="com.google.cloud.bigquery.TimelineSample.getCompletedUnits()">getCompletedUnits()</h3>
  <div class="markdown level1 summary"><p>Returns the total number of work units completed by this query.</p>
</div>
  <div class="markdown level1 conceptual"></div>
  <h4 class="decalaration">Declaration</h4>
  <div class="codewrapper">
    <pre><code class="prettyprint">public abstract Long getCompletedUnits()</code></pre>
  </div>
  <h4 class="returns">Returns</h4>
  <table class="table table-bordered table-striped table-condensed">
    <thead>
      <tr>
        <th>Type</th>
        <th>Description</th>
      </tr>
    </thead>
    <tbody>
      <tr>
        <td><span class="xref">java.lang.Long</span></td>
        <td></td>
      </tr>
    </tbody>
  </table>
  <a id="com_google_cloud_bigquery_TimelineSample_getElapsedMs_" data-uid="com.google.cloud.bigquery.TimelineSample.getElapsedMs*"></a>
  <h3 id="com_google_cloud_bigquery_TimelineSample_getElapsedMs__" data-uid="com.google.cloud.bigquery.TimelineSample.getElapsedMs()">getElapsedMs()</h3>
  <div class="markdown level1 summary"><p>Returns the sample time as milliseconds elapsed since the start of query execution.</p>
</div>
  <div class="markdown level1 conceptual"></div>
  <h4 class="decalaration">Declaration</h4>
  <div class="codewrapper">
    <pre><code class="prettyprint">public abstract Long getElapsedMs()</code></pre>
  </div>
  <h4 class="returns">Returns</h4>
  <table class="table table-bordered table-striped table-condensed">
    <thead>
      <tr>
        <th>Type</th>
        <th>Description</th>
      </tr>
    </thead>
    <tbody>
      <tr>
        <td><span class="xref">java.lang.Long</span></td>
        <td></td>
      </tr>
    </tbody>
  </table>
  <a id="com_google_cloud_bigquery_TimelineSample_getPendingUnits_" data-uid="com.google.cloud.bigquery.TimelineSample.getPendingUnits*"></a>
  <h3 id="com_google_cloud_bigquery_TimelineSample_getPendingUnits__" data-uid="com.google.cloud.bigquery.TimelineSample.getPendingUnits()">getPendingUnits()</h3>
  <div class="markdown level1 summary"><p>Returns the number of work units remaining for the currently active stages.</p>
</div>
  <div class="markdown level1 conceptual"></div>
  <h4 class="decalaration">Declaration</h4>
  <div class="codewrapper">
    <pre><code class="prettyprint">public abstract Long getPendingUnits()</code></pre>
  </div>
  <h4 class="returns">Returns</h4>
  <table class="table table-bordered table-striped table-condensed">
    <thead>
      <tr>
        <th>Type</th>
        <th>Description</th>
      </tr>
    </thead>
    <tbody>
      <tr>
        <td><span class="xref">java.lang.Long</span></td>
        <td></td>
      </tr>
    </tbody>
  </table>
  <a id="com_google_cloud_bigquery_TimelineSample_getSlotMillis_" data-uid="com.google.cloud.bigquery.TimelineSample.getSlotMillis*"></a>
  <h3 id="com_google_cloud_bigquery_TimelineSample_getSlotMillis__" data-uid="com.google.cloud.bigquery.TimelineSample.getSlotMillis()">getSlotMillis()</h3>
  <div class="markdown level1 summary"><p>Returns the cumulative slot-milliseconds consumed by the query.</p>
</div>
  <div class="markdown level1 conceptual"></div>
  <h4 class="decalaration">Declaration</h4>
  <div class="codewrapper">
    <pre><code class="prettyprint">public abstract Long getSlotMillis()</code></pre>
  </div>
  <h4 class="returns">Returns</h4>
  <table class="table table-bordered table-striped table-condensed">
    <thead>
      <tr>
        <th>Type</th>
        <th>Description</th>
      </tr>
    </thead>
    <tbody>
      <tr>
        <td><span class="xref">java.lang.Long</span></td>
        <td></td>
      </tr>
    </tbody>
  </table>
  <a id="com_google_cloud_bigquery_TimelineSample_toBuilder_" data-uid="com.google.cloud.bigquery.TimelineSample.toBuilder*"></a>
  <h3 id="com_google_cloud_bigquery_TimelineSample_toBuilder__" data-uid="com.google.cloud.bigquery.TimelineSample.toBuilder()">toBuilder()</h3>
  <div class="markdown level1 summary"><p>return a builder for the <code>TimelineSample</code> object.</p>
</div>
  <div class="markdown level1 conceptual"></div>
  <h4 class="decalaration">Declaration</h4>
  <div class="codewrapper">
    <pre><code class="prettyprint">public abstract TimelineSample.Builder toBuilder()</code></pre>
  </div>
  <h4 class="returns">Returns</h4>
  <table class="table table-bordered table-striped table-condensed">
    <thead>
      <tr>
        <th>Type</th>
        <th>Description</th>
      </tr>
    </thead>
    <tbody>
      <tr>
        <td><a class="xref" href="com.google.cloud.bigquery.TimelineSample.Builder.html#com_google_cloud_bigquery_TimelineSample_Builder">TimelineSample.Builder</a></td>
        <td></td>
      </tr>
    </tbody>
  </table>
</article>
    </div>
  </body>
</html>
