<!DOCTYPE html>
<html devsite="">
  <head>
    <meta name="project_path" value="/java/_project.yaml">
    <meta name="book_path" value="/java/_book.yaml">
  </head>
  <body>
    <div>
      <h1 class="page-title">Class Dataset.Builder
</h1>
      <article data-uid="com.google.cloud.bigquery.Dataset.Builder">
  
  
  <div class="markdown level0 summary"><p>A builder for <code>Dataset</code> objects.</p>
</div>
  <div class="markdown level0 conceptual"></div>
  <div class="inheritance">
    <h5>Inheritance</h5>
    <div class="level0"><span class="xref">java.lang.Object</span></div>
    <div class="level1"><a class="xref" href="com.google.cloud.bigquery.DatasetInfo.Builder.html#com_google_cloud_bigquery_DatasetInfo_Builder">DatasetInfo.Builder</a></div>
    <div class="level2"><span class="xref">Dataset.Builder</span></div>
  </div>
  <div class="inheritedMembers">
    <h5>Inherited Members</h5>
    <div>
      <a class="xref" href="com.google.cloud.bigquery.DatasetInfo.Builder.html#com_google_cloud_bigquery_DatasetInfo_Builder_build__">DatasetInfo.Builder.build()</a>
    </div>
    <div>
      <a class="xref" href="com.google.cloud.bigquery.DatasetInfo.Builder.html#com_google_cloud_bigquery_DatasetInfo_Builder_setAcl_java_util_List_com_google_cloud_bigquery_Acl__">DatasetInfo.Builder.setAcl(List&lt;Acl&gt;)</a>
    </div>
    <div>
      <a class="xref" href="com.google.cloud.bigquery.DatasetInfo.Builder.html#com_google_cloud_bigquery_DatasetInfo_Builder_setDatasetId_com_google_cloud_bigquery_DatasetId_">DatasetInfo.Builder.setDatasetId(DatasetId)</a>
    </div>
    <div>
      <a class="xref" href="com.google.cloud.bigquery.DatasetInfo.Builder.html#com_google_cloud_bigquery_DatasetInfo_Builder_setDefaultEncryptionConfiguration_com_google_cloud_bigquery_EncryptionConfiguration_">DatasetInfo.Builder.setDefaultEncryptionConfiguration(EncryptionConfiguration)</a>
    </div>
    <div>
      <a class="xref" href="com.google.cloud.bigquery.DatasetInfo.Builder.html#com_google_cloud_bigquery_DatasetInfo_Builder_setDefaultPartitionExpirationMs_java_lang_Long_">DatasetInfo.Builder.setDefaultPartitionExpirationMs(Long)</a>
    </div>
    <div>
      <a class="xref" href="com.google.cloud.bigquery.DatasetInfo.Builder.html#com_google_cloud_bigquery_DatasetInfo_Builder_setDefaultTableLifetime_java_lang_Long_">DatasetInfo.Builder.setDefaultTableLifetime(Long)</a>
    </div>
    <div>
      <a class="xref" href="com.google.cloud.bigquery.DatasetInfo.Builder.html#com_google_cloud_bigquery_DatasetInfo_Builder_setDescription_java_lang_String_">DatasetInfo.Builder.setDescription(String)</a>
    </div>
    <div>
      <a class="xref" href="com.google.cloud.bigquery.DatasetInfo.Builder.html#com_google_cloud_bigquery_DatasetInfo_Builder_setFriendlyName_java_lang_String_">DatasetInfo.Builder.setFriendlyName(String)</a>
    </div>
    <div>
      <a class="xref" href="com.google.cloud.bigquery.DatasetInfo.Builder.html#com_google_cloud_bigquery_DatasetInfo_Builder_setLabels_java_util_Map_java_lang_String_java_lang_String__">DatasetInfo.Builder.setLabels(Map&lt;String,String&gt;)</a>
    </div>
    <div>
      <a class="xref" href="com.google.cloud.bigquery.DatasetInfo.Builder.html#com_google_cloud_bigquery_DatasetInfo_Builder_setLocation_java_lang_String_">DatasetInfo.Builder.setLocation(String)</a>
    </div>
    <div>
      <span class="xref">java.lang.Object.clone()</span>
    </div>
    <div>
      <span class="xref">java.lang.Object.equals(java.lang.Object)</span>
    </div>
    <div>
      <span class="xref">java.lang.Object.finalize()</span>
    </div>
    <div>
      <span class="xref">java.lang.Object.getClass()</span>
    </div>
    <div>
      <span class="xref">java.lang.Object.hashCode()</span>
    </div>
    <div>
      <span class="xref">java.lang.Object.notify()</span>
    </div>
    <div>
      <span class="xref">java.lang.Object.notifyAll()</span>
    </div>
    <div>
      <span class="xref">java.lang.Object.toString()</span>
    </div>
    <div>
      <span class="xref">java.lang.Object.wait()</span>
    </div>
    <div>
      <span class="xref">java.lang.Object.wait(long)</span>
    </div>
    <div>
      <span class="xref">java.lang.Object.wait(long,int)</span>
    </div>
  </div>
  <h6><strong>Namespace</strong>: </h6>
  <h6><strong>Assembly</strong>: .dll</h6>
  <h5 id="com_google_cloud_bigquery_Dataset_Builder_syntax">Syntax</h5>
  <div class="codewrapper">
    <pre><code class="prettyprint">public static final class Dataset.Builder extends DatasetInfo.Builder</code></pre>
  </div>
  <h2 id="methods">Methods
  </h2>
  <a id="com_google_cloud_bigquery_Dataset_Builder_build_" data-uid="com.google.cloud.bigquery.Dataset.Builder.build*"></a>
  <h3 id="com_google_cloud_bigquery_Dataset_Builder_build__" data-uid="com.google.cloud.bigquery.Dataset.Builder.build()">build()</h3>
  <div class="markdown level1 summary"><p>Creates a <code>DatasetInfo</code> object.</p>
</div>
  <div class="markdown level1 conceptual"></div>
  <h4 class="decalaration">Declaration</h4>
  <div class="codewrapper">
    <pre><code class="prettyprint">public Dataset build()</code></pre>
  </div>
  <h4 class="returns">Returns</h4>
  <table class="table table-bordered table-striped table-condensed">
    <thead>
      <tr>
        <th>Type</th>
        <th>Description</th>
      </tr>
    </thead>
    <tbody>
      <tr>
        <td><a class="xref" href="com.google.cloud.bigquery.Dataset.html">Dataset</a></td>
        <td></td>
      </tr>
    </tbody>
  </table>
  <h4 class="overrides">Overrides</h4>
  <div><a class="xref" href="com.google.cloud.bigquery.DatasetInfo.Builder.html#com_google_cloud_bigquery_DatasetInfo_Builder_build__">DatasetInfo.Builder.build()</a></div>
  <a id="com_google_cloud_bigquery_Dataset_Builder_setAcl_" data-uid="com.google.cloud.bigquery.Dataset.Builder.setAcl*"></a>
  <h3 id="com_google_cloud_bigquery_Dataset_Builder_setAcl_java_util_List_com_google_cloud_bigquery_Acl__" data-uid="com.google.cloud.bigquery.Dataset.Builder.setAcl(java.util.List&lt;com.google.cloud.bigquery.Acl&gt;)">setAcl(List&lt;Acl&gt; acl)</h3>
  <div class="markdown level1 summary"><p>Sets the dataset&#39;s access control configuration.</p>
</div>
  <div class="markdown level1 conceptual"></div>
  <h4 class="decalaration">Declaration</h4>
  <div class="codewrapper">
    <pre><code class="prettyprint">public Dataset.Builder setAcl(List&lt;Acl&gt; acl)</code></pre>
  </div>
  <h4 class="parameters">Parameters</h4>
  <table class="table table-bordered table-striped table-condensed">
    <thead>
      <tr>
        <th>Type</th>
        <th>Name</th>
        <th>Description</th>
      </tr>
    </thead>
    <tbody>
      <tr>
        <td><span class="xref">java.util.List</span>&lt;<a class="xref" href="com.google.cloud.bigquery.Acl.html">Acl</a>&gt;</td>
        <td><span class="parametername">acl</span></td>
        <td></td>
      </tr>
    </tbody>
  </table>
  <h4 class="returns">Returns</h4>
  <table class="table table-bordered table-striped table-condensed">
    <thead>
      <tr>
        <th>Type</th>
        <th>Description</th>
      </tr>
    </thead>
    <tbody>
      <tr>
        <td></td>
        <td></td>
      </tr>
    </tbody>
  </table>
  <h4 class="overrides">Overrides</h4>
  <div><a class="xref" href="com.google.cloud.bigquery.DatasetInfo.Builder.html#com_google_cloud_bigquery_DatasetInfo_Builder_setAcl_java_util_List_com_google_cloud_bigquery_Acl__">DatasetInfo.Builder.setAcl(List&lt;Acl&gt; acl)</a></div>
  <a id="com_google_cloud_bigquery_Dataset_Builder_setDatasetId_" data-uid="com.google.cloud.bigquery.Dataset.Builder.setDatasetId*"></a>
  <h3 id="com_google_cloud_bigquery_Dataset_Builder_setDatasetId_com_google_cloud_bigquery_DatasetId_" data-uid="com.google.cloud.bigquery.Dataset.Builder.setDatasetId(com.google.cloud.bigquery.DatasetId)">setDatasetId(DatasetId datasetId)</h3>
  <div class="markdown level1 summary"><p>Sets the dataset identity.</p>
</div>
  <div class="markdown level1 conceptual"></div>
  <h4 class="decalaration">Declaration</h4>
  <div class="codewrapper">
    <pre><code class="prettyprint">public Dataset.Builder setDatasetId(DatasetId datasetId)</code></pre>
  </div>
  <h4 class="parameters">Parameters</h4>
  <table class="table table-bordered table-striped table-condensed">
    <thead>
      <tr>
        <th>Type</th>
        <th>Name</th>
        <th>Description</th>
      </tr>
    </thead>
    <tbody>
      <tr>
        <td><a class="xref" href="com.google.cloud.bigquery.DatasetId.html">DatasetId</a></td>
        <td><span class="parametername">datasetId</span></td>
        <td></td>
      </tr>
    </tbody>
  </table>
  <h4 class="returns">Returns</h4>
  <table class="table table-bordered table-striped table-condensed">
    <thead>
      <tr>
        <th>Type</th>
        <th>Description</th>
      </tr>
    </thead>
    <tbody>
      <tr>
        <td></td>
        <td></td>
      </tr>
    </tbody>
  </table>
  <h4 class="overrides">Overrides</h4>
  <div><a class="xref" href="com.google.cloud.bigquery.DatasetInfo.Builder.html#com_google_cloud_bigquery_DatasetInfo_Builder_setDatasetId_com_google_cloud_bigquery_DatasetId_">DatasetInfo.Builder.setDatasetId(DatasetId datasetId)</a></div>
  <a id="com_google_cloud_bigquery_Dataset_Builder_setDefaultEncryptionConfiguration_" data-uid="com.google.cloud.bigquery.Dataset.Builder.setDefaultEncryptionConfiguration*"></a>
  <h3 id="com_google_cloud_bigquery_Dataset_Builder_setDefaultEncryptionConfiguration_com_google_cloud_bigquery_EncryptionConfiguration_" data-uid="com.google.cloud.bigquery.Dataset.Builder.setDefaultEncryptionConfiguration(com.google.cloud.bigquery.EncryptionConfiguration)">setDefaultEncryptionConfiguration(EncryptionConfiguration defaultEncryptionConfiguration)</h3>
  <div class="markdown level1 summary"><p>The default encryption key for all tables in the dataset. Once this property is set, all newly-created partitioned tables in the dataset will have encryption key set to this value, unless table creation request (or query) overrides the key.</p>
</div>
  <div class="markdown level1 conceptual"></div>
  <h4 class="decalaration">Declaration</h4>
  <div class="codewrapper">
    <pre><code class="prettyprint">public Dataset.Builder setDefaultEncryptionConfiguration(EncryptionConfiguration defaultEncryptionConfiguration)</code></pre>
  </div>
  <h4 class="parameters">Parameters</h4>
  <table class="table table-bordered table-striped table-condensed">
    <thead>
      <tr>
        <th>Type</th>
        <th>Name</th>
        <th>Description</th>
      </tr>
    </thead>
    <tbody>
      <tr>
        <td><a class="xref" href="com.google.cloud.bigquery.EncryptionConfiguration.html">EncryptionConfiguration</a></td>
        <td><span class="parametername">defaultEncryptionConfiguration</span></td>
        <td></td>
      </tr>
    </tbody>
  </table>
  <h4 class="returns">Returns</h4>
  <table class="table table-bordered table-striped table-condensed">
    <thead>
      <tr>
        <th>Type</th>
        <th>Description</th>
      </tr>
    </thead>
    <tbody>
      <tr>
        <td></td>
        <td></td>
      </tr>
    </tbody>
  </table>
  <h4 class="overrides">Overrides</h4>
  <div><a class="xref" href="com.google.cloud.bigquery.DatasetInfo.Builder.html#com_google_cloud_bigquery_DatasetInfo_Builder_setDefaultEncryptionConfiguration_com_google_cloud_bigquery_EncryptionConfiguration_">DatasetInfo.Builder.setDefaultEncryptionConfiguration(EncryptionConfiguration defaultEncryptionConfiguration)</a></div>
  <a id="com_google_cloud_bigquery_Dataset_Builder_setDefaultPartitionExpirationMs_" data-uid="com.google.cloud.bigquery.Dataset.Builder.setDefaultPartitionExpirationMs*"></a>
  <h3 id="com_google_cloud_bigquery_Dataset_Builder_setDefaultPartitionExpirationMs_java_lang_Long_" data-uid="com.google.cloud.bigquery.Dataset.Builder.setDefaultPartitionExpirationMs(java.lang.Long)">setDefaultPartitionExpirationMs(Long defaultPartitionExpirationMs)</h3>
  <div class="markdown level1 summary"><p>[Optional] The default partition expiration time for all partitioned tables in the dataset, in milliseconds. Once this property is set, all newly-created partitioned tables in the dataset will has an expirationMs property in the timePartitioning settings set to this value. Changing the value only affect new tables, not existing ones. The storage in a partition will have an expiration time of its partition time plus this value. Setting this property overrides the use of defaultTableExpirationMs for partitioned tables: only one of defaultTableExpirationMs and defaultPartitionExpirationMs will be used for any new partitioned table. If you provide an explicit timePartitioning.expirationMs when creating or updating a partitioned table, that value takes precedence over the default partition expiration time indicated by this property. The value may be <code>null</code>.</p>
</div>
  <div class="markdown level1 conceptual"></div>
  <h4 class="decalaration">Declaration</h4>
  <div class="codewrapper">
    <pre><code class="prettyprint">public Dataset.Builder setDefaultPartitionExpirationMs(Long defaultPartitionExpirationMs)</code></pre>
  </div>
  <h4 class="parameters">Parameters</h4>
  <table class="table table-bordered table-striped table-condensed">
    <thead>
      <tr>
        <th>Type</th>
        <th>Name</th>
        <th>Description</th>
      </tr>
    </thead>
    <tbody>
      <tr>
        <td><span class="xref">java.lang.Long</span></td>
        <td><span class="parametername">defaultPartitionExpirationMs</span></td>
        <td></td>
      </tr>
    </tbody>
  </table>
  <h4 class="returns">Returns</h4>
  <table class="table table-bordered table-striped table-condensed">
    <thead>
      <tr>
        <th>Type</th>
        <th>Description</th>
      </tr>
    </thead>
    <tbody>
      <tr>
        <td></td>
        <td></td>
      </tr>
    </tbody>
  </table>
  <h4 class="overrides">Overrides</h4>
  <div><a class="xref" href="com.google.cloud.bigquery.DatasetInfo.Builder.html#com_google_cloud_bigquery_DatasetInfo_Builder_setDefaultPartitionExpirationMs_java_lang_Long_">DatasetInfo.Builder.setDefaultPartitionExpirationMs(Long defaultPartitionExpirationMs)</a></div>
  <a id="com_google_cloud_bigquery_Dataset_Builder_setDefaultTableLifetime_" data-uid="com.google.cloud.bigquery.Dataset.Builder.setDefaultTableLifetime*"></a>
  <h3 id="com_google_cloud_bigquery_Dataset_Builder_setDefaultTableLifetime_java_lang_Long_" data-uid="com.google.cloud.bigquery.Dataset.Builder.setDefaultTableLifetime(java.lang.Long)">setDefaultTableLifetime(Long defaultTableLifetime)</h3>
  <div class="markdown level1 summary"><p>Sets the default lifetime of all tables in the dataset, in milliseconds. The minimum value is 3600000 milliseconds (one hour). Once this property is set, all newly-created tables in the dataset will have an expirationTime property set to the creation time plus the value in this property, and changing the value will only affect new tables, not existing ones. When the expirationTime for a given table is reached, that table will be deleted automatically. If a table&#39;s expirationTime is modified or removed before the table expires, or if you provide an explicit expirationTime when creating a table, that value takes precedence over the default expiration time indicated by this property. This property is experimental and might be subject to change or removed.</p>
</div>
  <div class="markdown level1 conceptual"></div>
  <h4 class="decalaration">Declaration</h4>
  <div class="codewrapper">
    <pre><code class="prettyprint">public Dataset.Builder setDefaultTableLifetime(Long defaultTableLifetime)</code></pre>
  </div>
  <h4 class="parameters">Parameters</h4>
  <table class="table table-bordered table-striped table-condensed">
    <thead>
      <tr>
        <th>Type</th>
        <th>Name</th>
        <th>Description</th>
      </tr>
    </thead>
    <tbody>
      <tr>
        <td><span class="xref">java.lang.Long</span></td>
        <td><span class="parametername">defaultTableLifetime</span></td>
        <td></td>
      </tr>
    </tbody>
  </table>
  <h4 class="returns">Returns</h4>
  <table class="table table-bordered table-striped table-condensed">
    <thead>
      <tr>
        <th>Type</th>
        <th>Description</th>
      </tr>
    </thead>
    <tbody>
      <tr>
        <td></td>
        <td></td>
      </tr>
    </tbody>
  </table>
  <h4 class="overrides">Overrides</h4>
  <div><a class="xref" href="com.google.cloud.bigquery.DatasetInfo.Builder.html#com_google_cloud_bigquery_DatasetInfo_Builder_setDefaultTableLifetime_java_lang_Long_">DatasetInfo.Builder.setDefaultTableLifetime(Long defaultTableLifetime)</a></div>
  <a id="com_google_cloud_bigquery_Dataset_Builder_setDescription_" data-uid="com.google.cloud.bigquery.Dataset.Builder.setDescription*"></a>
  <h3 id="com_google_cloud_bigquery_Dataset_Builder_setDescription_java_lang_String_" data-uid="com.google.cloud.bigquery.Dataset.Builder.setDescription(java.lang.String)">setDescription(String description)</h3>
  <div class="markdown level1 summary"><p>Sets a user-friendly description for the dataset.</p>
</div>
  <div class="markdown level1 conceptual"></div>
  <h4 class="decalaration">Declaration</h4>
  <div class="codewrapper">
    <pre><code class="prettyprint">public Dataset.Builder setDescription(String description)</code></pre>
  </div>
  <h4 class="parameters">Parameters</h4>
  <table class="table table-bordered table-striped table-condensed">
    <thead>
      <tr>
        <th>Type</th>
        <th>Name</th>
        <th>Description</th>
      </tr>
    </thead>
    <tbody>
      <tr>
        <td><span class="xref">java.lang.String</span></td>
        <td><span class="parametername">description</span></td>
        <td></td>
      </tr>
    </tbody>
  </table>
  <h4 class="returns">Returns</h4>
  <table class="table table-bordered table-striped table-condensed">
    <thead>
      <tr>
        <th>Type</th>
        <th>Description</th>
      </tr>
    </thead>
    <tbody>
      <tr>
        <td></td>
        <td></td>
      </tr>
    </tbody>
  </table>
  <h4 class="overrides">Overrides</h4>
  <div><a class="xref" href="com.google.cloud.bigquery.DatasetInfo.Builder.html#com_google_cloud_bigquery_DatasetInfo_Builder_setDescription_java_lang_String_">DatasetInfo.Builder.setDescription(String description)</a></div>
  <a id="com_google_cloud_bigquery_Dataset_Builder_setFriendlyName_" data-uid="com.google.cloud.bigquery.Dataset.Builder.setFriendlyName*"></a>
  <h3 id="com_google_cloud_bigquery_Dataset_Builder_setFriendlyName_java_lang_String_" data-uid="com.google.cloud.bigquery.Dataset.Builder.setFriendlyName(java.lang.String)">setFriendlyName(String friendlyName)</h3>
  <div class="markdown level1 summary"><p>Sets a user-friendly name for the dataset.</p>
</div>
  <div class="markdown level1 conceptual"></div>
  <h4 class="decalaration">Declaration</h4>
  <div class="codewrapper">
    <pre><code class="prettyprint">public Dataset.Builder setFriendlyName(String friendlyName)</code></pre>
  </div>
  <h4 class="parameters">Parameters</h4>
  <table class="table table-bordered table-striped table-condensed">
    <thead>
      <tr>
        <th>Type</th>
        <th>Name</th>
        <th>Description</th>
      </tr>
    </thead>
    <tbody>
      <tr>
        <td><span class="xref">java.lang.String</span></td>
        <td><span class="parametername">friendlyName</span></td>
        <td></td>
      </tr>
    </tbody>
  </table>
  <h4 class="returns">Returns</h4>
  <table class="table table-bordered table-striped table-condensed">
    <thead>
      <tr>
        <th>Type</th>
        <th>Description</th>
      </tr>
    </thead>
    <tbody>
      <tr>
        <td></td>
        <td></td>
      </tr>
    </tbody>
  </table>
  <h4 class="overrides">Overrides</h4>
  <div><a class="xref" href="com.google.cloud.bigquery.DatasetInfo.Builder.html#com_google_cloud_bigquery_DatasetInfo_Builder_setFriendlyName_java_lang_String_">DatasetInfo.Builder.setFriendlyName(String friendlyName)</a></div>
  <a id="com_google_cloud_bigquery_Dataset_Builder_setLabels_" data-uid="com.google.cloud.bigquery.Dataset.Builder.setLabels*"></a>
  <h3 id="com_google_cloud_bigquery_Dataset_Builder_setLabels_java_util_Map_java_lang_String_java_lang_String__" data-uid="com.google.cloud.bigquery.Dataset.Builder.setLabels(java.util.Map&lt;java.lang.String,java.lang.String&gt;)">setLabels(Map&lt;String,String&gt; labels)</h3>
  <div class="markdown level1 summary"></div>
  <div class="markdown level1 conceptual"></div>
  <h4 class="decalaration">Declaration</h4>
  <div class="codewrapper">
    <pre><code class="prettyprint">public Dataset.Builder setLabels(Map&lt;String,String&gt; labels)</code></pre>
  </div>
  <h4 class="parameters">Parameters</h4>
  <table class="table table-bordered table-striped table-condensed">
    <thead>
      <tr>
        <th>Type</th>
        <th>Name</th>
        <th>Description</th>
      </tr>
    </thead>
    <tbody>
      <tr>
        <td><span class="xref">java.util.Map</span>&lt;<span class="xref">java.lang.String</span>,<span class="xref">java.lang.String</span>&gt;</td>
        <td><span class="parametername">labels</span></td>
        <td></td>
      </tr>
    </tbody>
  </table>
  <h4 class="returns">Returns</h4>
  <table class="table table-bordered table-striped table-condensed">
    <thead>
      <tr>
        <th>Type</th>
        <th>Description</th>
      </tr>
    </thead>
    <tbody>
      <tr>
        <td></td>
        <td></td>
      </tr>
    </tbody>
  </table>
  <h4 class="overrides">Overrides</h4>
  <div><a class="xref" href="com.google.cloud.bigquery.DatasetInfo.Builder.html#com_google_cloud_bigquery_DatasetInfo_Builder_setLabels_java_util_Map_java_lang_String_java_lang_String__">DatasetInfo.Builder.setLabels(Map&lt;String,String&gt; labels)</a></div>
  <a id="com_google_cloud_bigquery_Dataset_Builder_setLocation_" data-uid="com.google.cloud.bigquery.Dataset.Builder.setLocation*"></a>
  <h3 id="com_google_cloud_bigquery_Dataset_Builder_setLocation_java_lang_String_" data-uid="com.google.cloud.bigquery.Dataset.Builder.setLocation(java.lang.String)">setLocation(String location)</h3>
  <div class="markdown level1 summary"><p>Sets the geographic location where the dataset should reside. This property is experimental and might be subject to change or removed.</p>
</div>
  <div class="markdown level1 conceptual"></div>
  <h4 class="decalaration">Declaration</h4>
  <div class="codewrapper">
    <pre><code class="prettyprint">public Dataset.Builder setLocation(String location)</code></pre>
  </div>
  <h4 class="parameters">Parameters</h4>
  <table class="table table-bordered table-striped table-condensed">
    <thead>
      <tr>
        <th>Type</th>
        <th>Name</th>
        <th>Description</th>
      </tr>
    </thead>
    <tbody>
      <tr>
        <td><span class="xref">java.lang.String</span></td>
        <td><span class="parametername">location</span></td>
        <td></td>
      </tr>
    </tbody>
  </table>
  <h4 class="returns">Returns</h4>
  <table class="table table-bordered table-striped table-condensed">
    <thead>
      <tr>
        <th>Type</th>
        <th>Description</th>
      </tr>
    </thead>
    <tbody>
      <tr>
        <td></td>
        <td></td>
      </tr>
    </tbody>
  </table>
  <h4 class="overrides">Overrides</h4>
  <div><a class="xref" href="com.google.cloud.bigquery.DatasetInfo.Builder.html#com_google_cloud_bigquery_DatasetInfo_Builder_setLocation_java_lang_String_">DatasetInfo.Builder.setLocation(String location)</a></div>
</article>
    </div>
  </body>
</html>
