<!DOCTYPE html>
<html devsite="">
  <head>
    <meta name="project_path" value="/java/_project.yaml">
    <meta name="book_path" value="/java/_book.yaml">
  </head>
  <body>
    <div>
      <h1 class="page-title">Enum JobInfo.CreateDisposition
</h1>
      <article data-uid="com.google.cloud.bigquery.JobInfo.CreateDisposition">
  
  
  <div class="markdown level0 summary"><p>Specifies whether the job is allowed to create new tables.</p>
</div>
  <div class="markdown level0 conceptual"></div>
  <div class="inheritedMembers">
    <h5>Inherited Members</h5>
    <div>
      <span class="xref">java.lang.Enum.&lt;T&gt;valueOf(java.lang.Class&lt;T&gt;,java.lang.String)</span>
    </div>
    <div>
      <span class="xref">java.lang.Enum.clone()</span>
    </div>
    <div>
      <span class="xref">java.lang.Enum.compareTo(E)</span>
    </div>
    <div>
      <span class="xref">java.lang.Enum.equals(java.lang.Object)</span>
    </div>
    <div>
      <span class="xref">java.lang.Enum.finalize()</span>
    </div>
    <div>
      <span class="xref">java.lang.Enum.getDeclaringClass()</span>
    </div>
    <div>
      <span class="xref">java.lang.Enum.hashCode()</span>
    </div>
    <div>
      <span class="xref">java.lang.Enum.name()</span>
    </div>
    <div>
      <span class="xref">java.lang.Enum.ordinal()</span>
    </div>
    <div>
      <span class="xref">java.lang.Enum.toString()</span>
    </div>
    <div>
      <span class="xref">java.lang.Object.getClass()</span>
    </div>
    <div>
      <span class="xref">java.lang.Object.notify()</span>
    </div>
    <div>
      <span class="xref">java.lang.Object.notifyAll()</span>
    </div>
    <div>
      <span class="xref">java.lang.Object.wait()</span>
    </div>
    <div>
      <span class="xref">java.lang.Object.wait(long)</span>
    </div>
    <div>
      <span class="xref">java.lang.Object.wait(long,int)</span>
    </div>
  </div>
  <h6><strong>Namespace</strong>: </h6>
  <h6><strong>Assembly</strong>: .dll</h6>
  <h5 id="com_google_cloud_bigquery_JobInfo_CreateDisposition_syntax">Syntax</h5>
  <div class="codewrapper">
    <pre><code class="prettyprint">public enum JobInfo.CreateDisposition extends Enum&lt;JobInfo.CreateDisposition&gt;</code></pre>
  </div>
  <h3 id="fields">Fields
  </h3>
  <table class="table table-bordered table-striped table-condensed">
    <thead>
      <tr>
        <th>Name</th>
        <th>Description</th>
      </tr>
    <thead>
    <tbody>
      <tr>
        <td id="com_google_cloud_bigquery_JobInfo_CreateDisposition_CREATE_IF_NEEDED">CREATE_IF_NEEDED</td>
        <td><p>Configures the job to create the table if it does not exist.</p>
</td>
      </tr>
      <tr>
        <td id="com_google_cloud_bigquery_JobInfo_CreateDisposition_CREATE_NEVER">CREATE_NEVER</td>
        <td><p>Configures the job to fail with a not-found error if the table does not exist.</p>
</td>
      </tr>
    </tbody>
  </thead></thead></table>
  <h3 id="methods">Methods
  </h3>
  <table class="table table-bordered table-striped table-condensed">
    <thead>
      <tr>
        <th>Name</th>
        <th>Description</th>
      </tr>
    <thead>
    <tbody>
      <tr>
        <td id="com_google_cloud_bigquery_JobInfo_CreateDisposition_valueOf_java_lang_String_">valueOf(String name)</td>
        <td></td>
      </tr>
      <tr>
        <td id="com_google_cloud_bigquery_JobInfo_CreateDisposition_values__">values()</td>
        <td></td>
      </tr>
    </tbody>
  </thead></thead></table>
</article>
    </div>
  </body>
</html>
