<!DOCTYPE html>
<html devsite="">
  <head>
    <meta name="project_path" value="/java/_project.yaml">
    <meta name="book_path" value="/java/_book.yaml">
  </head>
  <body>
    <div>
      <h1 class="page-title">Class JobStatus.State
</h1>
      <article data-uid="com.google.cloud.bigquery.JobStatus.State">
  
  
  <div class="markdown level0 summary"><p>Possible states that a BigQuery Job can assume.</p>
</div>
  <div class="markdown level0 conceptual"></div>
  <div class="inheritance">
    <h5>Inheritance</h5>
    <div class="level0"><span class="xref">java.lang.Object</span></div>
    <div class="level1"><span class="xref">com.google.cloud.StringEnumValue</span></div>
    <div class="level2"><span class="xref">JobStatus.State</span></div>
  </div>
  <div class="inheritedMembers">
    <h5>Inherited Members</h5>
    <div>
      <span class="xref">com.google.cloud.StringEnumValue.equals(java.lang.Object)</span>
    </div>
    <div>
      <span class="xref">com.google.cloud.StringEnumValue.hashCode()</span>
    </div>
    <div>
      <span class="xref">com.google.cloud.StringEnumValue.name()</span>
    </div>
    <div>
      <span class="xref">com.google.cloud.StringEnumValue.toString()</span>
    </div>
    <div>
      <span class="xref">java.lang.Object.clone()</span>
    </div>
    <div>
      <span class="xref">java.lang.Object.finalize()</span>
    </div>
    <div>
      <span class="xref">java.lang.Object.getClass()</span>
    </div>
    <div>
      <span class="xref">java.lang.Object.notify()</span>
    </div>
    <div>
      <span class="xref">java.lang.Object.notifyAll()</span>
    </div>
    <div>
      <span class="xref">java.lang.Object.wait()</span>
    </div>
    <div>
      <span class="xref">java.lang.Object.wait(long)</span>
    </div>
    <div>
      <span class="xref">java.lang.Object.wait(long,int)</span>
    </div>
  </div>
  <h6><strong>Namespace</strong>: </h6>
  <h6><strong>Assembly</strong>: .dll</h6>
  <h5 id="com_google_cloud_bigquery_JobStatus_State_syntax">Syntax</h5>
  <div class="codewrapper">
    <pre><code class="prettyprint">public static final class JobStatus.State extends StringEnumValue</code></pre>
  </div>
  <h2 id="fields">Fields
  </h2>
  <h3 id="com_google_cloud_bigquery_JobStatus_State_DONE" data-uid="com.google.cloud.bigquery.JobStatus.State.DONE">DONE</h3>
  <div class="markdown level1 summary"><p>The BigQuery Job has completed either succeeding or failing. If failed <span class="xref">#getError()</span> will be non-null.</p>
</div>
  <div class="markdown level1 conceptual"></div>
  <h4 class="decalaration">Declaration</h4>
  <div class="codewrapper">
    <pre><code class="prettyprint">public static final JobStatus.State DONE</code></pre>
  </div>
  <h4 class="fieldValue">Field Value</h4>
  <table class="table table-bordered table-striped table-condensed">
    <thead>
      <tr>
        <th>Type</th>
        <th>Description</th>
      </tr>
    </thead>
    <tbody>
      <tr>
        <td></td>
        <td></td>
      </tr>
    </tbody>
  </table>
  <h3 id="com_google_cloud_bigquery_JobStatus_State_PENDING" data-uid="com.google.cloud.bigquery.JobStatus.State.PENDING">PENDING</h3>
  <div class="markdown level1 summary"><p>The BigQuery Job is waiting to be executed.</p>
</div>
  <div class="markdown level1 conceptual"></div>
  <h4 class="decalaration">Declaration</h4>
  <div class="codewrapper">
    <pre><code class="prettyprint">public static final JobStatus.State PENDING</code></pre>
  </div>
  <h4 class="fieldValue">Field Value</h4>
  <table class="table table-bordered table-striped table-condensed">
    <thead>
      <tr>
        <th>Type</th>
        <th>Description</th>
      </tr>
    </thead>
    <tbody>
      <tr>
        <td></td>
        <td></td>
      </tr>
    </tbody>
  </table>
  <h3 id="com_google_cloud_bigquery_JobStatus_State_RUNNING" data-uid="com.google.cloud.bigquery.JobStatus.State.RUNNING">RUNNING</h3>
  <div class="markdown level1 summary"><p>The BigQuery Job is being executed.</p>
</div>
  <div class="markdown level1 conceptual"></div>
  <h4 class="decalaration">Declaration</h4>
  <div class="codewrapper">
    <pre><code class="prettyprint">public static final JobStatus.State RUNNING</code></pre>
  </div>
  <h4 class="fieldValue">Field Value</h4>
  <table class="table table-bordered table-striped table-condensed">
    <thead>
      <tr>
        <th>Type</th>
        <th>Description</th>
      </tr>
    </thead>
    <tbody>
      <tr>
        <td></td>
        <td></td>
      </tr>
    </tbody>
  </table>
  <h2 id="methods">Methods
  </h2>
  <a id="com_google_cloud_bigquery_JobStatus_State_valueOf_" data-uid="com.google.cloud.bigquery.JobStatus.State.valueOf*"></a>
  <h3 id="com_google_cloud_bigquery_JobStatus_State_valueOf_java_lang_String_" data-uid="com.google.cloud.bigquery.JobStatus.State.valueOf(java.lang.String)">valueOf(String constant)</h3>
  <div class="markdown level1 summary"><p>Get the State for the given String constant, and allow unrecognized values.</p>
</div>
  <div class="markdown level1 conceptual"></div>
  <h4 class="decalaration">Declaration</h4>
  <div class="codewrapper">
    <pre><code class="prettyprint">public static JobStatus.State valueOf(String constant)</code></pre>
  </div>
  <h4 class="parameters">Parameters</h4>
  <table class="table table-bordered table-striped table-condensed">
    <thead>
      <tr>
        <th>Type</th>
        <th>Name</th>
        <th>Description</th>
      </tr>
    </thead>
    <tbody>
      <tr>
        <td><span class="xref">java.lang.String</span></td>
        <td><span class="parametername">constant</span></td>
        <td></td>
      </tr>
    </tbody>
  </table>
  <h4 class="returns">Returns</h4>
  <table class="table table-bordered table-striped table-condensed">
    <thead>
      <tr>
        <th>Type</th>
        <th>Description</th>
      </tr>
    </thead>
    <tbody>
      <tr>
        <td></td>
        <td></td>
      </tr>
    </tbody>
  </table>
  <a id="com_google_cloud_bigquery_JobStatus_State_valueOfStrict_" data-uid="com.google.cloud.bigquery.JobStatus.State.valueOfStrict*"></a>
  <h3 id="com_google_cloud_bigquery_JobStatus_State_valueOfStrict_java_lang_String_" data-uid="com.google.cloud.bigquery.JobStatus.State.valueOfStrict(java.lang.String)">valueOfStrict(String constant)</h3>
  <div class="markdown level1 summary"><p>Get the State for the given String constant, and throw an exception if the constant is not recognized.</p>
</div>
  <div class="markdown level1 conceptual"></div>
  <h4 class="decalaration">Declaration</h4>
  <div class="codewrapper">
    <pre><code class="prettyprint">public static JobStatus.State valueOfStrict(String constant)</code></pre>
  </div>
  <h4 class="parameters">Parameters</h4>
  <table class="table table-bordered table-striped table-condensed">
    <thead>
      <tr>
        <th>Type</th>
        <th>Name</th>
        <th>Description</th>
      </tr>
    </thead>
    <tbody>
      <tr>
        <td><span class="xref">java.lang.String</span></td>
        <td><span class="parametername">constant</span></td>
        <td></td>
      </tr>
    </tbody>
  </table>
  <h4 class="returns">Returns</h4>
  <table class="table table-bordered table-striped table-condensed">
    <thead>
      <tr>
        <th>Type</th>
        <th>Description</th>
      </tr>
    </thead>
    <tbody>
      <tr>
        <td></td>
        <td></td>
      </tr>
    </tbody>
  </table>
  <a id="com_google_cloud_bigquery_JobStatus_State_values_" data-uid="com.google.cloud.bigquery.JobStatus.State.values*"></a>
  <h3 id="com_google_cloud_bigquery_JobStatus_State_values__" data-uid="com.google.cloud.bigquery.JobStatus.State.values()">values()</h3>
  <div class="markdown level1 summary"><p>Return the known values for State.</p>
</div>
  <div class="markdown level1 conceptual"></div>
  <h4 class="decalaration">Declaration</h4>
  <div class="codewrapper">
    <pre><code class="prettyprint">public static JobStatus.State[] values()</code></pre>
  </div>
  <h4 class="returns">Returns</h4>
  <table class="table table-bordered table-striped table-condensed">
    <thead>
      <tr>
        <th>Type</th>
        <th>Description</th>
      </tr>
    </thead>
    <tbody>
      <tr>
        <td><a class="xref" href="com.google.cloud.bigquery.JobStatus.State.html#com_google_cloud_bigquery_JobStatus_State">State</a>[]</td>
        <td></td>
      </tr>
    </tbody>
  </table>
</article>
    </div>
  </body>
</html>
