<!DOCTYPE html>
<html devsite="">
  <head>
    <meta name="project_path" value="/java/_project.yaml">
    <meta name="book_path" value="/java/_book.yaml">
  </head>
  <body>
    <div>
      <h1 class="page-title">Interface BigQueryRpcFactory
</h1>
      <article data-uid="com.google.cloud.bigquery.spi.BigQueryRpcFactory">
  
  
  <div class="markdown level0 summary"><p>An interface for BigQuery RPC factory. Implementation will be loaded via <span class="xref">java.util.ServiceLoader</span>.</p>
</div>
  <div class="markdown level0 conceptual"></div>
  <div classs="implements">
    <h5>Implements</h5>
    <div><span class="xref">com.google.cloud.spi.ServiceRpcFactory&lt;com.google.cloud.bigquery.BigQueryOptions&gt;</span></div>
  </div>
  <h6><strong>Namespace</strong>: </h6>
  <h6><strong>Assembly</strong>: .dll</h6>
  <h5 id="com_google_cloud_bigquery_spi_BigQueryRpcFactory_syntax">Syntax</h5>
  <div class="codewrapper">
    <pre><code class="prettyprint">public interface BigQueryRpcFactory extends ServiceRpcFactory&lt;BigQueryOptions&gt;</code></pre>
  </div>
  <h2 id="implements">Implements</h2>
  <div>
      <span class="xref">com.google.cloud.spi.ServiceRpcFactory&lt;com.google.cloud.bigquery.BigQueryOptions&gt;</span>
  </div>
</article>
    </div>
  </body>
</html>
