<!DOCTYPE html>
<html devsite="">
  <head>
    <meta name="project_path" value="/java/_project.yaml">
    <meta name="book_path" value="/java/_book.yaml">
  </head>
  <body>
    <div>
      <h1 class="page-title">Class StandardTableDefinition
</h1>
      <article data-uid="com.google.cloud.bigquery.StandardTableDefinition">
  
  
  <div class="markdown level0 summary"><p>A Google BigQuery default table definition. This definition is used for standard, two-dimensional tables with individual records organized in rows, and a data type assigned to each column (also called a field). Individual fields within a record may contain nested and repeated children fields. Every table is described by a schema that describes field names, types, and other information.</p>
</div>
  <div class="markdown level0 conceptual"></div>
  <div class="inheritance">
    <h5>Inheritance</h5>
    <div class="level0"><span class="xref">java.lang.Object</span></div>
    <div class="level1"><a class="xref" href="com.google.cloud.bigquery.TableDefinition.html">TableDefinition</a></div>
    <div class="level2"><span class="xref">StandardTableDefinition</span></div>
  </div>
  <div class="inheritedMembers">
    <h5>Inherited Members</h5>
    <div>
      <a class="xref" href="com.google.cloud.bigquery.TableDefinition.html#com_google_cloud_bigquery_TableDefinition_getSchema__">TableDefinition.getSchema()</a>
    </div>
    <div>
      <a class="xref" href="com.google.cloud.bigquery.TableDefinition.html#com_google_cloud_bigquery_TableDefinition_getType__">TableDefinition.getType()</a>
    </div>
    <div>
      <a class="xref" href="com.google.cloud.bigquery.TableDefinition.html#com_google_cloud_bigquery_TableDefinition_toBuilder__">TableDefinition.toBuilder()</a>
    </div>
    <div>
      <span class="xref">java.lang.Object.clone()</span>
    </div>
    <div>
      <span class="xref">java.lang.Object.equals(java.lang.Object)</span>
    </div>
    <div>
      <span class="xref">java.lang.Object.finalize()</span>
    </div>
    <div>
      <span class="xref">java.lang.Object.getClass()</span>
    </div>
    <div>
      <span class="xref">java.lang.Object.hashCode()</span>
    </div>
    <div>
      <span class="xref">java.lang.Object.notify()</span>
    </div>
    <div>
      <span class="xref">java.lang.Object.notifyAll()</span>
    </div>
    <div>
      <span class="xref">java.lang.Object.toString()</span>
    </div>
    <div>
      <span class="xref">java.lang.Object.wait()</span>
    </div>
    <div>
      <span class="xref">java.lang.Object.wait(long)</span>
    </div>
    <div>
      <span class="xref">java.lang.Object.wait(long,int)</span>
    </div>
  </div>
  <h6><strong>Namespace</strong>: </h6>
  <h6><strong>Assembly</strong>: .dll</h6>
  <h5 id="com_google_cloud_bigquery_StandardTableDefinition_syntax">Syntax</h5>
  <div class="codewrapper">
    <pre><code class="prettyprint">public abstract class StandardTableDefinition extends TableDefinition</code></pre>
  </div>
  <h2 id="constructors">Constructors
  </h2>
  <a id="com_google_cloud_bigquery_StandardTableDefinition_StandardTableDefinition_" data-uid="com.google.cloud.bigquery.StandardTableDefinition.StandardTableDefinition*"></a>
  <h3 id="com_google_cloud_bigquery_StandardTableDefinition_StandardTableDefinition__" data-uid="com.google.cloud.bigquery.StandardTableDefinition.StandardTableDefinition()">StandardTableDefinition()</h3>
  <div class="markdown level1 summary"></div>
  <div class="markdown level1 conceptual"></div>
  <h4 class="decalaration">Declaration</h4>
  <div class="codewrapper">
    <pre><code class="prettyprint">public StandardTableDefinition()</code></pre>
  </div>
  <h2 id="methods">Methods
  </h2>
  <a id="com_google_cloud_bigquery_StandardTableDefinition_getClustering_" data-uid="com.google.cloud.bigquery.StandardTableDefinition.getClustering*"></a>
  <h3 id="com_google_cloud_bigquery_StandardTableDefinition_getClustering__" data-uid="com.google.cloud.bigquery.StandardTableDefinition.getClustering()">getClustering()</h3>
  <div class="markdown level1 summary"><p>Returns the clustering configuration for this table. If <code>null</code>, the table is not clustered.</p>
</div>
  <div class="markdown level1 conceptual"></div>
  <h4 class="decalaration">Declaration</h4>
  <div class="codewrapper">
    <pre><code class="prettyprint">public abstract Clustering getClustering()</code></pre>
  </div>
  <h4 class="returns">Returns</h4>
  <table class="table table-bordered table-striped table-condensed">
    <thead>
      <tr>
        <th>Type</th>
        <th>Description</th>
      </tr>
    </thead>
    <tbody>
      <tr>
        <td><a class="xref" href="com.google.cloud.bigquery.Clustering.html">Clustering</a></td>
        <td></td>
      </tr>
    </tbody>
  </table>
  <a id="com_google_cloud_bigquery_StandardTableDefinition_getLocation_" data-uid="com.google.cloud.bigquery.StandardTableDefinition.getLocation*"></a>
  <h3 id="com_google_cloud_bigquery_StandardTableDefinition_getLocation__" data-uid="com.google.cloud.bigquery.StandardTableDefinition.getLocation()">getLocation()</h3>
  <div class="markdown level1 summary"><p>Returns the geographic location where the table should reside. This value is inherited from the dataset.</p>
</div>
  <div class="markdown level1 conceptual"></div>
  <h4 class="decalaration">Declaration</h4>
  <div class="codewrapper">
    <pre><code class="prettyprint">public abstract String getLocation()</code></pre>
  </div>
  <h4 class="returns">Returns</h4>
  <table class="table table-bordered table-striped table-condensed">
    <thead>
      <tr>
        <th>Type</th>
        <th>Description</th>
      </tr>
    </thead>
    <tbody>
      <tr>
        <td><span class="xref">java.lang.String</span></td>
        <td></td>
      </tr>
    </tbody>
  </table>
  <a id="com_google_cloud_bigquery_StandardTableDefinition_getNumBytes_" data-uid="com.google.cloud.bigquery.StandardTableDefinition.getNumBytes*"></a>
  <h3 id="com_google_cloud_bigquery_StandardTableDefinition_getNumBytes__" data-uid="com.google.cloud.bigquery.StandardTableDefinition.getNumBytes()">getNumBytes()</h3>
  <div class="markdown level1 summary"><p>Returns the size of this table in bytes, excluding any data in the streaming buffer.</p>
</div>
  <div class="markdown level1 conceptual"></div>
  <h4 class="decalaration">Declaration</h4>
  <div class="codewrapper">
    <pre><code class="prettyprint">public abstract Long getNumBytes()</code></pre>
  </div>
  <h4 class="returns">Returns</h4>
  <table class="table table-bordered table-striped table-condensed">
    <thead>
      <tr>
        <th>Type</th>
        <th>Description</th>
      </tr>
    </thead>
    <tbody>
      <tr>
        <td><span class="xref">java.lang.Long</span></td>
        <td></td>
      </tr>
    </tbody>
  </table>
  <a id="com_google_cloud_bigquery_StandardTableDefinition_getNumLongTermBytes_" data-uid="com.google.cloud.bigquery.StandardTableDefinition.getNumLongTermBytes*"></a>
  <h3 id="com_google_cloud_bigquery_StandardTableDefinition_getNumLongTermBytes__" data-uid="com.google.cloud.bigquery.StandardTableDefinition.getNumLongTermBytes()">getNumLongTermBytes()</h3>
  <div class="markdown level1 summary"><p>Returns the number of bytes considered &quot;long-term storage&quot; for reduced billing purposes.</p>
</div>
  <div class="markdown level1 conceptual"></div>
  <h4 class="decalaration">Declaration</h4>
  <div class="codewrapper">
    <pre><code class="prettyprint">public abstract Long getNumLongTermBytes()</code></pre>
  </div>
  <h4 class="returns">Returns</h4>
  <table class="table table-bordered table-striped table-condensed">
    <thead>
      <tr>
        <th>Type</th>
        <th>Description</th>
      </tr>
    </thead>
    <tbody>
      <tr>
        <td><span class="xref">java.lang.Long</span></td>
        <td></td>
      </tr>
    </tbody>
  </table>
  <a id="com_google_cloud_bigquery_StandardTableDefinition_getNumRows_" data-uid="com.google.cloud.bigquery.StandardTableDefinition.getNumRows*"></a>
  <h3 id="com_google_cloud_bigquery_StandardTableDefinition_getNumRows__" data-uid="com.google.cloud.bigquery.StandardTableDefinition.getNumRows()">getNumRows()</h3>
  <div class="markdown level1 summary"><p>Returns the number of rows in this table, excluding any data in the streaming buffer.</p>
</div>
  <div class="markdown level1 conceptual"></div>
  <h4 class="decalaration">Declaration</h4>
  <div class="codewrapper">
    <pre><code class="prettyprint">public abstract Long getNumRows()</code></pre>
  </div>
  <h4 class="returns">Returns</h4>
  <table class="table table-bordered table-striped table-condensed">
    <thead>
      <tr>
        <th>Type</th>
        <th>Description</th>
      </tr>
    </thead>
    <tbody>
      <tr>
        <td><span class="xref">java.lang.Long</span></td>
        <td></td>
      </tr>
    </tbody>
  </table>
  <a id="com_google_cloud_bigquery_StandardTableDefinition_getRangePartitioning_" data-uid="com.google.cloud.bigquery.StandardTableDefinition.getRangePartitioning*"></a>
  <h3 id="com_google_cloud_bigquery_StandardTableDefinition_getRangePartitioning__" data-uid="com.google.cloud.bigquery.StandardTableDefinition.getRangePartitioning()">getRangePartitioning()</h3>
  <div class="markdown level1 summary"><p>Returns the range partitioning configuration for this table. If <code>null</code>, the table is not range-partitioned.</p>
</div>
  <div class="markdown level1 conceptual"></div>
  <h4 class="decalaration">Declaration</h4>
  <div class="codewrapper">
    <pre><code class="prettyprint">public abstract RangePartitioning getRangePartitioning()</code></pre>
  </div>
  <h4 class="returns">Returns</h4>
  <table class="table table-bordered table-striped table-condensed">
    <thead>
      <tr>
        <th>Type</th>
        <th>Description</th>
      </tr>
    </thead>
    <tbody>
      <tr>
        <td><a class="xref" href="com.google.cloud.bigquery.RangePartitioning.html">RangePartitioning</a></td>
        <td></td>
      </tr>
    </tbody>
  </table>
  <a id="com_google_cloud_bigquery_StandardTableDefinition_getStreamingBuffer_" data-uid="com.google.cloud.bigquery.StandardTableDefinition.getStreamingBuffer*"></a>
  <h3 id="com_google_cloud_bigquery_StandardTableDefinition_getStreamingBuffer__" data-uid="com.google.cloud.bigquery.StandardTableDefinition.getStreamingBuffer()">getStreamingBuffer()</h3>
  <div class="markdown level1 summary"><p>Returns information on the table&#39;s streaming buffer if any exists. Returns <code>null</code> if no streaming buffer exists.</p>
</div>
  <div class="markdown level1 conceptual"></div>
  <h4 class="decalaration">Declaration</h4>
  <div class="codewrapper">
    <pre><code class="prettyprint">public abstract StandardTableDefinition.StreamingBuffer getStreamingBuffer()</code></pre>
  </div>
  <h4 class="returns">Returns</h4>
  <table class="table table-bordered table-striped table-condensed">
    <thead>
      <tr>
        <th>Type</th>
        <th>Description</th>
      </tr>
    </thead>
    <tbody>
      <tr>
        <td><a class="xref" href="com.google.cloud.bigquery.StandardTableDefinition.StreamingBuffer.html#com_google_cloud_bigquery_StandardTableDefinition_StreamingBuffer">StandardTableDefinition.StreamingBuffer</a></td>
        <td></td>
      </tr>
    </tbody>
  </table>
  <a id="com_google_cloud_bigquery_StandardTableDefinition_getTimePartitioning_" data-uid="com.google.cloud.bigquery.StandardTableDefinition.getTimePartitioning*"></a>
  <h3 id="com_google_cloud_bigquery_StandardTableDefinition_getTimePartitioning__" data-uid="com.google.cloud.bigquery.StandardTableDefinition.getTimePartitioning()">getTimePartitioning()</h3>
  <div class="markdown level1 summary"><p>Returns the time partitioning configuration for this table. If <code>null</code>, the table is not time-partitioned.</p>
</div>
  <div class="markdown level1 conceptual"></div>
  <h4 class="decalaration">Declaration</h4>
  <div class="codewrapper">
    <pre><code class="prettyprint">public abstract TimePartitioning getTimePartitioning()</code></pre>
  </div>
  <h4 class="returns">Returns</h4>
  <table class="table table-bordered table-striped table-condensed">
    <thead>
      <tr>
        <th>Type</th>
        <th>Description</th>
      </tr>
    </thead>
    <tbody>
      <tr>
        <td><a class="xref" href="com.google.cloud.bigquery.TimePartitioning.html">TimePartitioning</a></td>
        <td></td>
      </tr>
    </tbody>
  </table>
  <a id="com_google_cloud_bigquery_StandardTableDefinition_newBuilder_" data-uid="com.google.cloud.bigquery.StandardTableDefinition.newBuilder*"></a>
  <h3 id="com_google_cloud_bigquery_StandardTableDefinition_newBuilder__" data-uid="com.google.cloud.bigquery.StandardTableDefinition.newBuilder()">newBuilder()</h3>
  <div class="markdown level1 summary"><p>Returns a builder for a BigQuery standard table definition.</p>
</div>
  <div class="markdown level1 conceptual"></div>
  <h4 class="decalaration">Declaration</h4>
  <div class="codewrapper">
    <pre><code class="prettyprint">public static StandardTableDefinition.Builder newBuilder()</code></pre>
  </div>
  <h4 class="returns">Returns</h4>
  <table class="table table-bordered table-striped table-condensed">
    <thead>
      <tr>
        <th>Type</th>
        <th>Description</th>
      </tr>
    </thead>
    <tbody>
      <tr>
        <td><a class="xref" href="com.google.cloud.bigquery.StandardTableDefinition.Builder.html#com_google_cloud_bigquery_StandardTableDefinition_Builder">StandardTableDefinition.Builder</a></td>
        <td></td>
      </tr>
    </tbody>
  </table>
  <a id="com_google_cloud_bigquery_StandardTableDefinition_of_" data-uid="com.google.cloud.bigquery.StandardTableDefinition.of*"></a>
  <h3 id="com_google_cloud_bigquery_StandardTableDefinition_of_com_google_cloud_bigquery_Schema_" data-uid="com.google.cloud.bigquery.StandardTableDefinition.of(com.google.cloud.bigquery.Schema)">of(Schema schema)</h3>
  <div class="markdown level1 summary"><p>Creates a BigQuery standard table definition given its schema.</p>
</div>
  <div class="markdown level1 conceptual"></div>
  <h4 class="decalaration">Declaration</h4>
  <div class="codewrapper">
    <pre><code class="prettyprint">public static StandardTableDefinition of(Schema schema)</code></pre>
  </div>
  <h4 class="parameters">Parameters</h4>
  <table class="table table-bordered table-striped table-condensed">
    <thead>
      <tr>
        <th>Type</th>
        <th>Name</th>
        <th>Description</th>
      </tr>
    </thead>
    <tbody>
      <tr>
        <td><a class="xref" href="com.google.cloud.bigquery.Schema.html">Schema</a></td>
        <td><span class="parametername">schema</span></td>
        <td><p>the schema of the table</p>
</td>
      </tr>
    </tbody>
  </table>
  <h4 class="returns">Returns</h4>
  <table class="table table-bordered table-striped table-condensed">
    <thead>
      <tr>
        <th>Type</th>
        <th>Description</th>
      </tr>
    </thead>
    <tbody>
      <tr>
        <td></td>
        <td></td>
      </tr>
    </tbody>
  </table>
  <a id="com_google_cloud_bigquery_StandardTableDefinition_toBuilder_" data-uid="com.google.cloud.bigquery.StandardTableDefinition.toBuilder*"></a>
  <h3 id="com_google_cloud_bigquery_StandardTableDefinition_toBuilder__" data-uid="com.google.cloud.bigquery.StandardTableDefinition.toBuilder()">toBuilder()</h3>
  <div class="markdown level1 summary"><p>Returns a builder for the <code>StandardTableDefinition</code> object.</p>
</div>
  <div class="markdown level1 conceptual"></div>
  <h4 class="decalaration">Declaration</h4>
  <div class="codewrapper">
    <pre><code class="prettyprint">public abstract StandardTableDefinition.Builder toBuilder()</code></pre>
  </div>
  <h4 class="returns">Returns</h4>
  <table class="table table-bordered table-striped table-condensed">
    <thead>
      <tr>
        <th>Type</th>
        <th>Description</th>
      </tr>
    </thead>
    <tbody>
      <tr>
        <td><a class="xref" href="com.google.cloud.bigquery.StandardTableDefinition.Builder.html#com_google_cloud_bigquery_StandardTableDefinition_Builder">StandardTableDefinition.Builder</a></td>
        <td></td>
      </tr>
    </tbody>
  </table>
  <h4 class="overrides">Overrides</h4>
  <div><a class="xref" href="com.google.cloud.bigquery.TableDefinition.html#com_google_cloud_bigquery_TableDefinition_toBuilder__">TableDefinition.toBuilder()</a></div>
</article>
    </div>
  </body>
</html>
