<!DOCTYPE html>
<html devsite="">
  <head>
    <meta name="project_path" value="/java/_project.yaml">
    <meta name="book_path" value="/java/_book.yaml">
  </head>
  <body>
    <div>
      <h1 class="page-title">Class Clustering
</h1>
      <article data-uid="com.google.cloud.bigquery.Clustering">
  
  
  <div class="markdown level0 summary"></div>
  <div class="markdown level0 conceptual"></div>
  <div class="inheritance">
    <h5>Inheritance</h5>
    <div class="level0"><span class="xref">java.lang.Object</span></div>
    <div class="level1"><span class="xref">Clustering</span></div>
  </div>
  <div classs="implements">
    <h5>Implements</h5>
    <div><span class="xref">java.io.Serializable</span></div>
  </div>
  <div class="inheritedMembers">
    <h5>Inherited Members</h5>
    <div>
      <span class="xref">java.lang.Object.clone()</span>
    </div>
    <div>
      <span class="xref">java.lang.Object.equals(java.lang.Object)</span>
    </div>
    <div>
      <span class="xref">java.lang.Object.finalize()</span>
    </div>
    <div>
      <span class="xref">java.lang.Object.getClass()</span>
    </div>
    <div>
      <span class="xref">java.lang.Object.hashCode()</span>
    </div>
    <div>
      <span class="xref">java.lang.Object.notify()</span>
    </div>
    <div>
      <span class="xref">java.lang.Object.notifyAll()</span>
    </div>
    <div>
      <span class="xref">java.lang.Object.toString()</span>
    </div>
    <div>
      <span class="xref">java.lang.Object.wait()</span>
    </div>
    <div>
      <span class="xref">java.lang.Object.wait(long)</span>
    </div>
    <div>
      <span class="xref">java.lang.Object.wait(long,int)</span>
    </div>
  </div>
  <h6><strong>Namespace</strong>: </h6>
  <h6><strong>Assembly</strong>: .dll</h6>
  <h5 id="com_google_cloud_bigquery_Clustering_syntax">Syntax</h5>
  <div class="codewrapper">
    <pre><code class="prettyprint">public abstract class Clustering implements Serializable</code></pre>
  </div>
  <h2 id="constructors">Constructors
  </h2>
  <a id="com_google_cloud_bigquery_Clustering_Clustering_" data-uid="com.google.cloud.bigquery.Clustering.Clustering*"></a>
  <h3 id="com_google_cloud_bigquery_Clustering_Clustering__" data-uid="com.google.cloud.bigquery.Clustering.Clustering()">Clustering()</h3>
  <div class="markdown level1 summary"></div>
  <div class="markdown level1 conceptual"></div>
  <h4 class="decalaration">Declaration</h4>
  <div class="codewrapper">
    <pre><code class="prettyprint">public Clustering()</code></pre>
  </div>
  <h2 id="methods">Methods
  </h2>
  <a id="com_google_cloud_bigquery_Clustering_getFields_" data-uid="com.google.cloud.bigquery.Clustering.getFields*"></a>
  <h3 id="com_google_cloud_bigquery_Clustering_getFields__" data-uid="com.google.cloud.bigquery.Clustering.getFields()">getFields()</h3>
  <div class="markdown level1 summary"></div>
  <div class="markdown level1 conceptual"></div>
  <h4 class="decalaration">Declaration</h4>
  <div class="codewrapper">
    <pre><code class="prettyprint">public List&lt;String&gt; getFields()</code></pre>
  </div>
  <h4 class="returns">Returns</h4>
  <table class="table table-bordered table-striped table-condensed">
    <thead>
      <tr>
        <th>Type</th>
        <th>Description</th>
      </tr>
    </thead>
    <tbody>
      <tr>
        <td><span class="xref">java.util.List</span>&lt;<span class="xref">java.lang.String</span>&gt;</td>
        <td></td>
      </tr>
    </tbody>
  </table>
  <a id="com_google_cloud_bigquery_Clustering_newBuilder_" data-uid="com.google.cloud.bigquery.Clustering.newBuilder*"></a>
  <h3 id="com_google_cloud_bigquery_Clustering_newBuilder__" data-uid="com.google.cloud.bigquery.Clustering.newBuilder()">newBuilder()</h3>
  <div class="markdown level1 summary"></div>
  <div class="markdown level1 conceptual"></div>
  <h4 class="decalaration">Declaration</h4>
  <div class="codewrapper">
    <pre><code class="prettyprint">public static Clustering.Builder newBuilder()</code></pre>
  </div>
  <h4 class="returns">Returns</h4>
  <table class="table table-bordered table-striped table-condensed">
    <thead>
      <tr>
        <th>Type</th>
        <th>Description</th>
      </tr>
    </thead>
    <tbody>
      <tr>
        <td><a class="xref" href="com.google.cloud.bigquery.Clustering.Builder.html#com_google_cloud_bigquery_Clustering_Builder">Clustering.Builder</a></td>
        <td></td>
      </tr>
    </tbody>
  </table>
  <a id="com_google_cloud_bigquery_Clustering_toBuilder_" data-uid="com.google.cloud.bigquery.Clustering.toBuilder*"></a>
  <h3 id="com_google_cloud_bigquery_Clustering_toBuilder__" data-uid="com.google.cloud.bigquery.Clustering.toBuilder()">toBuilder()</h3>
  <div class="markdown level1 summary"></div>
  <div class="markdown level1 conceptual"></div>
  <h4 class="decalaration">Declaration</h4>
  <div class="codewrapper">
    <pre><code class="prettyprint">public abstract Clustering.Builder toBuilder()</code></pre>
  </div>
  <h4 class="returns">Returns</h4>
  <table class="table table-bordered table-striped table-condensed">
    <thead>
      <tr>
        <th>Type</th>
        <th>Description</th>
      </tr>
    </thead>
    <tbody>
      <tr>
        <td><a class="xref" href="com.google.cloud.bigquery.Clustering.Builder.html#com_google_cloud_bigquery_Clustering_Builder">Clustering.Builder</a></td>
        <td></td>
      </tr>
    </tbody>
  </table>
  <h2 id="implements">Implements</h2>
  <div>
      <span class="xref">java.io.Serializable</span>
  </div>
</article>
    </div>
  </body>
</html>
