<!DOCTYPE html>
<html devsite="">
  <head>
    <meta name="project_path" value="/dotnet/_project.yaml">
    <meta name="book_path" value="/dotnet/_book.yaml">
  </head>
  <body>
    <div>
      <h1 class="page-title">Class SpannerSettings
</h1>
      <article data-uid="Google.Cloud.Spanner.V1.SpannerSettings">
  
  
  <div class="markdown level0 summary"><p>Settings for <a class="xref" href="Google.Cloud.Spanner.V1.SpannerClient.html">SpannerClient</a> instances.</p>
</div>
  <div class="markdown level0 conceptual"></div>
  <div class="inheritance">
    <h5>Inheritance</h5>
    <div class="level0"><a class="xref" href="https://docs.microsoft.com/dotnet/api/system.object">Object</a></div>
    <div class="level1"><span class="xref">Google.Api.Gax.Grpc.ServiceSettingsBase</span></div>
    <div class="level2"><span class="xref">SpannerSettings</span></div>
  </div>
  <div class="inheritedMembers">
    <h5>Inherited Members</h5>
    <div>
      <span class="xref">Google.Api.Gax.Grpc.ServiceSettingsBase.VersionHeaderBuilder</span>
    </div>
    <div>
      <span class="xref">Google.Api.Gax.Grpc.ServiceSettingsBase.CallSettings</span>
    </div>
    <div>
      <span class="xref">Google.Api.Gax.Grpc.ServiceSettingsBase.Clock</span>
    </div>
    <div>
      <span class="xref">Google.Api.Gax.Grpc.ServiceSettingsBase.Scheduler</span>
    </div>
    <div>
      <span class="xref">Google.Api.Gax.Grpc.ServiceSettingsBase.Interceptor</span>
    </div>
    <div>
      <a class="xref" href="https://docs.microsoft.com/dotnet/api/system.object.gethashcode#System_Object_GetHashCode">Object.GetHashCode()</a>
    </div>
    <div>
      <a class="xref" href="https://docs.microsoft.com/dotnet/api/system.object.gettype#System_Object_GetType">Object.GetType()</a>
    </div>
    <div>
      <a class="xref" href="https://docs.microsoft.com/dotnet/api/system.object.memberwiseclone#System_Object_MemberwiseClone">Object.MemberwiseClone()</a>
    </div>
    <div>
      <a class="xref" href="https://docs.microsoft.com/dotnet/api/system.object.tostring#System_Object_ToString">Object.ToString()</a>
    </div>
  </div>
  <h6><strong>Namespace</strong>: <a class="xref" href="Google.Cloud.Spanner.V1.html">Google.Cloud.Spanner.V1</a></h6>
  <h6><strong>Assembly</strong>: Google.Cloud.Spanner.V1.dll</h6>
  <h5 id="Google_Cloud_Spanner_V1_SpannerSettings_syntax">Syntax</h5>
  <div class="codewrapper">
    <pre><code class="prettyprint">public sealed class SpannerSettings : ServiceSettingsBase</code></pre>
  </div>
  <h2 id="constructors">Constructors
  </h2>
  <a id="Google_Cloud_Spanner_V1_SpannerSettings__ctor_" data-uid="Google.Cloud.Spanner.V1.SpannerSettings.#ctor*"></a>
  <h3 id="Google_Cloud_Spanner_V1_SpannerSettings__ctor" data-uid="Google.Cloud.Spanner.V1.SpannerSettings.#ctor">SpannerSettings()</h3>
  <div class="markdown level1 summary"><p>Constructs a new <a class="xref" href="Google.Cloud.Spanner.V1.SpannerSettings.html">SpannerSettings</a> object with default settings.</p>
</div>
  <div class="markdown level1 conceptual"></div>
  <h4 class="decalaration">Declaration</h4>
  <div class="codewrapper">
    <pre><code class="prettyprint">public SpannerSettings()</code></pre>
  </div>
  <h2 id="properties">Properties
  </h2>
  <a id="Google_Cloud_Spanner_V1_SpannerSettings_BatchCreateSessionsSettings_" data-uid="Google.Cloud.Spanner.V1.SpannerSettings.BatchCreateSessionsSettings*"></a>
  <h3 id="Google_Cloud_Spanner_V1_SpannerSettings_BatchCreateSessionsSettings" data-uid="Google.Cloud.Spanner.V1.SpannerSettings.BatchCreateSessionsSettings">BatchCreateSessionsSettings</h3>
  <div class="markdown level1 summary"><p><span class="xref">Google.Api.Gax.Grpc.CallSettings</span> for synchronous and asynchronous calls to
<code>SpannerClient.BatchCreateSessions</code> and <code>SpannerClient.BatchCreateSessionsAsync</code>.</p>
</div>
  <div class="markdown level1 conceptual"></div>
  <h4 class="decalaration">Declaration</h4>
  <div class="codewrapper">
    <pre><code class="prettyprint">public CallSettings BatchCreateSessionsSettings { get; set; }</code></pre>
  </div>
  <h4 class="propertyValue">Property Value</h4>
  <table class="table table-bordered table-striped table-condensed">
    <thead>
      <tr>
        <th>Type</th>
        <th>Description</th>
      </tr>
    </thead>
    <tbody>
      <tr>
        <td><span class="xref">Google.Api.Gax.Grpc.CallSettings</span></td>
        <td></td>
      </tr>
    </tbody>
  </table>
  <h4 id="Google_Cloud_Spanner_V1_SpannerSettings_BatchCreateSessionsSettings_remarks">Remarks</h4>
  <div class="markdown level1 remarks"><ul><li>Initial retry delay: 250 milliseconds.</li><li>Retry delay multiplier: 1.3</li><li>Retry maximum delay: 32000 milliseconds.</li><li>Maximum attempts: Unlimited</li><li>Timeout: 60 seconds.</li></ul>
</div>
  <a id="Google_Cloud_Spanner_V1_SpannerSettings_BeginTransactionSettings_" data-uid="Google.Cloud.Spanner.V1.SpannerSettings.BeginTransactionSettings*"></a>
  <h3 id="Google_Cloud_Spanner_V1_SpannerSettings_BeginTransactionSettings" data-uid="Google.Cloud.Spanner.V1.SpannerSettings.BeginTransactionSettings">BeginTransactionSettings</h3>
  <div class="markdown level1 summary"><p><span class="xref">Google.Api.Gax.Grpc.CallSettings</span> for synchronous and asynchronous calls to
<code>SpannerClient.BeginTransaction</code> and <code>SpannerClient.BeginTransactionAsync</code>.</p>
</div>
  <div class="markdown level1 conceptual"></div>
  <h4 class="decalaration">Declaration</h4>
  <div class="codewrapper">
    <pre><code class="prettyprint">public CallSettings BeginTransactionSettings { get; set; }</code></pre>
  </div>
  <h4 class="propertyValue">Property Value</h4>
  <table class="table table-bordered table-striped table-condensed">
    <thead>
      <tr>
        <th>Type</th>
        <th>Description</th>
      </tr>
    </thead>
    <tbody>
      <tr>
        <td><span class="xref">Google.Api.Gax.Grpc.CallSettings</span></td>
        <td></td>
      </tr>
    </tbody>
  </table>
  <h4 id="Google_Cloud_Spanner_V1_SpannerSettings_BeginTransactionSettings_remarks">Remarks</h4>
  <div class="markdown level1 remarks"><ul><li>Initial retry delay: 250 milliseconds.</li><li>Retry delay multiplier: 1.3</li><li>Retry maximum delay: 32000 milliseconds.</li><li>Maximum attempts: Unlimited</li><li>Timeout: 30 seconds.</li></ul>
</div>
  <a id="Google_Cloud_Spanner_V1_SpannerSettings_CommitSettings_" data-uid="Google.Cloud.Spanner.V1.SpannerSettings.CommitSettings*"></a>
  <h3 id="Google_Cloud_Spanner_V1_SpannerSettings_CommitSettings" data-uid="Google.Cloud.Spanner.V1.SpannerSettings.CommitSettings">CommitSettings</h3>
  <div class="markdown level1 summary"><p><span class="xref">Google.Api.Gax.Grpc.CallSettings</span> for synchronous and asynchronous calls to <code>SpannerClient.Commit</code>
and <code>SpannerClient.CommitAsync</code>.</p>
</div>
  <div class="markdown level1 conceptual"></div>
  <h4 class="decalaration">Declaration</h4>
  <div class="codewrapper">
    <pre><code class="prettyprint">public CallSettings CommitSettings { get; set; }</code></pre>
  </div>
  <h4 class="propertyValue">Property Value</h4>
  <table class="table table-bordered table-striped table-condensed">
    <thead>
      <tr>
        <th>Type</th>
        <th>Description</th>
      </tr>
    </thead>
    <tbody>
      <tr>
        <td><span class="xref">Google.Api.Gax.Grpc.CallSettings</span></td>
        <td></td>
      </tr>
    </tbody>
  </table>
  <h4 id="Google_Cloud_Spanner_V1_SpannerSettings_CommitSettings_remarks">Remarks</h4>
  <div class="markdown level1 remarks"><ul><li>Initial retry delay: 250 milliseconds.</li><li>Retry delay multiplier: 1.3</li><li>Retry maximum delay: 32000 milliseconds.</li><li>Maximum attempts: Unlimited</li><li>Timeout: 3600 seconds.</li></ul>
</div>
  <a id="Google_Cloud_Spanner_V1_SpannerSettings_CreateSessionSettings_" data-uid="Google.Cloud.Spanner.V1.SpannerSettings.CreateSessionSettings*"></a>
  <h3 id="Google_Cloud_Spanner_V1_SpannerSettings_CreateSessionSettings" data-uid="Google.Cloud.Spanner.V1.SpannerSettings.CreateSessionSettings">CreateSessionSettings</h3>
  <div class="markdown level1 summary"><p><span class="xref">Google.Api.Gax.Grpc.CallSettings</span> for synchronous and asynchronous calls to <code>SpannerClient.CreateSession</code>
 and <code>SpannerClient.CreateSessionAsync</code>.</p>
</div>
  <div class="markdown level1 conceptual"></div>
  <h4 class="decalaration">Declaration</h4>
  <div class="codewrapper">
    <pre><code class="prettyprint">public CallSettings CreateSessionSettings { get; set; }</code></pre>
  </div>
  <h4 class="propertyValue">Property Value</h4>
  <table class="table table-bordered table-striped table-condensed">
    <thead>
      <tr>
        <th>Type</th>
        <th>Description</th>
      </tr>
    </thead>
    <tbody>
      <tr>
        <td><span class="xref">Google.Api.Gax.Grpc.CallSettings</span></td>
        <td></td>
      </tr>
    </tbody>
  </table>
  <h4 id="Google_Cloud_Spanner_V1_SpannerSettings_CreateSessionSettings_remarks">Remarks</h4>
  <div class="markdown level1 remarks"><ul><li>Initial retry delay: 250 milliseconds.</li><li>Retry delay multiplier: 1.3</li><li>Retry maximum delay: 32000 milliseconds.</li><li>Maximum attempts: Unlimited</li><li>Timeout: 30 seconds.</li></ul>
</div>
  <a id="Google_Cloud_Spanner_V1_SpannerSettings_DeleteSessionSettings_" data-uid="Google.Cloud.Spanner.V1.SpannerSettings.DeleteSessionSettings*"></a>
  <h3 id="Google_Cloud_Spanner_V1_SpannerSettings_DeleteSessionSettings" data-uid="Google.Cloud.Spanner.V1.SpannerSettings.DeleteSessionSettings">DeleteSessionSettings</h3>
  <div class="markdown level1 summary"><p><span class="xref">Google.Api.Gax.Grpc.CallSettings</span> for synchronous and asynchronous calls to <code>SpannerClient.DeleteSession</code>
 and <code>SpannerClient.DeleteSessionAsync</code>.</p>
</div>
  <div class="markdown level1 conceptual"></div>
  <h4 class="decalaration">Declaration</h4>
  <div class="codewrapper">
    <pre><code class="prettyprint">public CallSettings DeleteSessionSettings { get; set; }</code></pre>
  </div>
  <h4 class="propertyValue">Property Value</h4>
  <table class="table table-bordered table-striped table-condensed">
    <thead>
      <tr>
        <th>Type</th>
        <th>Description</th>
      </tr>
    </thead>
    <tbody>
      <tr>
        <td><span class="xref">Google.Api.Gax.Grpc.CallSettings</span></td>
        <td></td>
      </tr>
    </tbody>
  </table>
  <h4 id="Google_Cloud_Spanner_V1_SpannerSettings_DeleteSessionSettings_remarks">Remarks</h4>
  <div class="markdown level1 remarks"><ul><li>Initial retry delay: 250 milliseconds.</li><li>Retry delay multiplier: 1.3</li><li>Retry maximum delay: 32000 milliseconds.</li><li>Maximum attempts: Unlimited</li><li>Timeout: 30 seconds.</li></ul>
</div>
  <a id="Google_Cloud_Spanner_V1_SpannerSettings_ExecuteBatchDmlSettings_" data-uid="Google.Cloud.Spanner.V1.SpannerSettings.ExecuteBatchDmlSettings*"></a>
  <h3 id="Google_Cloud_Spanner_V1_SpannerSettings_ExecuteBatchDmlSettings" data-uid="Google.Cloud.Spanner.V1.SpannerSettings.ExecuteBatchDmlSettings">ExecuteBatchDmlSettings</h3>
  <div class="markdown level1 summary"><p><span class="xref">Google.Api.Gax.Grpc.CallSettings</span> for synchronous and asynchronous calls to
<code>SpannerClient.ExecuteBatchDml</code> and <code>SpannerClient.ExecuteBatchDmlAsync</code>.</p>
</div>
  <div class="markdown level1 conceptual"></div>
  <h4 class="decalaration">Declaration</h4>
  <div class="codewrapper">
    <pre><code class="prettyprint">public CallSettings ExecuteBatchDmlSettings { get; set; }</code></pre>
  </div>
  <h4 class="propertyValue">Property Value</h4>
  <table class="table table-bordered table-striped table-condensed">
    <thead>
      <tr>
        <th>Type</th>
        <th>Description</th>
      </tr>
    </thead>
    <tbody>
      <tr>
        <td><span class="xref">Google.Api.Gax.Grpc.CallSettings</span></td>
        <td></td>
      </tr>
    </tbody>
  </table>
  <h4 id="Google_Cloud_Spanner_V1_SpannerSettings_ExecuteBatchDmlSettings_remarks">Remarks</h4>
  <div class="markdown level1 remarks"><ul><li>Initial retry delay: 250 milliseconds.</li><li>Retry delay multiplier: 1.3</li><li>Retry maximum delay: 32000 milliseconds.</li><li>Maximum attempts: Unlimited</li><li>Timeout: 30 seconds.</li></ul>
</div>
  <a id="Google_Cloud_Spanner_V1_SpannerSettings_ExecuteSqlSettings_" data-uid="Google.Cloud.Spanner.V1.SpannerSettings.ExecuteSqlSettings*"></a>
  <h3 id="Google_Cloud_Spanner_V1_SpannerSettings_ExecuteSqlSettings" data-uid="Google.Cloud.Spanner.V1.SpannerSettings.ExecuteSqlSettings">ExecuteSqlSettings</h3>
  <div class="markdown level1 summary"><p><span class="xref">Google.Api.Gax.Grpc.CallSettings</span> for synchronous and asynchronous calls to <code>SpannerClient.ExecuteSql</code>
 and <code>SpannerClient.ExecuteSqlAsync</code>.</p>
</div>
  <div class="markdown level1 conceptual"></div>
  <h4 class="decalaration">Declaration</h4>
  <div class="codewrapper">
    <pre><code class="prettyprint">public CallSettings ExecuteSqlSettings { get; set; }</code></pre>
  </div>
  <h4 class="propertyValue">Property Value</h4>
  <table class="table table-bordered table-striped table-condensed">
    <thead>
      <tr>
        <th>Type</th>
        <th>Description</th>
      </tr>
    </thead>
    <tbody>
      <tr>
        <td><span class="xref">Google.Api.Gax.Grpc.CallSettings</span></td>
        <td></td>
      </tr>
    </tbody>
  </table>
  <h4 id="Google_Cloud_Spanner_V1_SpannerSettings_ExecuteSqlSettings_remarks">Remarks</h4>
  <div class="markdown level1 remarks"><ul><li>Initial retry delay: 250 milliseconds.</li><li>Retry delay multiplier: 1.3</li><li>Retry maximum delay: 32000 milliseconds.</li><li>Maximum attempts: Unlimited</li><li>Timeout: 30 seconds.</li></ul>
</div>
  <a id="Google_Cloud_Spanner_V1_SpannerSettings_ExecuteStreamingSqlSettings_" data-uid="Google.Cloud.Spanner.V1.SpannerSettings.ExecuteStreamingSqlSettings*"></a>
  <h3 id="Google_Cloud_Spanner_V1_SpannerSettings_ExecuteStreamingSqlSettings" data-uid="Google.Cloud.Spanner.V1.SpannerSettings.ExecuteStreamingSqlSettings">ExecuteStreamingSqlSettings</h3>
  <div class="markdown level1 summary"><p><span class="xref">Google.Api.Gax.Grpc.CallSettings</span> for synchronous and asynchronous calls to
<code>SpannerClient.ExecuteStreamingSql</code> and <code>SpannerClient.ExecuteStreamingSqlAsync</code>.</p>
</div>
  <div class="markdown level1 conceptual"></div>
  <h4 class="decalaration">Declaration</h4>
  <div class="codewrapper">
    <pre><code class="prettyprint">public CallSettings ExecuteStreamingSqlSettings { get; set; }</code></pre>
  </div>
  <h4 class="propertyValue">Property Value</h4>
  <table class="table table-bordered table-striped table-condensed">
    <thead>
      <tr>
        <th>Type</th>
        <th>Description</th>
      </tr>
    </thead>
    <tbody>
      <tr>
        <td><span class="xref">Google.Api.Gax.Grpc.CallSettings</span></td>
        <td></td>
      </tr>
    </tbody>
  </table>
  <h4 id="Google_Cloud_Spanner_V1_SpannerSettings_ExecuteStreamingSqlSettings_remarks">Remarks</h4>
  <div class="markdown level1 remarks"><ul><li>This call will not be retried.</li><li>Timeout: 3600 seconds.</li></ul>
</div>
  <a id="Google_Cloud_Spanner_V1_SpannerSettings_GetSessionSettings_" data-uid="Google.Cloud.Spanner.V1.SpannerSettings.GetSessionSettings*"></a>
  <h3 id="Google_Cloud_Spanner_V1_SpannerSettings_GetSessionSettings" data-uid="Google.Cloud.Spanner.V1.SpannerSettings.GetSessionSettings">GetSessionSettings</h3>
  <div class="markdown level1 summary"><p><span class="xref">Google.Api.Gax.Grpc.CallSettings</span> for synchronous and asynchronous calls to <code>SpannerClient.GetSession</code>
 and <code>SpannerClient.GetSessionAsync</code>.</p>
</div>
  <div class="markdown level1 conceptual"></div>
  <h4 class="decalaration">Declaration</h4>
  <div class="codewrapper">
    <pre><code class="prettyprint">public CallSettings GetSessionSettings { get; set; }</code></pre>
  </div>
  <h4 class="propertyValue">Property Value</h4>
  <table class="table table-bordered table-striped table-condensed">
    <thead>
      <tr>
        <th>Type</th>
        <th>Description</th>
      </tr>
    </thead>
    <tbody>
      <tr>
        <td><span class="xref">Google.Api.Gax.Grpc.CallSettings</span></td>
        <td></td>
      </tr>
    </tbody>
  </table>
  <h4 id="Google_Cloud_Spanner_V1_SpannerSettings_GetSessionSettings_remarks">Remarks</h4>
  <div class="markdown level1 remarks"><ul><li>Initial retry delay: 250 milliseconds.</li><li>Retry delay multiplier: 1.3</li><li>Retry maximum delay: 32000 milliseconds.</li><li>Maximum attempts: Unlimited</li><li>Timeout: 30 seconds.</li></ul>
</div>
  <a id="Google_Cloud_Spanner_V1_SpannerSettings_ListSessionsSettings_" data-uid="Google.Cloud.Spanner.V1.SpannerSettings.ListSessionsSettings*"></a>
  <h3 id="Google_Cloud_Spanner_V1_SpannerSettings_ListSessionsSettings" data-uid="Google.Cloud.Spanner.V1.SpannerSettings.ListSessionsSettings">ListSessionsSettings</h3>
  <div class="markdown level1 summary"><p><span class="xref">Google.Api.Gax.Grpc.CallSettings</span> for synchronous and asynchronous calls to <code>SpannerClient.ListSessions</code>
 and <code>SpannerClient.ListSessionsAsync</code>.</p>
</div>
  <div class="markdown level1 conceptual"></div>
  <h4 class="decalaration">Declaration</h4>
  <div class="codewrapper">
    <pre><code class="prettyprint">public CallSettings ListSessionsSettings { get; set; }</code></pre>
  </div>
  <h4 class="propertyValue">Property Value</h4>
  <table class="table table-bordered table-striped table-condensed">
    <thead>
      <tr>
        <th>Type</th>
        <th>Description</th>
      </tr>
    </thead>
    <tbody>
      <tr>
        <td><span class="xref">Google.Api.Gax.Grpc.CallSettings</span></td>
        <td></td>
      </tr>
    </tbody>
  </table>
  <h4 id="Google_Cloud_Spanner_V1_SpannerSettings_ListSessionsSettings_remarks">Remarks</h4>
  <div class="markdown level1 remarks"><ul><li>Initial retry delay: 250 milliseconds.</li><li>Retry delay multiplier: 1.3</li><li>Retry maximum delay: 32000 milliseconds.</li><li>Maximum attempts: Unlimited</li><li>Timeout: 3600 seconds.</li></ul>
</div>
  <a id="Google_Cloud_Spanner_V1_SpannerSettings_Logger_" data-uid="Google.Cloud.Spanner.V1.SpannerSettings.Logger*"></a>
  <h3 id="Google_Cloud_Spanner_V1_SpannerSettings_Logger" data-uid="Google.Cloud.Spanner.V1.SpannerSettings.Logger">Logger</h3>
  <div class="markdown level1 summary"><p>The logger to use for operations involving this client. This property is never null.</p>
</div>
  <div class="markdown level1 conceptual"></div>
  <h4 class="decalaration">Declaration</h4>
  <div class="codewrapper">
    <pre><code class="prettyprint">public Logger Logger { get; set; }</code></pre>
  </div>
  <h4 class="propertyValue">Property Value</h4>
  <table class="table table-bordered table-striped table-condensed">
    <thead>
      <tr>
        <th>Type</th>
        <th>Description</th>
      </tr>
    </thead>
    <tbody>
      <tr>
        <td><a class="xref" href="Google.Cloud.Spanner.V1.Internal.Logging.Logger.html">Logger</a></td>
        <td></td>
      </tr>
    </tbody>
  </table>
  <a id="Google_Cloud_Spanner_V1_SpannerSettings_PartitionQuerySettings_" data-uid="Google.Cloud.Spanner.V1.SpannerSettings.PartitionQuerySettings*"></a>
  <h3 id="Google_Cloud_Spanner_V1_SpannerSettings_PartitionQuerySettings" data-uid="Google.Cloud.Spanner.V1.SpannerSettings.PartitionQuerySettings">PartitionQuerySettings</h3>
  <div class="markdown level1 summary"><p><span class="xref">Google.Api.Gax.Grpc.CallSettings</span> for synchronous and asynchronous calls to
<code>SpannerClient.PartitionQuery</code> and <code>SpannerClient.PartitionQueryAsync</code>.</p>
</div>
  <div class="markdown level1 conceptual"></div>
  <h4 class="decalaration">Declaration</h4>
  <div class="codewrapper">
    <pre><code class="prettyprint">public CallSettings PartitionQuerySettings { get; set; }</code></pre>
  </div>
  <h4 class="propertyValue">Property Value</h4>
  <table class="table table-bordered table-striped table-condensed">
    <thead>
      <tr>
        <th>Type</th>
        <th>Description</th>
      </tr>
    </thead>
    <tbody>
      <tr>
        <td><span class="xref">Google.Api.Gax.Grpc.CallSettings</span></td>
        <td></td>
      </tr>
    </tbody>
  </table>
  <h4 id="Google_Cloud_Spanner_V1_SpannerSettings_PartitionQuerySettings_remarks">Remarks</h4>
  <div class="markdown level1 remarks"><ul><li>Initial retry delay: 250 milliseconds.</li><li>Retry delay multiplier: 1.3</li><li>Retry maximum delay: 32000 milliseconds.</li><li>Maximum attempts: Unlimited</li><li>Timeout: 30 seconds.</li></ul>
</div>
  <a id="Google_Cloud_Spanner_V1_SpannerSettings_PartitionReadSettings_" data-uid="Google.Cloud.Spanner.V1.SpannerSettings.PartitionReadSettings*"></a>
  <h3 id="Google_Cloud_Spanner_V1_SpannerSettings_PartitionReadSettings" data-uid="Google.Cloud.Spanner.V1.SpannerSettings.PartitionReadSettings">PartitionReadSettings</h3>
  <div class="markdown level1 summary"><p><span class="xref">Google.Api.Gax.Grpc.CallSettings</span> for synchronous and asynchronous calls to <code>SpannerClient.PartitionRead</code>
 and <code>SpannerClient.PartitionReadAsync</code>.</p>
</div>
  <div class="markdown level1 conceptual"></div>
  <h4 class="decalaration">Declaration</h4>
  <div class="codewrapper">
    <pre><code class="prettyprint">public CallSettings PartitionReadSettings { get; set; }</code></pre>
  </div>
  <h4 class="propertyValue">Property Value</h4>
  <table class="table table-bordered table-striped table-condensed">
    <thead>
      <tr>
        <th>Type</th>
        <th>Description</th>
      </tr>
    </thead>
    <tbody>
      <tr>
        <td><span class="xref">Google.Api.Gax.Grpc.CallSettings</span></td>
        <td></td>
      </tr>
    </tbody>
  </table>
  <h4 id="Google_Cloud_Spanner_V1_SpannerSettings_PartitionReadSettings_remarks">Remarks</h4>
  <div class="markdown level1 remarks"><ul><li>Initial retry delay: 250 milliseconds.</li><li>Retry delay multiplier: 1.3</li><li>Retry maximum delay: 32000 milliseconds.</li><li>Maximum attempts: Unlimited</li><li>Timeout: 30 seconds.</li></ul>
</div>
  <a id="Google_Cloud_Spanner_V1_SpannerSettings_ReadSettings_" data-uid="Google.Cloud.Spanner.V1.SpannerSettings.ReadSettings*"></a>
  <h3 id="Google_Cloud_Spanner_V1_SpannerSettings_ReadSettings" data-uid="Google.Cloud.Spanner.V1.SpannerSettings.ReadSettings">ReadSettings</h3>
  <div class="markdown level1 summary"><p><span class="xref">Google.Api.Gax.Grpc.CallSettings</span> for synchronous and asynchronous calls to <code>SpannerClient.Read</code> and
<code>SpannerClient.ReadAsync</code>.</p>
</div>
  <div class="markdown level1 conceptual"></div>
  <h4 class="decalaration">Declaration</h4>
  <div class="codewrapper">
    <pre><code class="prettyprint">public CallSettings ReadSettings { get; set; }</code></pre>
  </div>
  <h4 class="propertyValue">Property Value</h4>
  <table class="table table-bordered table-striped table-condensed">
    <thead>
      <tr>
        <th>Type</th>
        <th>Description</th>
      </tr>
    </thead>
    <tbody>
      <tr>
        <td><span class="xref">Google.Api.Gax.Grpc.CallSettings</span></td>
        <td></td>
      </tr>
    </tbody>
  </table>
  <h4 id="Google_Cloud_Spanner_V1_SpannerSettings_ReadSettings_remarks">Remarks</h4>
  <div class="markdown level1 remarks"><ul><li>Initial retry delay: 250 milliseconds.</li><li>Retry delay multiplier: 1.3</li><li>Retry maximum delay: 32000 milliseconds.</li><li>Maximum attempts: Unlimited</li><li>Timeout: 30 seconds.</li></ul>
</div>
  <a id="Google_Cloud_Spanner_V1_SpannerSettings_RollbackSettings_" data-uid="Google.Cloud.Spanner.V1.SpannerSettings.RollbackSettings*"></a>
  <h3 id="Google_Cloud_Spanner_V1_SpannerSettings_RollbackSettings" data-uid="Google.Cloud.Spanner.V1.SpannerSettings.RollbackSettings">RollbackSettings</h3>
  <div class="markdown level1 summary"><p><span class="xref">Google.Api.Gax.Grpc.CallSettings</span> for synchronous and asynchronous calls to <code>SpannerClient.Rollback</code>
and <code>SpannerClient.RollbackAsync</code>.</p>
</div>
  <div class="markdown level1 conceptual"></div>
  <h4 class="decalaration">Declaration</h4>
  <div class="codewrapper">
    <pre><code class="prettyprint">public CallSettings RollbackSettings { get; set; }</code></pre>
  </div>
  <h4 class="propertyValue">Property Value</h4>
  <table class="table table-bordered table-striped table-condensed">
    <thead>
      <tr>
        <th>Type</th>
        <th>Description</th>
      </tr>
    </thead>
    <tbody>
      <tr>
        <td><span class="xref">Google.Api.Gax.Grpc.CallSettings</span></td>
        <td></td>
      </tr>
    </tbody>
  </table>
  <h4 id="Google_Cloud_Spanner_V1_SpannerSettings_RollbackSettings_remarks">Remarks</h4>
  <div class="markdown level1 remarks"><ul><li>Initial retry delay: 250 milliseconds.</li><li>Retry delay multiplier: 1.3</li><li>Retry maximum delay: 32000 milliseconds.</li><li>Maximum attempts: Unlimited</li><li>Timeout: 30 seconds.</li></ul>
</div>
  <a id="Google_Cloud_Spanner_V1_SpannerSettings_StreamingReadSettings_" data-uid="Google.Cloud.Spanner.V1.SpannerSettings.StreamingReadSettings*"></a>
  <h3 id="Google_Cloud_Spanner_V1_SpannerSettings_StreamingReadSettings" data-uid="Google.Cloud.Spanner.V1.SpannerSettings.StreamingReadSettings">StreamingReadSettings</h3>
  <div class="markdown level1 summary"><p><span class="xref">Google.Api.Gax.Grpc.CallSettings</span> for synchronous and asynchronous calls to <code>SpannerClient.StreamingRead</code>
 and <code>SpannerClient.StreamingReadAsync</code>.</p>
</div>
  <div class="markdown level1 conceptual"></div>
  <h4 class="decalaration">Declaration</h4>
  <div class="codewrapper">
    <pre><code class="prettyprint">public CallSettings StreamingReadSettings { get; set; }</code></pre>
  </div>
  <h4 class="propertyValue">Property Value</h4>
  <table class="table table-bordered table-striped table-condensed">
    <thead>
      <tr>
        <th>Type</th>
        <th>Description</th>
      </tr>
    </thead>
    <tbody>
      <tr>
        <td><span class="xref">Google.Api.Gax.Grpc.CallSettings</span></td>
        <td></td>
      </tr>
    </tbody>
  </table>
  <h4 id="Google_Cloud_Spanner_V1_SpannerSettings_StreamingReadSettings_remarks">Remarks</h4>
  <div class="markdown level1 remarks"><ul><li>This call will not be retried.</li><li>Timeout: 3600 seconds.</li></ul>
</div>
  <h2 id="methods">Methods
  </h2>
  <a id="Google_Cloud_Spanner_V1_SpannerSettings_Clone_" data-uid="Google.Cloud.Spanner.V1.SpannerSettings.Clone*"></a>
  <h3 id="Google_Cloud_Spanner_V1_SpannerSettings_Clone" data-uid="Google.Cloud.Spanner.V1.SpannerSettings.Clone">Clone()</h3>
  <div class="markdown level1 summary"><p>Creates a deep clone of this object, with all the same property values.</p>
</div>
  <div class="markdown level1 conceptual"></div>
  <h4 class="decalaration">Declaration</h4>
  <div class="codewrapper">
    <pre><code class="prettyprint">public SpannerSettings Clone()</code></pre>
  </div>
  <h4 class="returns">Returns</h4>
  <table class="table table-bordered table-striped table-condensed">
    <thead>
      <tr>
        <th>Type</th>
        <th>Description</th>
      </tr>
    </thead>
    <tbody>
      <tr>
        <td><a class="xref" href="Google.Cloud.Spanner.V1.SpannerSettings.html">SpannerSettings</a></td>
        <td><p>A deep clone of this <a class="xref" href="Google.Cloud.Spanner.V1.SpannerSettings.html">SpannerSettings</a> object.</p>
</td>
      </tr>
    </tbody>
  </table>
  <a id="Google_Cloud_Spanner_V1_SpannerSettings_GetDefault_" data-uid="Google.Cloud.Spanner.V1.SpannerSettings.GetDefault*"></a>
  <h3 id="Google_Cloud_Spanner_V1_SpannerSettings_GetDefault" data-uid="Google.Cloud.Spanner.V1.SpannerSettings.GetDefault">GetDefault()</h3>
  <div class="markdown level1 summary"><p>Get a new instance of the default <a class="xref" href="Google.Cloud.Spanner.V1.SpannerSettings.html">SpannerSettings</a>.</p>
</div>
  <div class="markdown level1 conceptual"></div>
  <h4 class="decalaration">Declaration</h4>
  <div class="codewrapper">
    <pre><code class="prettyprint">public static SpannerSettings GetDefault()</code></pre>
  </div>
  <h4 class="returns">Returns</h4>
  <table class="table table-bordered table-striped table-condensed">
    <thead>
      <tr>
        <th>Type</th>
        <th>Description</th>
      </tr>
    </thead>
    <tbody>
      <tr>
        <td><a class="xref" href="Google.Cloud.Spanner.V1.SpannerSettings.html">SpannerSettings</a></td>
        <td><p>A new instance of the default <a class="xref" href="Google.Cloud.Spanner.V1.SpannerSettings.html">SpannerSettings</a>.</p>
</td>
      </tr>
    </tbody>
  </table>
</article>
    </div>
  </body>
</html>
