<!DOCTYPE html>
<html devsite="">
  <head>
    <meta name="project_path" value="/dotnet/_project.yaml">
    <meta name="book_path" value="/dotnet/_book.yaml">
  </head>
  <body>
    <div>
      <h1 class="page-title">Class BeginTransactionRequest
</h1>
      <article data-uid="Google.Cloud.Spanner.V1.BeginTransactionRequest">
  
  
  <div class="markdown level0 summary"><p>The request for [BeginTransaction][google.spanner.v1.Spanner.BeginTransaction].</p>
</div>
  <div class="markdown level0 conceptual"></div>
  <div class="inheritance">
    <h5>Inheritance</h5>
    <div class="level0"><a class="xref" href="https://docs.microsoft.com/dotnet/api/system.object">Object</a></div>
    <div class="level1"><span class="xref">BeginTransactionRequest</span></div>
  </div>
  <div classs="implements">
    <h5>Implements</h5>
    <div><span class="xref">Google.Protobuf.IMessage</span>&lt;<a class="xref" href="Google.Cloud.Spanner.V1.BeginTransactionRequest.html">BeginTransactionRequest</a>&gt;</div>
    <div><a class="xref" href="https://docs.microsoft.com/dotnet/api/system.iequatable-1">IEquatable</a>&lt;<a class="xref" href="Google.Cloud.Spanner.V1.BeginTransactionRequest.html">BeginTransactionRequest</a>&gt;</div>
    <div><span class="xref">Google.Protobuf.IDeepCloneable</span>&lt;<a class="xref" href="Google.Cloud.Spanner.V1.BeginTransactionRequest.html">BeginTransactionRequest</a>&gt;</div>
    <div><span class="xref">Google.Protobuf.IBufferMessage</span></div>
    <div><span class="xref">Google.Protobuf.IMessage</span></div>
  </div>
  <div class="inheritedMembers">
    <h5>Inherited Members</h5>
    <div>
      <a class="xref" href="https://docs.microsoft.com/dotnet/api/system.object.gethashcode#System_Object_GetHashCode">Object.GetHashCode()</a>
    </div>
    <div>
      <a class="xref" href="https://docs.microsoft.com/dotnet/api/system.object.gettype#System_Object_GetType">Object.GetType()</a>
    </div>
    <div>
      <a class="xref" href="https://docs.microsoft.com/dotnet/api/system.object.memberwiseclone#System_Object_MemberwiseClone">Object.MemberwiseClone()</a>
    </div>
    <div>
      <a class="xref" href="https://docs.microsoft.com/dotnet/api/system.object.tostring#System_Object_ToString">Object.ToString()</a>
    </div>
  </div>
  <h6><strong>Namespace</strong>: <a class="xref" href="Google.Cloud.Spanner.V1.html">Google.Cloud.Spanner.V1</a></h6>
  <h6><strong>Assembly</strong>: Google.Cloud.Spanner.V1.dll</h6>
  <h5 id="Google_Cloud_Spanner_V1_BeginTransactionRequest_syntax">Syntax</h5>
  <div class="codewrapper">
    <pre><code class="prettyprint">public sealed class BeginTransactionRequest : IMessage&lt;BeginTransactionRequest&gt;, IEquatable&lt;BeginTransactionRequest&gt;, IDeepCloneable&lt;BeginTransactionRequest&gt;, IBufferMessage, IMessage</code></pre>
  </div>
  <h2 id="constructors">Constructors
  </h2>
  <a id="Google_Cloud_Spanner_V1_BeginTransactionRequest__ctor_" data-uid="Google.Cloud.Spanner.V1.BeginTransactionRequest.#ctor*"></a>
  <h3 id="Google_Cloud_Spanner_V1_BeginTransactionRequest__ctor" data-uid="Google.Cloud.Spanner.V1.BeginTransactionRequest.#ctor">BeginTransactionRequest()</h3>
  <div class="markdown level1 summary"></div>
  <div class="markdown level1 conceptual"></div>
  <h4 class="decalaration">Declaration</h4>
  <div class="codewrapper">
    <pre><code class="prettyprint">public BeginTransactionRequest()</code></pre>
  </div>
  <a id="Google_Cloud_Spanner_V1_BeginTransactionRequest__ctor_" data-uid="Google.Cloud.Spanner.V1.BeginTransactionRequest.#ctor*"></a>
  <h3 id="Google_Cloud_Spanner_V1_BeginTransactionRequest__ctor_Google_Cloud_Spanner_V1_BeginTransactionRequest_" data-uid="Google.Cloud.Spanner.V1.BeginTransactionRequest.#ctor(Google.Cloud.Spanner.V1.BeginTransactionRequest)">BeginTransactionRequest(BeginTransactionRequest)</h3>
  <div class="markdown level1 summary"></div>
  <div class="markdown level1 conceptual"></div>
  <h4 class="decalaration">Declaration</h4>
  <div class="codewrapper">
    <pre><code class="prettyprint">public BeginTransactionRequest(BeginTransactionRequest other)</code></pre>
  </div>
  <h4 class="parameters">Parameters</h4>
  <table class="table table-bordered table-striped table-condensed">
    <thead>
      <tr>
        <th>Type</th>
        <th>Name</th>
        <th>Description</th>
      </tr>
    </thead>
    <tbody>
      <tr>
        <td><a class="xref" href="Google.Cloud.Spanner.V1.BeginTransactionRequest.html">BeginTransactionRequest</a></td>
        <td><span class="parametername">other</span></td>
        <td></td>
      </tr>
    </tbody>
  </table>
  <h2 id="properties">Properties
  </h2>
  <a id="Google_Cloud_Spanner_V1_BeginTransactionRequest_Options_" data-uid="Google.Cloud.Spanner.V1.BeginTransactionRequest.Options*"></a>
  <h3 id="Google_Cloud_Spanner_V1_BeginTransactionRequest_Options" data-uid="Google.Cloud.Spanner.V1.BeginTransactionRequest.Options">Options</h3>
  <div class="markdown level1 summary"><p>Required. Options for the new transaction.</p>
</div>
  <div class="markdown level1 conceptual"></div>
  <h4 class="decalaration">Declaration</h4>
  <div class="codewrapper">
    <pre><code class="prettyprint">public TransactionOptions Options { get; set; }</code></pre>
  </div>
  <h4 class="propertyValue">Property Value</h4>
  <table class="table table-bordered table-striped table-condensed">
    <thead>
      <tr>
        <th>Type</th>
        <th>Description</th>
      </tr>
    </thead>
    <tbody>
      <tr>
        <td><a class="xref" href="Google.Cloud.Spanner.V1.TransactionOptions.html">TransactionOptions</a></td>
        <td></td>
      </tr>
    </tbody>
  </table>
  <a id="Google_Cloud_Spanner_V1_BeginTransactionRequest_Session_" data-uid="Google.Cloud.Spanner.V1.BeginTransactionRequest.Session*"></a>
  <h3 id="Google_Cloud_Spanner_V1_BeginTransactionRequest_Session" data-uid="Google.Cloud.Spanner.V1.BeginTransactionRequest.Session">Session</h3>
  <div class="markdown level1 summary"><p>Required. The session in which the transaction runs.</p>
</div>
  <div class="markdown level1 conceptual"></div>
  <h4 class="decalaration">Declaration</h4>
  <div class="codewrapper">
    <pre><code class="prettyprint">public string Session { get; set; }</code></pre>
  </div>
  <h4 class="propertyValue">Property Value</h4>
  <table class="table table-bordered table-striped table-condensed">
    <thead>
      <tr>
        <th>Type</th>
        <th>Description</th>
      </tr>
    </thead>
    <tbody>
      <tr>
        <td><a class="xref" href="https://docs.microsoft.com/dotnet/api/system.string">String</a></td>
        <td></td>
      </tr>
    </tbody>
  </table>
  <a id="Google_Cloud_Spanner_V1_BeginTransactionRequest_SessionAsSessionName_" data-uid="Google.Cloud.Spanner.V1.BeginTransactionRequest.SessionAsSessionName*"></a>
  <h3 id="Google_Cloud_Spanner_V1_BeginTransactionRequest_SessionAsSessionName" data-uid="Google.Cloud.Spanner.V1.BeginTransactionRequest.SessionAsSessionName">SessionAsSessionName</h3>
  <div class="markdown level1 summary"><p><a class="xref" href="Google.Cloud.Spanner.V1.SessionName.html">SessionName</a>-typed view over the <a class="xref" href="Google.Cloud.Spanner.V1.BeginTransactionRequest.html#Google_Cloud_Spanner_V1_BeginTransactionRequest_Session">Session</a> resource name property.</p>
</div>
  <div class="markdown level1 conceptual"></div>
  <h4 class="decalaration">Declaration</h4>
  <div class="codewrapper">
    <pre><code class="prettyprint">public SessionName SessionAsSessionName { get; set; }</code></pre>
  </div>
  <h4 class="propertyValue">Property Value</h4>
  <table class="table table-bordered table-striped table-condensed">
    <thead>
      <tr>
        <th>Type</th>
        <th>Description</th>
      </tr>
    </thead>
    <tbody>
      <tr>
        <td><a class="xref" href="Google.Cloud.Spanner.V1.SessionName.html">SessionName</a></td>
        <td></td>
      </tr>
    </tbody>
  </table>
  <h2 id="implements">Implements</h2>
  <div>
      <span class="xref">Google.Protobuf.IMessage&lt;T&gt;</span>
  </div>
  <div>
      <a class="xref" href="https://docs.microsoft.com/dotnet/api/system.iequatable-1">System.IEquatable&lt;T&gt;</a>
  </div>
  <div>
      <span class="xref">Google.Protobuf.IDeepCloneable&lt;T&gt;</span>
  </div>
  <div>
      <span class="xref">Google.Protobuf.IBufferMessage</span>
  </div>
  <div>
      <span class="xref">Google.Protobuf.IMessage</span>
  </div>
</article>
    </div>
  </body>
</html>
