<!DOCTYPE html>
<html devsite="">
  <head>
    <meta name="project_path" value="/dotnet/_project.yaml">
    <meta name="book_path" value="/dotnet/_book.yaml">
  </head>
  <body>
    <div>
      <h1 class="page-title">Class PlanNode.Types.ChildLink
</h1>
      <article data-uid="Google.Cloud.Spanner.V1.PlanNode.Types.ChildLink">
  
  
  <div class="markdown level0 summary"><p>Metadata associated with a parent-child relationship appearing in a
[PlanNode][google.spanner.v1.PlanNode].</p>
</div>
  <div class="markdown level0 conceptual"></div>
  <div class="inheritance">
    <h5>Inheritance</h5>
    <div class="level0"><a class="xref" href="https://docs.microsoft.com/dotnet/api/system.object">Object</a></div>
    <div class="level1"><span class="xref">PlanNode.Types.ChildLink</span></div>
  </div>
  <div classs="implements">
    <h5>Implements</h5>
    <div><span class="xref">Google.Protobuf.IMessage</span>&lt;<a class="xref" href="Google.Cloud.Spanner.V1.PlanNode.Types.ChildLink.html">PlanNode.Types.ChildLink</a>&gt;</div>
    <div><a class="xref" href="https://docs.microsoft.com/dotnet/api/system.iequatable-1">IEquatable</a>&lt;<a class="xref" href="Google.Cloud.Spanner.V1.PlanNode.Types.ChildLink.html">PlanNode.Types.ChildLink</a>&gt;</div>
    <div><span class="xref">Google.Protobuf.IDeepCloneable</span>&lt;<a class="xref" href="Google.Cloud.Spanner.V1.PlanNode.Types.ChildLink.html">PlanNode.Types.ChildLink</a>&gt;</div>
    <div><span class="xref">Google.Protobuf.IBufferMessage</span></div>
    <div><span class="xref">Google.Protobuf.IMessage</span></div>
  </div>
  <div class="inheritedMembers">
    <h5>Inherited Members</h5>
    <div>
      <a class="xref" href="https://docs.microsoft.com/dotnet/api/system.object.gethashcode#System_Object_GetHashCode">Object.GetHashCode()</a>
    </div>
    <div>
      <a class="xref" href="https://docs.microsoft.com/dotnet/api/system.object.gettype#System_Object_GetType">Object.GetType()</a>
    </div>
    <div>
      <a class="xref" href="https://docs.microsoft.com/dotnet/api/system.object.memberwiseclone#System_Object_MemberwiseClone">Object.MemberwiseClone()</a>
    </div>
    <div>
      <a class="xref" href="https://docs.microsoft.com/dotnet/api/system.object.tostring#System_Object_ToString">Object.ToString()</a>
    </div>
  </div>
  <h6><strong>Namespace</strong>: <a class="xref" href="Google.Cloud.Spanner.V1.html">Google.Cloud.Spanner.V1</a></h6>
  <h6><strong>Assembly</strong>: Google.Cloud.Spanner.V1.dll</h6>
  <h5 id="Google_Cloud_Spanner_V1_PlanNode_Types_ChildLink_syntax">Syntax</h5>
  <div class="codewrapper">
    <pre><code class="prettyprint">public sealed class ChildLink : IMessage&lt;PlanNode.Types.ChildLink&gt;, IEquatable&lt;PlanNode.Types.ChildLink&gt;, IDeepCloneable&lt;PlanNode.Types.ChildLink&gt;, IBufferMessage, IMessage</code></pre>
  </div>
  <h2 id="constructors">Constructors
  </h2>
  <a id="Google_Cloud_Spanner_V1_PlanNode_Types_ChildLink__ctor_" data-uid="Google.Cloud.Spanner.V1.PlanNode.Types.ChildLink.#ctor*"></a>
  <h3 id="Google_Cloud_Spanner_V1_PlanNode_Types_ChildLink__ctor" data-uid="Google.Cloud.Spanner.V1.PlanNode.Types.ChildLink.#ctor">ChildLink()</h3>
  <div class="markdown level1 summary"></div>
  <div class="markdown level1 conceptual"></div>
  <h4 class="decalaration">Declaration</h4>
  <div class="codewrapper">
    <pre><code class="prettyprint">public ChildLink()</code></pre>
  </div>
  <a id="Google_Cloud_Spanner_V1_PlanNode_Types_ChildLink__ctor_" data-uid="Google.Cloud.Spanner.V1.PlanNode.Types.ChildLink.#ctor*"></a>
  <h3 id="Google_Cloud_Spanner_V1_PlanNode_Types_ChildLink__ctor_Google_Cloud_Spanner_V1_PlanNode_Types_ChildLink_" data-uid="Google.Cloud.Spanner.V1.PlanNode.Types.ChildLink.#ctor(Google.Cloud.Spanner.V1.PlanNode.Types.ChildLink)">ChildLink(PlanNode.Types.ChildLink)</h3>
  <div class="markdown level1 summary"></div>
  <div class="markdown level1 conceptual"></div>
  <h4 class="decalaration">Declaration</h4>
  <div class="codewrapper">
    <pre><code class="prettyprint">public ChildLink(PlanNode.Types.ChildLink other)</code></pre>
  </div>
  <h4 class="parameters">Parameters</h4>
  <table class="table table-bordered table-striped table-condensed">
    <thead>
      <tr>
        <th>Type</th>
        <th>Name</th>
        <th>Description</th>
      </tr>
    </thead>
    <tbody>
      <tr>
        <td><a class="xref" href="Google.Cloud.Spanner.V1.PlanNode.Types.ChildLink.html">PlanNode.Types.ChildLink</a></td>
        <td><span class="parametername">other</span></td>
        <td></td>
      </tr>
    </tbody>
  </table>
  <h2 id="properties">Properties
  </h2>
  <a id="Google_Cloud_Spanner_V1_PlanNode_Types_ChildLink_ChildIndex_" data-uid="Google.Cloud.Spanner.V1.PlanNode.Types.ChildLink.ChildIndex*"></a>
  <h3 id="Google_Cloud_Spanner_V1_PlanNode_Types_ChildLink_ChildIndex" data-uid="Google.Cloud.Spanner.V1.PlanNode.Types.ChildLink.ChildIndex">ChildIndex</h3>
  <div class="markdown level1 summary"><p>The node to which the link points.</p>
</div>
  <div class="markdown level1 conceptual"></div>
  <h4 class="decalaration">Declaration</h4>
  <div class="codewrapper">
    <pre><code class="prettyprint">public int ChildIndex { get; set; }</code></pre>
  </div>
  <h4 class="propertyValue">Property Value</h4>
  <table class="table table-bordered table-striped table-condensed">
    <thead>
      <tr>
        <th>Type</th>
        <th>Description</th>
      </tr>
    </thead>
    <tbody>
      <tr>
        <td><a class="xref" href="https://docs.microsoft.com/dotnet/api/system.int32">Int32</a></td>
        <td></td>
      </tr>
    </tbody>
  </table>
  <a id="Google_Cloud_Spanner_V1_PlanNode_Types_ChildLink_Type_" data-uid="Google.Cloud.Spanner.V1.PlanNode.Types.ChildLink.Type*"></a>
  <h3 id="Google_Cloud_Spanner_V1_PlanNode_Types_ChildLink_Type" data-uid="Google.Cloud.Spanner.V1.PlanNode.Types.ChildLink.Type">Type</h3>
  <div class="markdown level1 summary"><p>The type of the link. For example, in Hash Joins this could be used to
distinguish between the build child and the probe child, or in the case
of the child being an output variable, to represent the tag associated
with the output variable.</p>
</div>
  <div class="markdown level1 conceptual"></div>
  <h4 class="decalaration">Declaration</h4>
  <div class="codewrapper">
    <pre><code class="prettyprint">public string Type { get; set; }</code></pre>
  </div>
  <h4 class="propertyValue">Property Value</h4>
  <table class="table table-bordered table-striped table-condensed">
    <thead>
      <tr>
        <th>Type</th>
        <th>Description</th>
      </tr>
    </thead>
    <tbody>
      <tr>
        <td><a class="xref" href="https://docs.microsoft.com/dotnet/api/system.string">String</a></td>
        <td></td>
      </tr>
    </tbody>
  </table>
  <a id="Google_Cloud_Spanner_V1_PlanNode_Types_ChildLink_Variable_" data-uid="Google.Cloud.Spanner.V1.PlanNode.Types.ChildLink.Variable*"></a>
  <h3 id="Google_Cloud_Spanner_V1_PlanNode_Types_ChildLink_Variable" data-uid="Google.Cloud.Spanner.V1.PlanNode.Types.ChildLink.Variable">Variable</h3>
  <div class="markdown level1 summary"><p>Only present if the child node is [SCALAR][google.spanner.v1.PlanNode.Kind.SCALAR] and corresponds
to an output variable of the parent node. The field carries the name of
the output variable.
For example, a <code>TableScan</code> operator that reads rows from a table will
have child links to the <code>SCALAR</code> nodes representing the output variables
created for each column that is read by the operator. The corresponding
<code>variable</code> fields will be set to the variable names assigned to the
columns.</p>
</div>
  <div class="markdown level1 conceptual"></div>
  <h4 class="decalaration">Declaration</h4>
  <div class="codewrapper">
    <pre><code class="prettyprint">public string Variable { get; set; }</code></pre>
  </div>
  <h4 class="propertyValue">Property Value</h4>
  <table class="table table-bordered table-striped table-condensed">
    <thead>
      <tr>
        <th>Type</th>
        <th>Description</th>
      </tr>
    </thead>
    <tbody>
      <tr>
        <td><a class="xref" href="https://docs.microsoft.com/dotnet/api/system.string">String</a></td>
        <td></td>
      </tr>
    </tbody>
  </table>
  <h2 id="implements">Implements</h2>
  <div>
      <span class="xref">Google.Protobuf.IMessage&lt;T&gt;</span>
  </div>
  <div>
      <a class="xref" href="https://docs.microsoft.com/dotnet/api/system.iequatable-1">System.IEquatable&lt;T&gt;</a>
  </div>
  <div>
      <span class="xref">Google.Protobuf.IDeepCloneable&lt;T&gt;</span>
  </div>
  <div>
      <span class="xref">Google.Protobuf.IBufferMessage</span>
  </div>
  <div>
      <span class="xref">Google.Protobuf.IMessage</span>
  </div>
</article>
    </div>
  </body>
</html>
