<!DOCTYPE html>
<html devsite="">
  <head>
    <meta name="project_path" value="/dotnet/_project.yaml">
    <meta name="book_path" value="/dotnet/_book.yaml">
  </head>
  <body>
    <div>
      <h1 class="page-title">Class ExecuteHelper
</h1>
      <article data-uid="Google.Cloud.Spanner.V1.Internal.ExecuteHelper">
  
  
  <div class="markdown level0 summary"><p>Helper class to wrap operations.</p>
</div>
  <div class="markdown level0 conceptual"></div>
  <div class="inheritance">
    <h5>Inheritance</h5>
    <div class="level0"><a class="xref" href="https://docs.microsoft.com/dotnet/api/system.object">Object</a></div>
    <div class="level1"><span class="xref">ExecuteHelper</span></div>
  </div>
  <div class="inheritedMembers">
    <h5>Inherited Members</h5>
    <div>
      <a class="xref" href="https://docs.microsoft.com/dotnet/api/system.object.gethashcode#System_Object_GetHashCode">Object.GetHashCode()</a>
    </div>
    <div>
      <a class="xref" href="https://docs.microsoft.com/dotnet/api/system.object.gettype#System_Object_GetType">Object.GetType()</a>
    </div>
    <div>
      <a class="xref" href="https://docs.microsoft.com/dotnet/api/system.object.memberwiseclone#System_Object_MemberwiseClone">Object.MemberwiseClone()</a>
    </div>
    <div>
      <a class="xref" href="https://docs.microsoft.com/dotnet/api/system.object.tostring#System_Object_ToString">Object.ToString()</a>
    </div>
  </div>
  <h6><strong>Namespace</strong>: <a class="xref" href="Google.Cloud.Spanner.V1.Internal.html">Google.Cloud.Spanner.V1.Internal</a></h6>
  <h6><strong>Assembly</strong>: Google.Cloud.Spanner.V1.dll</h6>
  <h5 id="Google_Cloud_Spanner_V1_Internal_ExecuteHelper_syntax">Syntax</h5>
  <div class="codewrapper">
    <pre><code class="prettyprint">public static class ExecuteHelper</code></pre>
  </div>
  <h2 id="methods">Methods
  </h2>
  <a id="Google_Cloud_Spanner_V1_Internal_ExecuteHelper_IsSessionExpiredError_" data-uid="Google.Cloud.Spanner.V1.Internal.ExecuteHelper.IsSessionExpiredError*"></a>
  <h3 id="Google_Cloud_Spanner_V1_Internal_ExecuteHelper_IsSessionExpiredError_Grpc_Core_RpcException_" data-uid="Google.Cloud.Spanner.V1.Internal.ExecuteHelper.IsSessionExpiredError(Grpc.Core.RpcException)">IsSessionExpiredError(RpcException)</h3>
  <div class="markdown level1 summary"><p>Determines whether <code data-dev-comment-type="paramref" class="paramref">rpcException</code> is due to a session expiry.</p>
</div>
  <div class="markdown level1 conceptual"></div>
  <h4 class="decalaration">Declaration</h4>
  <div class="codewrapper">
    <pre><code class="prettyprint">public static bool IsSessionExpiredError(this RpcException rpcException)</code></pre>
  </div>
  <h4 class="parameters">Parameters</h4>
  <table class="table table-bordered table-striped table-condensed">
    <thead>
      <tr>
        <th>Type</th>
        <th>Name</th>
        <th>Description</th>
      </tr>
    </thead>
    <tbody>
      <tr>
        <td><span class="xref">Grpc.Core.RpcException</span></td>
        <td><span class="parametername">rpcException</span></td>
        <td></td>
      </tr>
    </tbody>
  </table>
  <h4 class="returns">Returns</h4>
  <table class="table table-bordered table-striped table-condensed">
    <thead>
      <tr>
        <th>Type</th>
        <th>Description</th>
      </tr>
    </thead>
    <tbody>
      <tr>
        <td><a class="xref" href="https://docs.microsoft.com/dotnet/api/system.boolean">Boolean</a></td>
        <td></td>
      </tr>
    </tbody>
  </table>
</article>
    </div>
  </body>
</html>
