<!DOCTYPE html>
<html devsite="">
  <head>
    <meta name="project_path" value="/dotnet/_project.yaml">
    <meta name="book_path" value="/dotnet/_book.yaml">
  </head>
  <body>
    <div>
      <h1 class="page-title">Class QueryPlan
</h1>
      <article data-uid="Google.Cloud.Spanner.V1.QueryPlan">
  
  
  <div class="markdown level0 summary"><p>Contains an ordered list of nodes appearing in the query plan.</p>
</div>
  <div class="markdown level0 conceptual"></div>
  <div class="inheritance">
    <h5>Inheritance</h5>
    <div class="level0"><a class="xref" href="https://docs.microsoft.com/dotnet/api/system.object">Object</a></div>
    <div class="level1"><span class="xref">QueryPlan</span></div>
  </div>
  <div classs="implements">
    <h5>Implements</h5>
    <div><span class="xref">Google.Protobuf.IMessage</span>&lt;<a class="xref" href="Google.Cloud.Spanner.V1.QueryPlan.html">QueryPlan</a>&gt;</div>
    <div><a class="xref" href="https://docs.microsoft.com/dotnet/api/system.iequatable-1">IEquatable</a>&lt;<a class="xref" href="Google.Cloud.Spanner.V1.QueryPlan.html">QueryPlan</a>&gt;</div>
    <div><span class="xref">Google.Protobuf.IDeepCloneable</span>&lt;<a class="xref" href="Google.Cloud.Spanner.V1.QueryPlan.html">QueryPlan</a>&gt;</div>
    <div><span class="xref">Google.Protobuf.IBufferMessage</span></div>
    <div><span class="xref">Google.Protobuf.IMessage</span></div>
  </div>
  <div class="inheritedMembers">
    <h5>Inherited Members</h5>
    <div>
      <a class="xref" href="https://docs.microsoft.com/dotnet/api/system.object.gethashcode#System_Object_GetHashCode">Object.GetHashCode()</a>
    </div>
    <div>
      <a class="xref" href="https://docs.microsoft.com/dotnet/api/system.object.gettype#System_Object_GetType">Object.GetType()</a>
    </div>
    <div>
      <a class="xref" href="https://docs.microsoft.com/dotnet/api/system.object.memberwiseclone#System_Object_MemberwiseClone">Object.MemberwiseClone()</a>
    </div>
    <div>
      <a class="xref" href="https://docs.microsoft.com/dotnet/api/system.object.tostring#System_Object_ToString">Object.ToString()</a>
    </div>
  </div>
  <h6><strong>Namespace</strong>: <a class="xref" href="Google.Cloud.Spanner.V1.html">Google.Cloud.Spanner.V1</a></h6>
  <h6><strong>Assembly</strong>: Google.Cloud.Spanner.V1.dll</h6>
  <h5 id="Google_Cloud_Spanner_V1_QueryPlan_syntax">Syntax</h5>
  <div class="codewrapper">
    <pre><code class="prettyprint">public sealed class QueryPlan : IMessage&lt;QueryPlan&gt;, IEquatable&lt;QueryPlan&gt;, IDeepCloneable&lt;QueryPlan&gt;, IBufferMessage, IMessage</code></pre>
  </div>
  <h2 id="constructors">Constructors
  </h2>
  <a id="Google_Cloud_Spanner_V1_QueryPlan__ctor_" data-uid="Google.Cloud.Spanner.V1.QueryPlan.#ctor*"></a>
  <h3 id="Google_Cloud_Spanner_V1_QueryPlan__ctor" data-uid="Google.Cloud.Spanner.V1.QueryPlan.#ctor">QueryPlan()</h3>
  <div class="markdown level1 summary"></div>
  <div class="markdown level1 conceptual"></div>
  <h4 class="decalaration">Declaration</h4>
  <div class="codewrapper">
    <pre><code class="prettyprint">public QueryPlan()</code></pre>
  </div>
  <a id="Google_Cloud_Spanner_V1_QueryPlan__ctor_" data-uid="Google.Cloud.Spanner.V1.QueryPlan.#ctor*"></a>
  <h3 id="Google_Cloud_Spanner_V1_QueryPlan__ctor_Google_Cloud_Spanner_V1_QueryPlan_" data-uid="Google.Cloud.Spanner.V1.QueryPlan.#ctor(Google.Cloud.Spanner.V1.QueryPlan)">QueryPlan(QueryPlan)</h3>
  <div class="markdown level1 summary"></div>
  <div class="markdown level1 conceptual"></div>
  <h4 class="decalaration">Declaration</h4>
  <div class="codewrapper">
    <pre><code class="prettyprint">public QueryPlan(QueryPlan other)</code></pre>
  </div>
  <h4 class="parameters">Parameters</h4>
  <table class="table table-bordered table-striped table-condensed">
    <thead>
      <tr>
        <th>Type</th>
        <th>Name</th>
        <th>Description</th>
      </tr>
    </thead>
    <tbody>
      <tr>
        <td><a class="xref" href="Google.Cloud.Spanner.V1.QueryPlan.html">QueryPlan</a></td>
        <td><span class="parametername">other</span></td>
        <td></td>
      </tr>
    </tbody>
  </table>
  <h2 id="properties">Properties
  </h2>
  <a id="Google_Cloud_Spanner_V1_QueryPlan_PlanNodes_" data-uid="Google.Cloud.Spanner.V1.QueryPlan.PlanNodes*"></a>
  <h3 id="Google_Cloud_Spanner_V1_QueryPlan_PlanNodes" data-uid="Google.Cloud.Spanner.V1.QueryPlan.PlanNodes">PlanNodes</h3>
  <div class="markdown level1 summary"><p>The nodes in the query plan. Plan nodes are returned in pre-order starting
with the plan root. Each [PlanNode][google.spanner.v1.PlanNode]&apos;s <code>id</code> corresponds to its index in
<code>plan_nodes</code>.</p>
</div>
  <div class="markdown level1 conceptual"></div>
  <h4 class="decalaration">Declaration</h4>
  <div class="codewrapper">
    <pre><code class="prettyprint">public RepeatedField&lt;PlanNode&gt; PlanNodes { get; }</code></pre>
  </div>
  <h4 class="propertyValue">Property Value</h4>
  <table class="table table-bordered table-striped table-condensed">
    <thead>
      <tr>
        <th>Type</th>
        <th>Description</th>
      </tr>
    </thead>
    <tbody>
      <tr>
        <td><span class="xref">Google.Protobuf.Collections.RepeatedField</span>&lt;<a class="xref" href="Google.Cloud.Spanner.V1.PlanNode.html">PlanNode</a>&gt;</td>
        <td></td>
      </tr>
    </tbody>
  </table>
  <h2 id="implements">Implements</h2>
  <div>
      <span class="xref">Google.Protobuf.IMessage&lt;T&gt;</span>
  </div>
  <div>
      <a class="xref" href="https://docs.microsoft.com/dotnet/api/system.iequatable-1">System.IEquatable&lt;T&gt;</a>
  </div>
  <div>
      <span class="xref">Google.Protobuf.IDeepCloneable&lt;T&gt;</span>
  </div>
  <div>
      <span class="xref">Google.Protobuf.IBufferMessage</span>
  </div>
  <div>
      <span class="xref">Google.Protobuf.IMessage</span>
  </div>
</article>
    </div>
  </body>
</html>
