<!DOCTYPE html>
<html devsite="">
  <head>
    <meta name="project_path" value="/dotnet/_project.yaml">
    <meta name="book_path" value="/dotnet/_book.yaml">
  </head>
  <body>
    <div>
      <h1 class="page-title">Class ResultSetStats
</h1>
      <article data-uid="Google.Cloud.Spanner.V1.ResultSetStats">
  
  
  <div class="markdown level0 summary"><p>Additional statistics about a [ResultSet][google.spanner.v1.ResultSet] or [PartialResultSet][google.spanner.v1.PartialResultSet].</p>
</div>
  <div class="markdown level0 conceptual"></div>
  <div class="inheritance">
    <h5>Inheritance</h5>
    <div class="level0"><a class="xref" href="https://docs.microsoft.com/dotnet/api/system.object">Object</a></div>
    <div class="level1"><span class="xref">ResultSetStats</span></div>
  </div>
  <div classs="implements">
    <h5>Implements</h5>
    <div><span class="xref">Google.Protobuf.IMessage</span>&lt;<a class="xref" href="Google.Cloud.Spanner.V1.ResultSetStats.html">ResultSetStats</a>&gt;</div>
    <div><a class="xref" href="https://docs.microsoft.com/dotnet/api/system.iequatable-1">IEquatable</a>&lt;<a class="xref" href="Google.Cloud.Spanner.V1.ResultSetStats.html">ResultSetStats</a>&gt;</div>
    <div><span class="xref">Google.Protobuf.IDeepCloneable</span>&lt;<a class="xref" href="Google.Cloud.Spanner.V1.ResultSetStats.html">ResultSetStats</a>&gt;</div>
    <div><span class="xref">Google.Protobuf.IBufferMessage</span></div>
    <div><span class="xref">Google.Protobuf.IMessage</span></div>
  </div>
  <div class="inheritedMembers">
    <h5>Inherited Members</h5>
    <div>
      <a class="xref" href="https://docs.microsoft.com/dotnet/api/system.object.gethashcode#System_Object_GetHashCode">Object.GetHashCode()</a>
    </div>
    <div>
      <a class="xref" href="https://docs.microsoft.com/dotnet/api/system.object.gettype#System_Object_GetType">Object.GetType()</a>
    </div>
    <div>
      <a class="xref" href="https://docs.microsoft.com/dotnet/api/system.object.memberwiseclone#System_Object_MemberwiseClone">Object.MemberwiseClone()</a>
    </div>
    <div>
      <a class="xref" href="https://docs.microsoft.com/dotnet/api/system.object.tostring#System_Object_ToString">Object.ToString()</a>
    </div>
  </div>
  <h6><strong>Namespace</strong>: <a class="xref" href="Google.Cloud.Spanner.V1.html">Google.Cloud.Spanner.V1</a></h6>
  <h6><strong>Assembly</strong>: Google.Cloud.Spanner.V1.dll</h6>
  <h5 id="Google_Cloud_Spanner_V1_ResultSetStats_syntax">Syntax</h5>
  <div class="codewrapper">
    <pre><code class="prettyprint">public sealed class ResultSetStats : IMessage&lt;ResultSetStats&gt;, IEquatable&lt;ResultSetStats&gt;, IDeepCloneable&lt;ResultSetStats&gt;, IBufferMessage, IMessage</code></pre>
  </div>
  <h2 id="constructors">Constructors
  </h2>
  <a id="Google_Cloud_Spanner_V1_ResultSetStats__ctor_" data-uid="Google.Cloud.Spanner.V1.ResultSetStats.#ctor*"></a>
  <h3 id="Google_Cloud_Spanner_V1_ResultSetStats__ctor" data-uid="Google.Cloud.Spanner.V1.ResultSetStats.#ctor">ResultSetStats()</h3>
  <div class="markdown level1 summary"></div>
  <div class="markdown level1 conceptual"></div>
  <h4 class="decalaration">Declaration</h4>
  <div class="codewrapper">
    <pre><code class="prettyprint">public ResultSetStats()</code></pre>
  </div>
  <a id="Google_Cloud_Spanner_V1_ResultSetStats__ctor_" data-uid="Google.Cloud.Spanner.V1.ResultSetStats.#ctor*"></a>
  <h3 id="Google_Cloud_Spanner_V1_ResultSetStats__ctor_Google_Cloud_Spanner_V1_ResultSetStats_" data-uid="Google.Cloud.Spanner.V1.ResultSetStats.#ctor(Google.Cloud.Spanner.V1.ResultSetStats)">ResultSetStats(ResultSetStats)</h3>
  <div class="markdown level1 summary"></div>
  <div class="markdown level1 conceptual"></div>
  <h4 class="decalaration">Declaration</h4>
  <div class="codewrapper">
    <pre><code class="prettyprint">public ResultSetStats(ResultSetStats other)</code></pre>
  </div>
  <h4 class="parameters">Parameters</h4>
  <table class="table table-bordered table-striped table-condensed">
    <thead>
      <tr>
        <th>Type</th>
        <th>Name</th>
        <th>Description</th>
      </tr>
    </thead>
    <tbody>
      <tr>
        <td><a class="xref" href="Google.Cloud.Spanner.V1.ResultSetStats.html">ResultSetStats</a></td>
        <td><span class="parametername">other</span></td>
        <td></td>
      </tr>
    </tbody>
  </table>
  <h2 id="properties">Properties
  </h2>
  <a id="Google_Cloud_Spanner_V1_ResultSetStats_QueryPlan_" data-uid="Google.Cloud.Spanner.V1.ResultSetStats.QueryPlan*"></a>
  <h3 id="Google_Cloud_Spanner_V1_ResultSetStats_QueryPlan" data-uid="Google.Cloud.Spanner.V1.ResultSetStats.QueryPlan">QueryPlan</h3>
  <div class="markdown level1 summary"><p>[QueryPlan][google.spanner.v1.QueryPlan] for the query associated with this result.</p>
</div>
  <div class="markdown level1 conceptual"></div>
  <h4 class="decalaration">Declaration</h4>
  <div class="codewrapper">
    <pre><code class="prettyprint">public QueryPlan QueryPlan { get; set; }</code></pre>
  </div>
  <h4 class="propertyValue">Property Value</h4>
  <table class="table table-bordered table-striped table-condensed">
    <thead>
      <tr>
        <th>Type</th>
        <th>Description</th>
      </tr>
    </thead>
    <tbody>
      <tr>
        <td><a class="xref" href="Google.Cloud.Spanner.V1.QueryPlan.html">QueryPlan</a></td>
        <td></td>
      </tr>
    </tbody>
  </table>
  <a id="Google_Cloud_Spanner_V1_ResultSetStats_QueryStats_" data-uid="Google.Cloud.Spanner.V1.ResultSetStats.QueryStats*"></a>
  <h3 id="Google_Cloud_Spanner_V1_ResultSetStats_QueryStats" data-uid="Google.Cloud.Spanner.V1.ResultSetStats.QueryStats">QueryStats</h3>
  <div class="markdown level1 summary"><p>Aggregated statistics from the execution of the query. Only present when
the query is profiled. For example, a query could return the statistics as
follows:</p>
<p>{
 &quot;rows_returned&quot;: &quot;3&quot;,
 &quot;elapsed_time&quot;: &quot;1.22 secs&quot;,
 &quot;cpu_time&quot;: &quot;1.19 secs&quot;
}</p>
</div>
  <div class="markdown level1 conceptual"></div>
  <h4 class="decalaration">Declaration</h4>
  <div class="codewrapper">
    <pre><code class="prettyprint">public Struct QueryStats { get; set; }</code></pre>
  </div>
  <h4 class="propertyValue">Property Value</h4>
  <table class="table table-bordered table-striped table-condensed">
    <thead>
      <tr>
        <th>Type</th>
        <th>Description</th>
      </tr>
    </thead>
    <tbody>
      <tr>
        <td><span class="xref">Google.Protobuf.WellKnownTypes.Struct</span></td>
        <td></td>
      </tr>
    </tbody>
  </table>
  <a id="Google_Cloud_Spanner_V1_ResultSetStats_RowCountCase_" data-uid="Google.Cloud.Spanner.V1.ResultSetStats.RowCountCase*"></a>
  <h3 id="Google_Cloud_Spanner_V1_ResultSetStats_RowCountCase" data-uid="Google.Cloud.Spanner.V1.ResultSetStats.RowCountCase">RowCountCase</h3>
  <div class="markdown level1 summary"></div>
  <div class="markdown level1 conceptual"></div>
  <h4 class="decalaration">Declaration</h4>
  <div class="codewrapper">
    <pre><code class="prettyprint">public ResultSetStats.RowCountOneofCase RowCountCase { get; }</code></pre>
  </div>
  <h4 class="propertyValue">Property Value</h4>
  <table class="table table-bordered table-striped table-condensed">
    <thead>
      <tr>
        <th>Type</th>
        <th>Description</th>
      </tr>
    </thead>
    <tbody>
      <tr>
        <td><a class="xref" href="Google.Cloud.Spanner.V1.ResultSetStats.RowCountOneofCase.html">ResultSetStats.RowCountOneofCase</a></td>
        <td></td>
      </tr>
    </tbody>
  </table>
  <a id="Google_Cloud_Spanner_V1_ResultSetStats_RowCountExact_" data-uid="Google.Cloud.Spanner.V1.ResultSetStats.RowCountExact*"></a>
  <h3 id="Google_Cloud_Spanner_V1_ResultSetStats_RowCountExact" data-uid="Google.Cloud.Spanner.V1.ResultSetStats.RowCountExact">RowCountExact</h3>
  <div class="markdown level1 summary"><p>Standard DML returns an exact count of rows that were modified.</p>
</div>
  <div class="markdown level1 conceptual"></div>
  <h4 class="decalaration">Declaration</h4>
  <div class="codewrapper">
    <pre><code class="prettyprint">public long RowCountExact { get; set; }</code></pre>
  </div>
  <h4 class="propertyValue">Property Value</h4>
  <table class="table table-bordered table-striped table-condensed">
    <thead>
      <tr>
        <th>Type</th>
        <th>Description</th>
      </tr>
    </thead>
    <tbody>
      <tr>
        <td><a class="xref" href="https://docs.microsoft.com/dotnet/api/system.int64">Int64</a></td>
        <td></td>
      </tr>
    </tbody>
  </table>
  <a id="Google_Cloud_Spanner_V1_ResultSetStats_RowCountLowerBound_" data-uid="Google.Cloud.Spanner.V1.ResultSetStats.RowCountLowerBound*"></a>
  <h3 id="Google_Cloud_Spanner_V1_ResultSetStats_RowCountLowerBound" data-uid="Google.Cloud.Spanner.V1.ResultSetStats.RowCountLowerBound">RowCountLowerBound</h3>
  <div class="markdown level1 summary"><p>Partitioned DML does not offer exactly-once semantics, so it
returns a lower bound of the rows modified.</p>
</div>
  <div class="markdown level1 conceptual"></div>
  <h4 class="decalaration">Declaration</h4>
  <div class="codewrapper">
    <pre><code class="prettyprint">public long RowCountLowerBound { get; set; }</code></pre>
  </div>
  <h4 class="propertyValue">Property Value</h4>
  <table class="table table-bordered table-striped table-condensed">
    <thead>
      <tr>
        <th>Type</th>
        <th>Description</th>
      </tr>
    </thead>
    <tbody>
      <tr>
        <td><a class="xref" href="https://docs.microsoft.com/dotnet/api/system.int64">Int64</a></td>
        <td></td>
      </tr>
    </tbody>
  </table>
  <h2 id="implements">Implements</h2>
  <div>
      <span class="xref">Google.Protobuf.IMessage&lt;T&gt;</span>
  </div>
  <div>
      <a class="xref" href="https://docs.microsoft.com/dotnet/api/system.iequatable-1">System.IEquatable&lt;T&gt;</a>
  </div>
  <div>
      <span class="xref">Google.Protobuf.IDeepCloneable&lt;T&gt;</span>
  </div>
  <div>
      <span class="xref">Google.Protobuf.IBufferMessage</span>
  </div>
  <div>
      <span class="xref">Google.Protobuf.IMessage</span>
  </div>
</article>
    </div>
  </body>
</html>
