<!DOCTYPE html>
<html devsite="">
  <head>
    <meta name="project_path" value="/dotnet/_project.yaml">
    <meta name="book_path" value="/dotnet/_book.yaml">
  </head>
  <body>
    <div>
      <h1 class="page-title">Class Spanner
</h1>
      <article data-uid="Google.Cloud.Spanner.V1.Spanner">
  
  
  <div class="markdown level0 summary"><p>Cloud Spanner API</p>
<p>The Cloud Spanner API can be used to manage sessions and execute
transactions on data stored in Cloud Spanner databases.</p>
</div>
  <div class="markdown level0 conceptual"></div>
  <div class="inheritance">
    <h5>Inheritance</h5>
    <div class="level0"><a class="xref" href="https://docs.microsoft.com/dotnet/api/system.object">Object</a></div>
    <div class="level1"><span class="xref">Spanner</span></div>
  </div>
  <div class="inheritedMembers">
    <h5>Inherited Members</h5>
    <div>
      <a class="xref" href="https://docs.microsoft.com/dotnet/api/system.object.gethashcode#System_Object_GetHashCode">Object.GetHashCode()</a>
    </div>
    <div>
      <a class="xref" href="https://docs.microsoft.com/dotnet/api/system.object.gettype#System_Object_GetType">Object.GetType()</a>
    </div>
    <div>
      <a class="xref" href="https://docs.microsoft.com/dotnet/api/system.object.memberwiseclone#System_Object_MemberwiseClone">Object.MemberwiseClone()</a>
    </div>
    <div>
      <a class="xref" href="https://docs.microsoft.com/dotnet/api/system.object.tostring#System_Object_ToString">Object.ToString()</a>
    </div>
  </div>
  <h6><strong>Namespace</strong>: <a class="xref" href="Google.Cloud.Spanner.V1.html">Google.Cloud.Spanner.V1</a></h6>
  <h6><strong>Assembly</strong>: Google.Cloud.Spanner.V1.dll</h6>
  <h5 id="Google_Cloud_Spanner_V1_Spanner_syntax">Syntax</h5>
  <div class="codewrapper">
    <pre><code class="prettyprint">public static class Spanner</code></pre>
  </div>
  <h2 id="methods">Methods
  </h2>
  <a id="Google_Cloud_Spanner_V1_Spanner_BindService_" data-uid="Google.Cloud.Spanner.V1.Spanner.BindService*"></a>
  <h3 id="Google_Cloud_Spanner_V1_Spanner_BindService_Google_Cloud_Spanner_V1_Spanner_SpannerBase_" data-uid="Google.Cloud.Spanner.V1.Spanner.BindService(Google.Cloud.Spanner.V1.Spanner.SpannerBase)">BindService(Spanner.SpannerBase)</h3>
  <div class="markdown level1 summary"><p>Creates service definition that can be registered with a server</p>
</div>
  <div class="markdown level1 conceptual"></div>
  <h4 class="decalaration">Declaration</h4>
  <div class="codewrapper">
    <pre><code class="prettyprint">public static ServerServiceDefinition BindService(Spanner.SpannerBase serviceImpl)</code></pre>
  </div>
  <h4 class="parameters">Parameters</h4>
  <table class="table table-bordered table-striped table-condensed">
    <thead>
      <tr>
        <th>Type</th>
        <th>Name</th>
        <th>Description</th>
      </tr>
    </thead>
    <tbody>
      <tr>
        <td><a class="xref" href="Google.Cloud.Spanner.V1.Spanner.SpannerBase.html">Spanner.SpannerBase</a></td>
        <td><span class="parametername">serviceImpl</span></td>
        <td><p>An object implementing the server-side handling logic.</p>
</td>
      </tr>
    </tbody>
  </table>
  <h4 class="returns">Returns</h4>
  <table class="table table-bordered table-striped table-condensed">
    <thead>
      <tr>
        <th>Type</th>
        <th>Description</th>
      </tr>
    </thead>
    <tbody>
      <tr>
        <td><span class="xref">Grpc.Core.ServerServiceDefinition</span></td>
        <td></td>
      </tr>
    </tbody>
  </table>
  <a id="Google_Cloud_Spanner_V1_Spanner_BindService_" data-uid="Google.Cloud.Spanner.V1.Spanner.BindService*"></a>
  <h3 id="Google_Cloud_Spanner_V1_Spanner_BindService_Grpc_Core_ServiceBinderBase_Google_Cloud_Spanner_V1_Spanner_SpannerBase_" data-uid="Google.Cloud.Spanner.V1.Spanner.BindService(Grpc.Core.ServiceBinderBase,Google.Cloud.Spanner.V1.Spanner.SpannerBase)">BindService(ServiceBinderBase, Spanner.SpannerBase)</h3>
  <div class="markdown level1 summary"><p>Register service method with a service binder with or without implementation. Useful when customizing the  service binding logic.
Note: this method is part of an experimental API that can change or be removed without any prior notice.</p>
</div>
  <div class="markdown level1 conceptual"></div>
  <h4 class="decalaration">Declaration</h4>
  <div class="codewrapper">
    <pre><code class="prettyprint">public static void BindService(ServiceBinderBase serviceBinder, Spanner.SpannerBase serviceImpl)</code></pre>
  </div>
  <h4 class="parameters">Parameters</h4>
  <table class="table table-bordered table-striped table-condensed">
    <thead>
      <tr>
        <th>Type</th>
        <th>Name</th>
        <th>Description</th>
      </tr>
    </thead>
    <tbody>
      <tr>
        <td><span class="xref">Grpc.Core.ServiceBinderBase</span></td>
        <td><span class="parametername">serviceBinder</span></td>
        <td><p>Service methods will be bound by calling <code>AddMethod</code> on this object.</p>
</td>
      </tr>
      <tr>
        <td><a class="xref" href="Google.Cloud.Spanner.V1.Spanner.SpannerBase.html">Spanner.SpannerBase</a></td>
        <td><span class="parametername">serviceImpl</span></td>
        <td><p>An object implementing the server-side handling logic.</p>
</td>
      </tr>
    </tbody>
  </table>
</article>
    </div>
  </body>
</html>
