<!DOCTYPE html>
<html devsite="">
  <head>
    <meta name="project_path" value="/dotnet/_project.yaml">
    <meta name="book_path" value="/dotnet/_book.yaml">
  </head>
  <body>
    <div>
      <h1 class="page-title">Class Session
</h1>
      <article data-uid="Google.Cloud.Spanner.V1.Session">
  
  
  <div class="markdown level0 summary"><p>A session in the Cloud Spanner API.</p>
</div>
  <div class="markdown level0 conceptual"></div>
  <div class="inheritance">
    <h5>Inheritance</h5>
    <div class="level0"><a class="xref" href="https://docs.microsoft.com/dotnet/api/system.object">Object</a></div>
    <div class="level1"><span class="xref">Session</span></div>
  </div>
  <div classs="implements">
    <h5>Implements</h5>
    <div><span class="xref">Google.Protobuf.IMessage</span>&lt;<a class="xref" href="Google.Cloud.Spanner.V1.Session.html">Session</a>&gt;</div>
    <div><a class="xref" href="https://docs.microsoft.com/dotnet/api/system.iequatable-1">IEquatable</a>&lt;<a class="xref" href="Google.Cloud.Spanner.V1.Session.html">Session</a>&gt;</div>
    <div><span class="xref">Google.Protobuf.IDeepCloneable</span>&lt;<a class="xref" href="Google.Cloud.Spanner.V1.Session.html">Session</a>&gt;</div>
    <div><span class="xref">Google.Protobuf.IBufferMessage</span></div>
    <div><span class="xref">Google.Protobuf.IMessage</span></div>
  </div>
  <div class="inheritedMembers">
    <h5>Inherited Members</h5>
    <div>
      <a class="xref" href="https://docs.microsoft.com/dotnet/api/system.object.gethashcode#System_Object_GetHashCode">Object.GetHashCode()</a>
    </div>
    <div>
      <a class="xref" href="https://docs.microsoft.com/dotnet/api/system.object.gettype#System_Object_GetType">Object.GetType()</a>
    </div>
    <div>
      <a class="xref" href="https://docs.microsoft.com/dotnet/api/system.object.memberwiseclone#System_Object_MemberwiseClone">Object.MemberwiseClone()</a>
    </div>
    <div>
      <a class="xref" href="https://docs.microsoft.com/dotnet/api/system.object.tostring#System_Object_ToString">Object.ToString()</a>
    </div>
  </div>
  <h6><strong>Namespace</strong>: <a class="xref" href="Google.Cloud.Spanner.V1.html">Google.Cloud.Spanner.V1</a></h6>
  <h6><strong>Assembly</strong>: Google.Cloud.Spanner.V1.dll</h6>
  <h5 id="Google_Cloud_Spanner_V1_Session_syntax">Syntax</h5>
  <div class="codewrapper">
    <pre><code class="prettyprint">public sealed class Session : IMessage&lt;Session&gt;, IEquatable&lt;Session&gt;, IDeepCloneable&lt;Session&gt;, IBufferMessage, IMessage</code></pre>
  </div>
  <h2 id="constructors">Constructors
  </h2>
  <a id="Google_Cloud_Spanner_V1_Session__ctor_" data-uid="Google.Cloud.Spanner.V1.Session.#ctor*"></a>
  <h3 id="Google_Cloud_Spanner_V1_Session__ctor" data-uid="Google.Cloud.Spanner.V1.Session.#ctor">Session()</h3>
  <div class="markdown level1 summary"></div>
  <div class="markdown level1 conceptual"></div>
  <h4 class="decalaration">Declaration</h4>
  <div class="codewrapper">
    <pre><code class="prettyprint">public Session()</code></pre>
  </div>
  <a id="Google_Cloud_Spanner_V1_Session__ctor_" data-uid="Google.Cloud.Spanner.V1.Session.#ctor*"></a>
  <h3 id="Google_Cloud_Spanner_V1_Session__ctor_Google_Cloud_Spanner_V1_Session_" data-uid="Google.Cloud.Spanner.V1.Session.#ctor(Google.Cloud.Spanner.V1.Session)">Session(Session)</h3>
  <div class="markdown level1 summary"></div>
  <div class="markdown level1 conceptual"></div>
  <h4 class="decalaration">Declaration</h4>
  <div class="codewrapper">
    <pre><code class="prettyprint">public Session(Session other)</code></pre>
  </div>
  <h4 class="parameters">Parameters</h4>
  <table class="table table-bordered table-striped table-condensed">
    <thead>
      <tr>
        <th>Type</th>
        <th>Name</th>
        <th>Description</th>
      </tr>
    </thead>
    <tbody>
      <tr>
        <td><a class="xref" href="Google.Cloud.Spanner.V1.Session.html">Session</a></td>
        <td><span class="parametername">other</span></td>
        <td></td>
      </tr>
    </tbody>
  </table>
  <h2 id="properties">Properties
  </h2>
  <a id="Google_Cloud_Spanner_V1_Session_ApproximateLastUseTime_" data-uid="Google.Cloud.Spanner.V1.Session.ApproximateLastUseTime*"></a>
  <h3 id="Google_Cloud_Spanner_V1_Session_ApproximateLastUseTime" data-uid="Google.Cloud.Spanner.V1.Session.ApproximateLastUseTime">ApproximateLastUseTime</h3>
  <div class="markdown level1 summary"><p>Output only. The approximate timestamp when the session is last used. It is
typically earlier than the actual last use time.</p>
</div>
  <div class="markdown level1 conceptual"></div>
  <h4 class="decalaration">Declaration</h4>
  <div class="codewrapper">
    <pre><code class="prettyprint">public Timestamp ApproximateLastUseTime { get; set; }</code></pre>
  </div>
  <h4 class="propertyValue">Property Value</h4>
  <table class="table table-bordered table-striped table-condensed">
    <thead>
      <tr>
        <th>Type</th>
        <th>Description</th>
      </tr>
    </thead>
    <tbody>
      <tr>
        <td><span class="xref">Google.Protobuf.WellKnownTypes.Timestamp</span></td>
        <td></td>
      </tr>
    </tbody>
  </table>
  <a id="Google_Cloud_Spanner_V1_Session_CreateTime_" data-uid="Google.Cloud.Spanner.V1.Session.CreateTime*"></a>
  <h3 id="Google_Cloud_Spanner_V1_Session_CreateTime" data-uid="Google.Cloud.Spanner.V1.Session.CreateTime">CreateTime</h3>
  <div class="markdown level1 summary"><p>Output only. The timestamp when the session is created.</p>
</div>
  <div class="markdown level1 conceptual"></div>
  <h4 class="decalaration">Declaration</h4>
  <div class="codewrapper">
    <pre><code class="prettyprint">public Timestamp CreateTime { get; set; }</code></pre>
  </div>
  <h4 class="propertyValue">Property Value</h4>
  <table class="table table-bordered table-striped table-condensed">
    <thead>
      <tr>
        <th>Type</th>
        <th>Description</th>
      </tr>
    </thead>
    <tbody>
      <tr>
        <td><span class="xref">Google.Protobuf.WellKnownTypes.Timestamp</span></td>
        <td></td>
      </tr>
    </tbody>
  </table>
  <a id="Google_Cloud_Spanner_V1_Session_Labels_" data-uid="Google.Cloud.Spanner.V1.Session.Labels*"></a>
  <h3 id="Google_Cloud_Spanner_V1_Session_Labels" data-uid="Google.Cloud.Spanner.V1.Session.Labels">Labels</h3>
  <div class="markdown level1 summary"><p>The labels for the session.</p>
<ul>
<li>Label keys must be between 1 and 63 characters long and must conform to
the following regular expression: <code>[a-z]([-a-z0-9]*[a-z0-9])?</code>.</li>
<li>Label values must be between 0 and 63 characters long and must conform
to the regular expression <code>([a-z]([-a-z0-9]*[a-z0-9])?)?</code>.</li>
<li>No more than 64 labels can be associated with a given session.</li>
</ul>
<p>See <a href="https://goo.gl/xmQnxf">https://goo.gl/xmQnxf</a> for more information on and examples of labels.</p>
</div>
  <div class="markdown level1 conceptual"></div>
  <h4 class="decalaration">Declaration</h4>
  <div class="codewrapper">
    <pre><code class="prettyprint">public MapField&lt;string, string&gt; Labels { get; }</code></pre>
  </div>
  <h4 class="propertyValue">Property Value</h4>
  <table class="table table-bordered table-striped table-condensed">
    <thead>
      <tr>
        <th>Type</th>
        <th>Description</th>
      </tr>
    </thead>
    <tbody>
      <tr>
        <td><span class="xref">Google.Protobuf.Collections.MapField</span>&lt;<a class="xref" href="https://docs.microsoft.com/dotnet/api/system.string">String</a>, <a class="xref" href="https://docs.microsoft.com/dotnet/api/system.string">String</a>&gt;</td>
        <td></td>
      </tr>
    </tbody>
  </table>
  <a id="Google_Cloud_Spanner_V1_Session_Name_" data-uid="Google.Cloud.Spanner.V1.Session.Name*"></a>
  <h3 id="Google_Cloud_Spanner_V1_Session_Name" data-uid="Google.Cloud.Spanner.V1.Session.Name">Name</h3>
  <div class="markdown level1 summary"><p>Output only. The name of the session. This is always system-assigned.</p>
</div>
  <div class="markdown level1 conceptual"></div>
  <h4 class="decalaration">Declaration</h4>
  <div class="codewrapper">
    <pre><code class="prettyprint">public string Name { get; set; }</code></pre>
  </div>
  <h4 class="propertyValue">Property Value</h4>
  <table class="table table-bordered table-striped table-condensed">
    <thead>
      <tr>
        <th>Type</th>
        <th>Description</th>
      </tr>
    </thead>
    <tbody>
      <tr>
        <td><a class="xref" href="https://docs.microsoft.com/dotnet/api/system.string">String</a></td>
        <td></td>
      </tr>
    </tbody>
  </table>
  <a id="Google_Cloud_Spanner_V1_Session_SessionName_" data-uid="Google.Cloud.Spanner.V1.Session.SessionName*"></a>
  <h3 id="Google_Cloud_Spanner_V1_Session_SessionName" data-uid="Google.Cloud.Spanner.V1.Session.SessionName">SessionName</h3>
  <div class="markdown level1 summary"><p><a class="xref" href="Google.Cloud.Spanner.V1.SessionName.html">SessionName</a>-typed view over the <a class="xref" href="Google.Cloud.Spanner.V1.Session.html#Google_Cloud_Spanner_V1_Session_Name">Name</a> resource name property.</p>
</div>
  <div class="markdown level1 conceptual"></div>
  <h4 class="decalaration">Declaration</h4>
  <div class="codewrapper">
    <pre><code class="prettyprint">public SessionName SessionName { get; set; }</code></pre>
  </div>
  <h4 class="propertyValue">Property Value</h4>
  <table class="table table-bordered table-striped table-condensed">
    <thead>
      <tr>
        <th>Type</th>
        <th>Description</th>
      </tr>
    </thead>
    <tbody>
      <tr>
        <td><a class="xref" href="Google.Cloud.Spanner.V1.SessionName.html">SessionName</a></td>
        <td></td>
      </tr>
    </tbody>
  </table>
  <h2 id="implements">Implements</h2>
  <div>
      <span class="xref">Google.Protobuf.IMessage&lt;T&gt;</span>
  </div>
  <div>
      <a class="xref" href="https://docs.microsoft.com/dotnet/api/system.iequatable-1">System.IEquatable&lt;T&gt;</a>
  </div>
  <div>
      <span class="xref">Google.Protobuf.IDeepCloneable&lt;T&gt;</span>
  </div>
  <div>
      <span class="xref">Google.Protobuf.IBufferMessage</span>
  </div>
  <div>
      <span class="xref">Google.Protobuf.IMessage</span>
  </div>
</article>
    </div>
  </body>
</html>
