<!DOCTYPE html>
<html devsite="">
  <head>
    <meta name="project_path" value="/dotnet/_project.yaml">
    <meta name="book_path" value="/dotnet/_book.yaml">
  </head>
  <body>
    <div>
      <h1 class="page-title">Google.Cloud.Spanner.V1</h1>
      <article data-uid="">
<h1 id="googlecloudspannerv1">Google.Cloud.Spanner.V1</h1>

<p>The <code>Google.Cloud.Spanner.V1</code> package provides low-level access to the Google Cloud Spanner API.
This is not recommended for most scenarios. Where possible, use the
<a href="../../Google.Cloud.Spanner.Data/">Spanner ADO.NET provider</a> instead. (That in turn depends on this package,
but provides a much more user-friendly API, and takes care of a lot of resource management automatically.)</p>
<h1 id="installation">Installation</h1>
<p>Install the <code>Google.Cloud.Spanner.V1</code> package from NuGet. Add it to
your project in the normal way (for example by right-clicking on the
project in Visual Studio and choosing &quot;Manage NuGet Packages...&quot;).</p>
<h1 id="authentication">Authentication</h1>
<p>When running on Google Cloud Platform, no action needs to be taken to authenticate.</p>
<p>Otherwise, the simplest way of authenticating your API calls is to
download a service account JSON file then set the <code>GOOGLE_APPLICATION_CREDENTIALS</code> environment variable to refer to it.
The credentials will automatically be used to authenticate. See the <a href="https://cloud.google.com/docs/authentication/getting-started">Getting Started With
Authentication</a> guide for more details.</p>
</article>
    </div>
  </body>
</html>
