
toc:
- title: com.google.cloud.bigquery.benchmark
  section:
  - title: Benchmark
    path: /java/docs/reference/google-cloud-bigquery/latest/com.google.cloud.bigquery.benchmark.Benchmark.html
- title: com.google.cloud.bigquery
  section:
  - title: Acl
    path: /java/docs/reference/google-cloud-bigquery/latest/com.google.cloud.bigquery.Acl.html
  - title: Acl.Domain
    path: /java/docs/reference/google-cloud-bigquery/latest/com.google.cloud.bigquery.Acl.Domain.html#com_google_cloud_bigquery_Acl_Domain
  - title: Acl.Entity
    path: /java/docs/reference/google-cloud-bigquery/latest/com.google.cloud.bigquery.Acl.Entity.html#com_google_cloud_bigquery_Acl_Entity
  - title: Acl.Entity.Type
    path: /java/docs/reference/google-cloud-bigquery/latest/com.google.cloud.bigquery.Acl.Entity.Type.html#com_google_cloud_bigquery_Acl_Entity_Type
  - title: Acl.Group
    path: /java/docs/reference/google-cloud-bigquery/latest/com.google.cloud.bigquery.Acl.Group.html#com_google_cloud_bigquery_Acl_Group
  - title: Acl.IamMember
    path: /java/docs/reference/google-cloud-bigquery/latest/com.google.cloud.bigquery.Acl.IamMember.html#com_google_cloud_bigquery_Acl_IamMember
  - title: Acl.Role
    path: /java/docs/reference/google-cloud-bigquery/latest/com.google.cloud.bigquery.Acl.Role.html#com_google_cloud_bigquery_Acl_Role
  - title: Acl.Routine
    path: /java/docs/reference/google-cloud-bigquery/latest/com.google.cloud.bigquery.Acl.Routine.html#com_google_cloud_bigquery_Acl_Routine
  - title: Acl.User
    path: /java/docs/reference/google-cloud-bigquery/latest/com.google.cloud.bigquery.Acl.User.html#com_google_cloud_bigquery_Acl_User
  - title: Acl.View
    path: /java/docs/reference/google-cloud-bigquery/latest/com.google.cloud.bigquery.Acl.View.html#com_google_cloud_bigquery_Acl_View
  - title: BigQuery
    path: /java/docs/reference/google-cloud-bigquery/latest/com.google.cloud.bigquery.BigQuery.html
  - title: BigQuery.DatasetDeleteOption
    path: /java/docs/reference/google-cloud-bigquery/latest/com.google.cloud.bigquery.BigQuery.DatasetDeleteOption.html#com_google_cloud_bigquery_BigQuery_DatasetDeleteOption
  - title: BigQuery.DatasetField
    path: /java/docs/reference/google-cloud-bigquery/latest/com.google.cloud.bigquery.BigQuery.DatasetField.html#com_google_cloud_bigquery_BigQuery_DatasetField
  - title: BigQuery.DatasetListOption
    path: /java/docs/reference/google-cloud-bigquery/latest/com.google.cloud.bigquery.BigQuery.DatasetListOption.html#com_google_cloud_bigquery_BigQuery_DatasetListOption
  - title: BigQuery.DatasetOption
    path: /java/docs/reference/google-cloud-bigquery/latest/com.google.cloud.bigquery.BigQuery.DatasetOption.html#com_google_cloud_bigquery_BigQuery_DatasetOption
  - title: BigQuery.IAMOption
    path: /java/docs/reference/google-cloud-bigquery/latest/com.google.cloud.bigquery.BigQuery.IAMOption.html#com_google_cloud_bigquery_BigQuery_IAMOption
  - title: BigQuery.JobField
    path: /java/docs/reference/google-cloud-bigquery/latest/com.google.cloud.bigquery.BigQuery.JobField.html#com_google_cloud_bigquery_BigQuery_JobField
  - title: BigQuery.JobListOption
    path: /java/docs/reference/google-cloud-bigquery/latest/com.google.cloud.bigquery.BigQuery.JobListOption.html#com_google_cloud_bigquery_BigQuery_JobListOption
  - title: BigQuery.JobOption
    path: /java/docs/reference/google-cloud-bigquery/latest/com.google.cloud.bigquery.BigQuery.JobOption.html#com_google_cloud_bigquery_BigQuery_JobOption
  - title: BigQuery.ModelField
    path: /java/docs/reference/google-cloud-bigquery/latest/com.google.cloud.bigquery.BigQuery.ModelField.html#com_google_cloud_bigquery_BigQuery_ModelField
  - title: BigQuery.ModelListOption
    path: /java/docs/reference/google-cloud-bigquery/latest/com.google.cloud.bigquery.BigQuery.ModelListOption.html#com_google_cloud_bigquery_BigQuery_ModelListOption
  - title: BigQuery.ModelOption
    path: /java/docs/reference/google-cloud-bigquery/latest/com.google.cloud.bigquery.BigQuery.ModelOption.html#com_google_cloud_bigquery_BigQuery_ModelOption
  - title: BigQuery.QueryOption
    path: /java/docs/reference/google-cloud-bigquery/latest/com.google.cloud.bigquery.BigQuery.QueryOption.html#com_google_cloud_bigquery_BigQuery_QueryOption
  - title: BigQuery.QueryResultsOption
    path: /java/docs/reference/google-cloud-bigquery/latest/com.google.cloud.bigquery.BigQuery.QueryResultsOption.html#com_google_cloud_bigquery_BigQuery_QueryResultsOption
  - title: BigQuery.RoutineField
    path: /java/docs/reference/google-cloud-bigquery/latest/com.google.cloud.bigquery.BigQuery.RoutineField.html#com_google_cloud_bigquery_BigQuery_RoutineField
  - title: BigQuery.RoutineListOption
    path: /java/docs/reference/google-cloud-bigquery/latest/com.google.cloud.bigquery.BigQuery.RoutineListOption.html#com_google_cloud_bigquery_BigQuery_RoutineListOption
  - title: BigQuery.RoutineOption
    path: /java/docs/reference/google-cloud-bigquery/latest/com.google.cloud.bigquery.BigQuery.RoutineOption.html#com_google_cloud_bigquery_BigQuery_RoutineOption
  - title: BigQuery.TableDataListOption
    path: /java/docs/reference/google-cloud-bigquery/latest/com.google.cloud.bigquery.BigQuery.TableDataListOption.html#com_google_cloud_bigquery_BigQuery_TableDataListOption
  - title: BigQuery.TableField
    path: /java/docs/reference/google-cloud-bigquery/latest/com.google.cloud.bigquery.BigQuery.TableField.html#com_google_cloud_bigquery_BigQuery_TableField
  - title: BigQuery.TableListOption
    path: /java/docs/reference/google-cloud-bigquery/latest/com.google.cloud.bigquery.BigQuery.TableListOption.html#com_google_cloud_bigquery_BigQuery_TableListOption
  - title: BigQuery.TableOption
    path: /java/docs/reference/google-cloud-bigquery/latest/com.google.cloud.bigquery.BigQuery.TableOption.html#com_google_cloud_bigquery_BigQuery_TableOption
  - title: BigQueryError
    path: /java/docs/reference/google-cloud-bigquery/latest/com.google.cloud.bigquery.BigQueryError.html
  - title: BigQueryException
    path: /java/docs/reference/google-cloud-bigquery/latest/com.google.cloud.bigquery.BigQueryException.html
  - title: BigQueryFactory
    path: /java/docs/reference/google-cloud-bigquery/latest/com.google.cloud.bigquery.BigQueryFactory.html
  - title: BigQueryOptions
    path: /java/docs/reference/google-cloud-bigquery/latest/com.google.cloud.bigquery.BigQueryOptions.html
  - title: BigQueryOptions.Builder
    path: /java/docs/reference/google-cloud-bigquery/latest/com.google.cloud.bigquery.BigQueryOptions.Builder.html#com_google_cloud_bigquery_BigQueryOptions_Builder
  - title: BigQueryOptions.DefaultBigQueryFactory
    path: /java/docs/reference/google-cloud-bigquery/latest/com.google.cloud.bigquery.BigQueryOptions.DefaultBigQueryFactory.html#com_google_cloud_bigquery_BigQueryOptions_DefaultBigQueryFactory
  - title: BigQueryOptions.DefaultBigQueryRpcFactory
    path: /java/docs/reference/google-cloud-bigquery/latest/com.google.cloud.bigquery.BigQueryOptions.DefaultBigQueryRpcFactory.html#com_google_cloud_bigquery_BigQueryOptions_DefaultBigQueryRpcFactory
  - title: BigtableColumn
    path: /java/docs/reference/google-cloud-bigquery/latest/com.google.cloud.bigquery.BigtableColumn.html
  - title: BigtableColumn.Builder
    path: /java/docs/reference/google-cloud-bigquery/latest/com.google.cloud.bigquery.BigtableColumn.Builder.html#com_google_cloud_bigquery_BigtableColumn_Builder
  - title: BigtableColumnFamily
    path: /java/docs/reference/google-cloud-bigquery/latest/com.google.cloud.bigquery.BigtableColumnFamily.html
  - title: BigtableColumnFamily.Builder
    path: /java/docs/reference/google-cloud-bigquery/latest/com.google.cloud.bigquery.BigtableColumnFamily.Builder.html#com_google_cloud_bigquery_BigtableColumnFamily_Builder
  - title: BigtableOptions
    path: /java/docs/reference/google-cloud-bigquery/latest/com.google.cloud.bigquery.BigtableOptions.html
  - title: BigtableOptions.Builder
    path: /java/docs/reference/google-cloud-bigquery/latest/com.google.cloud.bigquery.BigtableOptions.Builder.html#com_google_cloud_bigquery_BigtableOptions_Builder
  - title: Clustering
    path: /java/docs/reference/google-cloud-bigquery/latest/com.google.cloud.bigquery.Clustering.html
  - title: Clustering.Builder
    path: /java/docs/reference/google-cloud-bigquery/latest/com.google.cloud.bigquery.Clustering.Builder.html#com_google_cloud_bigquery_Clustering_Builder
  - title: ConnectionProperty
    path: /java/docs/reference/google-cloud-bigquery/latest/com.google.cloud.bigquery.ConnectionProperty.html
  - title: ConnectionProperty.Builder
    path: /java/docs/reference/google-cloud-bigquery/latest/com.google.cloud.bigquery.ConnectionProperty.Builder.html#com_google_cloud_bigquery_ConnectionProperty_Builder
  - title: CopyJobConfiguration
    path: /java/docs/reference/google-cloud-bigquery/latest/com.google.cloud.bigquery.CopyJobConfiguration.html
  - title: CopyJobConfiguration.Builder
    path: /java/docs/reference/google-cloud-bigquery/latest/com.google.cloud.bigquery.CopyJobConfiguration.Builder.html#com_google_cloud_bigquery_CopyJobConfiguration_Builder
  - title: CsvOptions
    path: /java/docs/reference/google-cloud-bigquery/latest/com.google.cloud.bigquery.CsvOptions.html
  - title: CsvOptions.Builder
    path: /java/docs/reference/google-cloud-bigquery/latest/com.google.cloud.bigquery.CsvOptions.Builder.html#com_google_cloud_bigquery_CsvOptions_Builder
  - title: Dataset
    path: /java/docs/reference/google-cloud-bigquery/latest/com.google.cloud.bigquery.Dataset.html
  - title: Dataset.Builder
    path: /java/docs/reference/google-cloud-bigquery/latest/com.google.cloud.bigquery.Dataset.Builder.html#com_google_cloud_bigquery_Dataset_Builder
  - title: DatasetId
    path: /java/docs/reference/google-cloud-bigquery/latest/com.google.cloud.bigquery.DatasetId.html
  - title: DatasetInfo
    path: /java/docs/reference/google-cloud-bigquery/latest/com.google.cloud.bigquery.DatasetInfo.html
  - title: DatasetInfo.Builder
    path: /java/docs/reference/google-cloud-bigquery/latest/com.google.cloud.bigquery.DatasetInfo.Builder.html#com_google_cloud_bigquery_DatasetInfo_Builder
  - title: DatastoreBackupOptions
    path: /java/docs/reference/google-cloud-bigquery/latest/com.google.cloud.bigquery.DatastoreBackupOptions.html
  - title: DatastoreBackupOptions.Builder
    path: /java/docs/reference/google-cloud-bigquery/latest/com.google.cloud.bigquery.DatastoreBackupOptions.Builder.html#com_google_cloud_bigquery_DatastoreBackupOptions_Builder
  - title: EmptyTableResult
    path: /java/docs/reference/google-cloud-bigquery/latest/com.google.cloud.bigquery.EmptyTableResult.html
  - title: EncryptionConfiguration
    path: /java/docs/reference/google-cloud-bigquery/latest/com.google.cloud.bigquery.EncryptionConfiguration.html
  - title: EncryptionConfiguration.Builder
    path: /java/docs/reference/google-cloud-bigquery/latest/com.google.cloud.bigquery.EncryptionConfiguration.Builder.html#com_google_cloud_bigquery_EncryptionConfiguration_Builder
  - title: ExternalTableDefinition
    path: /java/docs/reference/google-cloud-bigquery/latest/com.google.cloud.bigquery.ExternalTableDefinition.html
  - title: ExternalTableDefinition.Builder
    path: /java/docs/reference/google-cloud-bigquery/latest/com.google.cloud.bigquery.ExternalTableDefinition.Builder.html#com_google_cloud_bigquery_ExternalTableDefinition_Builder
  - title: ExtractJobConfiguration
    path: /java/docs/reference/google-cloud-bigquery/latest/com.google.cloud.bigquery.ExtractJobConfiguration.html
  - title: ExtractJobConfiguration.Builder
    path: /java/docs/reference/google-cloud-bigquery/latest/com.google.cloud.bigquery.ExtractJobConfiguration.Builder.html#com_google_cloud_bigquery_ExtractJobConfiguration_Builder
  - title: Field
    path: /java/docs/reference/google-cloud-bigquery/latest/com.google.cloud.bigquery.Field.html
  - title: Field.Builder
    path: /java/docs/reference/google-cloud-bigquery/latest/com.google.cloud.bigquery.Field.Builder.html#com_google_cloud_bigquery_Field_Builder
  - title: Field.Mode
    path: /java/docs/reference/google-cloud-bigquery/latest/com.google.cloud.bigquery.Field.Mode.html#com_google_cloud_bigquery_Field_Mode
  - title: FieldList
    path: /java/docs/reference/google-cloud-bigquery/latest/com.google.cloud.bigquery.FieldList.html
  - title: FieldValue
    path: /java/docs/reference/google-cloud-bigquery/latest/com.google.cloud.bigquery.FieldValue.html
  - title: FieldValue.Attribute
    path: /java/docs/reference/google-cloud-bigquery/latest/com.google.cloud.bigquery.FieldValue.Attribute.html#com_google_cloud_bigquery_FieldValue_Attribute
  - title: FieldValueList
    path: /java/docs/reference/google-cloud-bigquery/latest/com.google.cloud.bigquery.FieldValueList.html
  - title: FormatOptions
    path: /java/docs/reference/google-cloud-bigquery/latest/com.google.cloud.bigquery.FormatOptions.html
  - title: GoogleSheetsOptions
    path: /java/docs/reference/google-cloud-bigquery/latest/com.google.cloud.bigquery.GoogleSheetsOptions.html
  - title: GoogleSheetsOptions.Builder
    path: /java/docs/reference/google-cloud-bigquery/latest/com.google.cloud.bigquery.GoogleSheetsOptions.Builder.html#com_google_cloud_bigquery_GoogleSheetsOptions_Builder
  - title: HivePartitioningOptions
    path: /java/docs/reference/google-cloud-bigquery/latest/com.google.cloud.bigquery.HivePartitioningOptions.html
  - title: HivePartitioningOptions.Builder
    path: /java/docs/reference/google-cloud-bigquery/latest/com.google.cloud.bigquery.HivePartitioningOptions.Builder.html#com_google_cloud_bigquery_HivePartitioningOptions_Builder
  - title: InsertAllRequest
    path: /java/docs/reference/google-cloud-bigquery/latest/com.google.cloud.bigquery.InsertAllRequest.html
  - title: InsertAllRequest.Builder
    path: /java/docs/reference/google-cloud-bigquery/latest/com.google.cloud.bigquery.InsertAllRequest.Builder.html#com_google_cloud_bigquery_InsertAllRequest_Builder
  - title: InsertAllRequest.RowToInsert
    path: /java/docs/reference/google-cloud-bigquery/latest/com.google.cloud.bigquery.InsertAllRequest.RowToInsert.html#com_google_cloud_bigquery_InsertAllRequest_RowToInsert
  - title: InsertAllResponse
    path: /java/docs/reference/google-cloud-bigquery/latest/com.google.cloud.bigquery.InsertAllResponse.html
  - title: Job
    path: /java/docs/reference/google-cloud-bigquery/latest/com.google.cloud.bigquery.Job.html
  - title: Job.Builder
    path: /java/docs/reference/google-cloud-bigquery/latest/com.google.cloud.bigquery.Job.Builder.html#com_google_cloud_bigquery_Job_Builder
  - title: JobConfiguration
    path: /java/docs/reference/google-cloud-bigquery/latest/com.google.cloud.bigquery.JobConfiguration.html
  - title: JobConfiguration.Builder
    path: /java/docs/reference/google-cloud-bigquery/latest/com.google.cloud.bigquery.JobConfiguration.Builder.html#com_google_cloud_bigquery_JobConfiguration_Builder
  - title: JobConfiguration.Type
    path: /java/docs/reference/google-cloud-bigquery/latest/com.google.cloud.bigquery.JobConfiguration.Type.html#com_google_cloud_bigquery_JobConfiguration_Type
  - title: JobException
    path: /java/docs/reference/google-cloud-bigquery/latest/com.google.cloud.bigquery.JobException.html
  - title: JobId
    path: /java/docs/reference/google-cloud-bigquery/latest/com.google.cloud.bigquery.JobId.html
  - title: JobId.Builder
    path: /java/docs/reference/google-cloud-bigquery/latest/com.google.cloud.bigquery.JobId.Builder.html#com_google_cloud_bigquery_JobId_Builder
  - title: JobInfo
    path: /java/docs/reference/google-cloud-bigquery/latest/com.google.cloud.bigquery.JobInfo.html
  - title: JobInfo.Builder
    path: /java/docs/reference/google-cloud-bigquery/latest/com.google.cloud.bigquery.JobInfo.Builder.html#com_google_cloud_bigquery_JobInfo_Builder
  - title: JobInfo.CreateDisposition
    path: /java/docs/reference/google-cloud-bigquery/latest/com.google.cloud.bigquery.JobInfo.CreateDisposition.html#com_google_cloud_bigquery_JobInfo_CreateDisposition
  - title: JobInfo.SchemaUpdateOption
    path: /java/docs/reference/google-cloud-bigquery/latest/com.google.cloud.bigquery.JobInfo.SchemaUpdateOption.html#com_google_cloud_bigquery_JobInfo_SchemaUpdateOption
  - title: JobInfo.WriteDisposition
    path: /java/docs/reference/google-cloud-bigquery/latest/com.google.cloud.bigquery.JobInfo.WriteDisposition.html#com_google_cloud_bigquery_JobInfo_WriteDisposition
  - title: JobStatistics
    path: /java/docs/reference/google-cloud-bigquery/latest/com.google.cloud.bigquery.JobStatistics.html
  - title: JobStatistics.CopyStatistics
    path: /java/docs/reference/google-cloud-bigquery/latest/com.google.cloud.bigquery.JobStatistics.CopyStatistics.html#com_google_cloud_bigquery_JobStatistics_CopyStatistics
  - title: JobStatistics.ExtractStatistics
    path: /java/docs/reference/google-cloud-bigquery/latest/com.google.cloud.bigquery.JobStatistics.ExtractStatistics.html#com_google_cloud_bigquery_JobStatistics_ExtractStatistics
  - title: JobStatistics.LoadStatistics
    path: /java/docs/reference/google-cloud-bigquery/latest/com.google.cloud.bigquery.JobStatistics.LoadStatistics.html#com_google_cloud_bigquery_JobStatistics_LoadStatistics
  - title: JobStatistics.QueryStatistics
    path: /java/docs/reference/google-cloud-bigquery/latest/com.google.cloud.bigquery.JobStatistics.QueryStatistics.html#com_google_cloud_bigquery_JobStatistics_QueryStatistics
  - title: JobStatistics.QueryStatistics.StatementType
    path: /java/docs/reference/google-cloud-bigquery/latest/com.google.cloud.bigquery.JobStatistics.QueryStatistics.StatementType.html#com_google_cloud_bigquery_JobStatistics_QueryStatistics_StatementType
  - title: JobStatistics.ReservationUsage
    path: /java/docs/reference/google-cloud-bigquery/latest/com.google.cloud.bigquery.JobStatistics.ReservationUsage.html#com_google_cloud_bigquery_JobStatistics_ReservationUsage
  - title: JobStatistics.ReservationUsage.Builder
    path: /java/docs/reference/google-cloud-bigquery/latest/com.google.cloud.bigquery.JobStatistics.ReservationUsage.Builder.html#com_google_cloud_bigquery_JobStatistics_ReservationUsage_Builder
  - title: JobStatistics.ScriptStatistics
    path: /java/docs/reference/google-cloud-bigquery/latest/com.google.cloud.bigquery.JobStatistics.ScriptStatistics.html#com_google_cloud_bigquery_JobStatistics_ScriptStatistics
  - title: JobStatistics.ScriptStatistics.ScriptStackFrame
    path: /java/docs/reference/google-cloud-bigquery/latest/com.google.cloud.bigquery.JobStatistics.ScriptStatistics.ScriptStackFrame.html#com_google_cloud_bigquery_JobStatistics_ScriptStatistics_ScriptStackFrame
  - title: JobStatus
    path: /java/docs/reference/google-cloud-bigquery/latest/com.google.cloud.bigquery.JobStatus.html
  - title: JobStatus.State
    path: /java/docs/reference/google-cloud-bigquery/latest/com.google.cloud.bigquery.JobStatus.State.html#com_google_cloud_bigquery_JobStatus_State
  - title: LegacySQLTypeName
    path: /java/docs/reference/google-cloud-bigquery/latest/com.google.cloud.bigquery.LegacySQLTypeName.html
  - title: LoadConfiguration
    path: /java/docs/reference/google-cloud-bigquery/latest/com.google.cloud.bigquery.LoadConfiguration.html
  - title: LoadConfiguration.Builder
    path: /java/docs/reference/google-cloud-bigquery/latest/com.google.cloud.bigquery.LoadConfiguration.Builder.html#com_google_cloud_bigquery_LoadConfiguration_Builder
  - title: LoadJobConfiguration
    path: /java/docs/reference/google-cloud-bigquery/latest/com.google.cloud.bigquery.LoadJobConfiguration.html
  - title: LoadJobConfiguration.Builder
    path: /java/docs/reference/google-cloud-bigquery/latest/com.google.cloud.bigquery.LoadJobConfiguration.Builder.html#com_google_cloud_bigquery_LoadJobConfiguration_Builder
  - title: MaterializedViewDefinition
    path: /java/docs/reference/google-cloud-bigquery/latest/com.google.cloud.bigquery.MaterializedViewDefinition.html
  - title: MaterializedViewDefinition.Builder
    path: /java/docs/reference/google-cloud-bigquery/latest/com.google.cloud.bigquery.MaterializedViewDefinition.Builder.html#com_google_cloud_bigquery_MaterializedViewDefinition_Builder
  - title: Model
    path: /java/docs/reference/google-cloud-bigquery/latest/com.google.cloud.bigquery.Model.html
  - title: Model.Builder
    path: /java/docs/reference/google-cloud-bigquery/latest/com.google.cloud.bigquery.Model.Builder.html#com_google_cloud_bigquery_Model_Builder
  - title: ModelId
    path: /java/docs/reference/google-cloud-bigquery/latest/com.google.cloud.bigquery.ModelId.html
  - title: ModelInfo
    path: /java/docs/reference/google-cloud-bigquery/latest/com.google.cloud.bigquery.ModelInfo.html
  - title: ModelInfo.Builder
    path: /java/docs/reference/google-cloud-bigquery/latest/com.google.cloud.bigquery.ModelInfo.Builder.html#com_google_cloud_bigquery_ModelInfo_Builder
  - title: ModelTableDefinition
    path: /java/docs/reference/google-cloud-bigquery/latest/com.google.cloud.bigquery.ModelTableDefinition.html
  - title: ModelTableDefinition.Builder
    path: /java/docs/reference/google-cloud-bigquery/latest/com.google.cloud.bigquery.ModelTableDefinition.Builder.html#com_google_cloud_bigquery_ModelTableDefinition_Builder
  - title: PolicyTags
    path: /java/docs/reference/google-cloud-bigquery/latest/com.google.cloud.bigquery.PolicyTags.html
  - title: PolicyTags.Builder
    path: /java/docs/reference/google-cloud-bigquery/latest/com.google.cloud.bigquery.PolicyTags.Builder.html#com_google_cloud_bigquery_PolicyTags_Builder
  - title: QueryJobConfiguration
    path: /java/docs/reference/google-cloud-bigquery/latest/com.google.cloud.bigquery.QueryJobConfiguration.html
  - title: QueryJobConfiguration.Builder
    path: /java/docs/reference/google-cloud-bigquery/latest/com.google.cloud.bigquery.QueryJobConfiguration.Builder.html#com_google_cloud_bigquery_QueryJobConfiguration_Builder
  - title: QueryJobConfiguration.Priority
    path: /java/docs/reference/google-cloud-bigquery/latest/com.google.cloud.bigquery.QueryJobConfiguration.Priority.html#com_google_cloud_bigquery_QueryJobConfiguration_Priority
  - title: QueryParameterValue
    path: /java/docs/reference/google-cloud-bigquery/latest/com.google.cloud.bigquery.QueryParameterValue.html
  - title: QueryParameterValue.Builder
    path: /java/docs/reference/google-cloud-bigquery/latest/com.google.cloud.bigquery.QueryParameterValue.Builder.html#com_google_cloud_bigquery_QueryParameterValue_Builder
  - title: QueryResponse
    path: /java/docs/reference/google-cloud-bigquery/latest/com.google.cloud.bigquery.QueryResponse.html
  - title: QueryStage
    path: /java/docs/reference/google-cloud-bigquery/latest/com.google.cloud.bigquery.QueryStage.html
  - title: QueryStage.QueryStep
    path: /java/docs/reference/google-cloud-bigquery/latest/com.google.cloud.bigquery.QueryStage.QueryStep.html#com_google_cloud_bigquery_QueryStage_QueryStep
  - title: RangePartitioning
    path: /java/docs/reference/google-cloud-bigquery/latest/com.google.cloud.bigquery.RangePartitioning.html
  - title: RangePartitioning.Builder
    path: /java/docs/reference/google-cloud-bigquery/latest/com.google.cloud.bigquery.RangePartitioning.Builder.html#com_google_cloud_bigquery_RangePartitioning_Builder
  - title: RangePartitioning.Range
    path: /java/docs/reference/google-cloud-bigquery/latest/com.google.cloud.bigquery.RangePartitioning.Range.html#com_google_cloud_bigquery_RangePartitioning_Range
  - title: RangePartitioning.Range.Builder
    path: /java/docs/reference/google-cloud-bigquery/latest/com.google.cloud.bigquery.RangePartitioning.Range.Builder.html#com_google_cloud_bigquery_RangePartitioning_Range_Builder
  - title: Routine
    path: /java/docs/reference/google-cloud-bigquery/latest/com.google.cloud.bigquery.Routine.html
  - title: Routine.Builder
    path: /java/docs/reference/google-cloud-bigquery/latest/com.google.cloud.bigquery.Routine.Builder.html#com_google_cloud_bigquery_Routine_Builder
  - title: RoutineArgument
    path: /java/docs/reference/google-cloud-bigquery/latest/com.google.cloud.bigquery.RoutineArgument.html
  - title: RoutineArgument.Builder
    path: /java/docs/reference/google-cloud-bigquery/latest/com.google.cloud.bigquery.RoutineArgument.Builder.html#com_google_cloud_bigquery_RoutineArgument_Builder
  - title: RoutineId
    path: /java/docs/reference/google-cloud-bigquery/latest/com.google.cloud.bigquery.RoutineId.html
  - title: RoutineInfo
    path: /java/docs/reference/google-cloud-bigquery/latest/com.google.cloud.bigquery.RoutineInfo.html
  - title: RoutineInfo.Builder
    path: /java/docs/reference/google-cloud-bigquery/latest/com.google.cloud.bigquery.RoutineInfo.Builder.html#com_google_cloud_bigquery_RoutineInfo_Builder
  - title: Schema
    path: /java/docs/reference/google-cloud-bigquery/latest/com.google.cloud.bigquery.Schema.html
  - title: StandardSQLDataType
    path: /java/docs/reference/google-cloud-bigquery/latest/com.google.cloud.bigquery.StandardSQLDataType.html
  - title: StandardSQLDataType.Builder
    path: /java/docs/reference/google-cloud-bigquery/latest/com.google.cloud.bigquery.StandardSQLDataType.Builder.html#com_google_cloud_bigquery_StandardSQLDataType_Builder
  - title: StandardSQLField
    path: /java/docs/reference/google-cloud-bigquery/latest/com.google.cloud.bigquery.StandardSQLField.html
  - title: StandardSQLField.Builder
    path: /java/docs/reference/google-cloud-bigquery/latest/com.google.cloud.bigquery.StandardSQLField.Builder.html#com_google_cloud_bigquery_StandardSQLField_Builder
  - title: StandardSQLStructType
    path: /java/docs/reference/google-cloud-bigquery/latest/com.google.cloud.bigquery.StandardSQLStructType.html
  - title: StandardSQLStructType.Builder
    path: /java/docs/reference/google-cloud-bigquery/latest/com.google.cloud.bigquery.StandardSQLStructType.Builder.html#com_google_cloud_bigquery_StandardSQLStructType_Builder
  - title: StandardSQLTypeName
    path: /java/docs/reference/google-cloud-bigquery/latest/com.google.cloud.bigquery.StandardSQLTypeName.html
  - title: StandardTableDefinition
    path: /java/docs/reference/google-cloud-bigquery/latest/com.google.cloud.bigquery.StandardTableDefinition.html
  - title: StandardTableDefinition.Builder
    path: /java/docs/reference/google-cloud-bigquery/latest/com.google.cloud.bigquery.StandardTableDefinition.Builder.html#com_google_cloud_bigquery_StandardTableDefinition_Builder
  - title: StandardTableDefinition.StreamingBuffer
    path: /java/docs/reference/google-cloud-bigquery/latest/com.google.cloud.bigquery.StandardTableDefinition.StreamingBuffer.html#com_google_cloud_bigquery_StandardTableDefinition_StreamingBuffer
  - title: Table
    path: /java/docs/reference/google-cloud-bigquery/latest/com.google.cloud.bigquery.Table.html
  - title: Table.Builder
    path: /java/docs/reference/google-cloud-bigquery/latest/com.google.cloud.bigquery.Table.Builder.html#com_google_cloud_bigquery_Table_Builder
  - title: TableDataWriteChannel
    path: /java/docs/reference/google-cloud-bigquery/latest/com.google.cloud.bigquery.TableDataWriteChannel.html
  - title: TableDefinition
    path: /java/docs/reference/google-cloud-bigquery/latest/com.google.cloud.bigquery.TableDefinition.html
  - title: TableDefinition.Builder
    path: /java/docs/reference/google-cloud-bigquery/latest/com.google.cloud.bigquery.TableDefinition.Builder.html#com_google_cloud_bigquery_TableDefinition_Builder
  - title: TableDefinition.Type
    path: /java/docs/reference/google-cloud-bigquery/latest/com.google.cloud.bigquery.TableDefinition.Type.html#com_google_cloud_bigquery_TableDefinition_Type
  - title: TableId
    path: /java/docs/reference/google-cloud-bigquery/latest/com.google.cloud.bigquery.TableId.html
  - title: TableInfo
    path: /java/docs/reference/google-cloud-bigquery/latest/com.google.cloud.bigquery.TableInfo.html
  - title: TableInfo.Builder
    path: /java/docs/reference/google-cloud-bigquery/latest/com.google.cloud.bigquery.TableInfo.Builder.html#com_google_cloud_bigquery_TableInfo_Builder
  - title: TableResult
    path: /java/docs/reference/google-cloud-bigquery/latest/com.google.cloud.bigquery.TableResult.html
  - title: TimePartitioning
    path: /java/docs/reference/google-cloud-bigquery/latest/com.google.cloud.bigquery.TimePartitioning.html
  - title: TimePartitioning.Builder
    path: /java/docs/reference/google-cloud-bigquery/latest/com.google.cloud.bigquery.TimePartitioning.Builder.html#com_google_cloud_bigquery_TimePartitioning_Builder
  - title: TimePartitioning.Type
    path: /java/docs/reference/google-cloud-bigquery/latest/com.google.cloud.bigquery.TimePartitioning.Type.html#com_google_cloud_bigquery_TimePartitioning_Type
  - title: TimelineSample
    path: /java/docs/reference/google-cloud-bigquery/latest/com.google.cloud.bigquery.TimelineSample.html
  - title: TimelineSample.Builder
    path: /java/docs/reference/google-cloud-bigquery/latest/com.google.cloud.bigquery.TimelineSample.Builder.html#com_google_cloud_bigquery_TimelineSample_Builder
  - title: UserDefinedFunction
    path: /java/docs/reference/google-cloud-bigquery/latest/com.google.cloud.bigquery.UserDefinedFunction.html
  - title: UserDefinedFunction.Type
    path: /java/docs/reference/google-cloud-bigquery/latest/com.google.cloud.bigquery.UserDefinedFunction.Type.html#com_google_cloud_bigquery_UserDefinedFunction_Type
  - title: ViewDefinition
    path: /java/docs/reference/google-cloud-bigquery/latest/com.google.cloud.bigquery.ViewDefinition.html
  - title: ViewDefinition.Builder
    path: /java/docs/reference/google-cloud-bigquery/latest/com.google.cloud.bigquery.ViewDefinition.Builder.html#com_google_cloud_bigquery_ViewDefinition_Builder
  - title: WriteChannelConfiguration
    path: /java/docs/reference/google-cloud-bigquery/latest/com.google.cloud.bigquery.WriteChannelConfiguration.html
  - title: WriteChannelConfiguration.Builder
    path: /java/docs/reference/google-cloud-bigquery/latest/com.google.cloud.bigquery.WriteChannelConfiguration.Builder.html#com_google_cloud_bigquery_WriteChannelConfiguration_Builder
- title: com.google.cloud.bigquery.spi
  section:
  - title: BigQueryRpcFactory
    path: /java/docs/reference/google-cloud-bigquery/latest/com.google.cloud.bigquery.spi.BigQueryRpcFactory.html
- title: com.google.cloud.bigquery.testing
  section:
  - title: RemoteBigQueryHelper
    path: /java/docs/reference/google-cloud-bigquery/latest/com.google.cloud.bigquery.testing.RemoteBigQueryHelper.html
  - title: RemoteBigQueryHelper.BigQueryHelperException
    path: /java/docs/reference/google-cloud-bigquery/latest/com.google.cloud.bigquery.testing.RemoteBigQueryHelper.BigQueryHelperException.html#com_google_cloud_bigquery_testing_RemoteBigQueryHelper_BigQueryHelperException
- title: com.google.cloud.bigquery.spi.v2
  section:
  - title: BigQueryRpc
    path: /java/docs/reference/google-cloud-bigquery/latest/com.google.cloud.bigquery.spi.v2.BigQueryRpc.html
  - title: BigQueryRpc.Option
    path: /java/docs/reference/google-cloud-bigquery/latest/com.google.cloud.bigquery.spi.v2.BigQueryRpc.Option.html#com_google_cloud_bigquery_spi_v2_BigQueryRpc_Option
  - title: HttpBigQueryRpc
    path: /java/docs/reference/google-cloud-bigquery/latest/com.google.cloud.bigquery.spi.v2.HttpBigQueryRpc.html
