<!DOCTYPE html>
<html devsite="">
  <head>
    <meta name="project_path" value="/ruby/_project.yaml">
    <meta name="book_path" value="/ruby/_book.yaml">
  </head>
  <body>
    {% verbatim %}
    <div>
      <article data-uid="Google::Cloud::Vision::V1::ProductSearchResults">
<<<<<<< HEAD
<h1 class="page-title">Class Google::Cloud::Vision::V1::ProductSearchResults
=======
<h1 class="page-title">Class ProductSearchResults
>>>>>>> 955c59f (asdf)
</h1>
  
  
  <div class="markdown level0 summary"><p>Results for a product search request.</p>
</div>
  <h2 id="methods">Methods
  </h2>
  <h3 id="Google__Cloud__Vision__V1__ProductSearchResults_index_time_instance_" data-uid="Google::Cloud::Vision::V1::ProductSearchResults#index_time(instance)" class="notranslate">#index_time</h3>
  <div class="codewrapper">
    <pre><code class="prettyprint">def index_time =&gt; ::Google::Protobuf::Timestamp</code></pre>
  </div>
<<<<<<< HEAD
=======
  <strong>Returns</strong>
  <table class="table table-bordered table-striped table-condensed">
    <thead>
      <tr>
        <th>Type</th>
        <th>Description</th>
      </tr>
    </thead>
    <tbody>
      <tr>
        <td><span class="xref">::Google::Protobuf::Timestamp</span></td>
        <td><p>Timestamp of the index which provided these results. Products added to the
product set and products removed from the product set after this time are
not reflected in the current results.</p>
</td>
      </tr>
    </tbody>
  </table>
>>>>>>> 955c59f (asdf)
  <h3 id="Google__Cloud__Vision__V1__ProductSearchResults_index_time__instance_" data-uid="Google::Cloud::Vision::V1::ProductSearchResults#index_time=(instance)" class="notranslate">#index_time=</h3>
  <div class="codewrapper">
    <pre><code class="prettyprint">def index_time=(value) =&gt; ::Google::Protobuf::Timestamp</code></pre>
  </div>
<<<<<<< HEAD
=======
  <strong>Returns</strong>
  <table class="table table-bordered table-striped table-condensed">
    <thead>
      <tr>
        <th>Type</th>
        <th>Description</th>
      </tr>
    </thead>
    <tbody>
      <tr>
        <td><span class="xref">::Google::Protobuf::Timestamp</span></td>
        <td><p>Timestamp of the index which provided these results. Products added to the
product set and products removed from the product set after this time are
not reflected in the current results.</p>
</td>
      </tr>
    </tbody>
  </table>
>>>>>>> 955c59f (asdf)
  <h3 id="Google__Cloud__Vision__V1__ProductSearchResults_results_instance_" data-uid="Google::Cloud::Vision::V1::ProductSearchResults#results(instance)" class="notranslate">#results</h3>
  <div class="codewrapper">
    <pre><code class="prettyprint">def results =&gt; ::Array&lt;::Google::Cloud::Vision::V1::ProductSearchResults::Result&gt;</code></pre>
  </div>
<<<<<<< HEAD
=======
  <strong>Returns</strong>
  <table class="table table-bordered table-striped table-condensed">
    <thead>
      <tr>
        <th>Type</th>
        <th>Description</th>
      </tr>
    </thead>
    <tbody>
      <tr>
        <td><span class="xref">::Array&lt;::Google::Cloud::Vision::V1::ProductSearchResults::Result&gt;</span></td>
        <td><p>List of results, one for each product match.</p>
</td>
      </tr>
    </tbody>
  </table>
>>>>>>> 955c59f (asdf)
  <h3 id="Google__Cloud__Vision__V1__ProductSearchResults_results__instance_" data-uid="Google::Cloud::Vision::V1::ProductSearchResults#results=(instance)" class="notranslate">#results=</h3>
  <div class="codewrapper">
    <pre><code class="prettyprint">def results=(value) =&gt; ::Array&lt;::Google::Cloud::Vision::V1::ProductSearchResults::Result&gt;</code></pre>
  </div>
<<<<<<< HEAD
=======
  <strong>Returns</strong>
  <table class="table table-bordered table-striped table-condensed">
    <thead>
      <tr>
        <th>Type</th>
        <th>Description</th>
      </tr>
    </thead>
    <tbody>
      <tr>
        <td><span class="xref">::Array&lt;::Google::Cloud::Vision::V1::ProductSearchResults::Result&gt;</span></td>
        <td><p>List of results, one for each product match.</p>
</td>
      </tr>
    </tbody>
  </table>
>>>>>>> 955c59f (asdf)
  <h3 id="Google__Cloud__Vision__V1__ProductSearchResults_product_grouped_results_instance_" data-uid="Google::Cloud::Vision::V1::ProductSearchResults#product_grouped_results(instance)" class="notranslate">#product_grouped_results</h3>
  <div class="codewrapper">
    <pre><code class="prettyprint">def product_grouped_results =&gt; ::Array&lt;::Google::Cloud::Vision::V1::ProductSearchResults::GroupedResult&gt;</code></pre>
  </div>
<<<<<<< HEAD
=======
  <strong>Returns</strong>
  <table class="table table-bordered table-striped table-condensed">
    <thead>
      <tr>
        <th>Type</th>
        <th>Description</th>
      </tr>
    </thead>
    <tbody>
      <tr>
        <td><span class="xref">::Array&lt;::Google::Cloud::Vision::V1::ProductSearchResults::GroupedResult&gt;</span></td>
        <td><p>List of results grouped by products detected in the query image. Each entry
corresponds to one bounding polygon in the query image, and contains the
matching products specific to that region. There may be duplicate product
matches in the union of all the per-product results.</p>
</td>
      </tr>
    </tbody>
  </table>
>>>>>>> 955c59f (asdf)
  <h3 id="Google__Cloud__Vision__V1__ProductSearchResults_product_grouped_results__instance_" data-uid="Google::Cloud::Vision::V1::ProductSearchResults#product_grouped_results=(instance)" class="notranslate">#product_grouped_results=</h3>
  <div class="codewrapper">
    <pre><code class="prettyprint">def product_grouped_results=(value) =&gt; ::Array&lt;::Google::Cloud::Vision::V1::ProductSearchResults::GroupedResult&gt;</code></pre>
  </div>
<<<<<<< HEAD
=======
  <strong>Returns</strong>
  <table class="table table-bordered table-striped table-condensed">
    <thead>
      <tr>
        <th>Type</th>
        <th>Description</th>
      </tr>
    </thead>
    <tbody>
      <tr>
        <td><span class="xref">::Array&lt;::Google::Cloud::Vision::V1::ProductSearchResults::GroupedResult&gt;</span></td>
        <td><p>List of results grouped by products detected in the query image. Each entry
corresponds to one bounding polygon in the query image, and contains the
matching products specific to that region. There may be duplicate product
matches in the union of all the per-product results.</p>
</td>
      </tr>
    </tbody>
  </table>
>>>>>>> 955c59f (asdf)
</article>
    </div>
    {% endverbatim %}
  </body>
</html>
