<!DOCTYPE html>
<html devsite="">
  <head>
    <meta name="project_path" value="/ruby/_project.yaml">
    <meta name="book_path" value="/ruby/_book.yaml">
  </head>
  <body>
    {% verbatim %}
    <div>
      <article data-uid="Google::Api::ResourceDescriptor::History">
<<<<<<< HEAD
<h1 class="page-title">Module Google::Api::ResourceDescriptor::History
=======
<h1 class="page-title">Module History
>>>>>>> 955c59f (asdf)
</h1>
  
  
  <div class="markdown level0 summary"><p>A description of the historical or future-looking state of the
resource pattern.</p>
</div>
</article>
    </div>
    {% endverbatim %}
  </body>
</html>
