<!DOCTYPE html>
<html devsite="">
  <head>
    <meta name="project_path" value="/ruby/_project.yaml">
    <meta name="book_path" value="/ruby/_book.yaml">
  </head>
  <body>
    {% verbatim %}
    <div>
      <article data-uid="Google::Cloud::Vision::V1::Position">
<<<<<<< HEAD
<h1 class="page-title">Class Google::Cloud::Vision::V1::Position
=======
<h1 class="page-title">Class Position
>>>>>>> 955c59f (asdf)
</h1>
  
  
  <div class="markdown level0 summary"><p>A 3D position in the image, used primarily for Face detection landmarks.
A valid Position must have both x and y coordinates.
The position coordinates are in the same scale as the original image.</p>
</div>
  <h2 id="methods">Methods
  </h2>
  <h3 id="Google__Cloud__Vision__V1__Position_x_instance_" data-uid="Google::Cloud::Vision::V1::Position#x(instance)" class="notranslate">#x</h3>
  <div class="codewrapper">
    <pre><code class="prettyprint">def x =&gt; ::Float</code></pre>
  </div>
<<<<<<< HEAD
=======
  <strong>Returns</strong>
  <table class="table table-bordered table-striped table-condensed">
    <thead>
      <tr>
        <th>Type</th>
        <th>Description</th>
      </tr>
    </thead>
    <tbody>
      <tr>
        <td><span class="xref">::Float</span></td>
        <td><p>X coordinate.</p>
</td>
      </tr>
    </tbody>
  </table>
>>>>>>> 955c59f (asdf)
  <h3 id="Google__Cloud__Vision__V1__Position_x__instance_" data-uid="Google::Cloud::Vision::V1::Position#x=(instance)" class="notranslate">#x=</h3>
  <div class="codewrapper">
    <pre><code class="prettyprint">def x=(value) =&gt; ::Float</code></pre>
  </div>
<<<<<<< HEAD
=======
  <strong>Returns</strong>
  <table class="table table-bordered table-striped table-condensed">
    <thead>
      <tr>
        <th>Type</th>
        <th>Description</th>
      </tr>
    </thead>
    <tbody>
      <tr>
        <td><span class="xref">::Float</span></td>
        <td><p>X coordinate.</p>
</td>
      </tr>
    </tbody>
  </table>
>>>>>>> 955c59f (asdf)
  <h3 id="Google__Cloud__Vision__V1__Position_y_instance_" data-uid="Google::Cloud::Vision::V1::Position#y(instance)" class="notranslate">#y</h3>
  <div class="codewrapper">
    <pre><code class="prettyprint">def y =&gt; ::Float</code></pre>
  </div>
<<<<<<< HEAD
=======
  <strong>Returns</strong>
  <table class="table table-bordered table-striped table-condensed">
    <thead>
      <tr>
        <th>Type</th>
        <th>Description</th>
      </tr>
    </thead>
    <tbody>
      <tr>
        <td><span class="xref">::Float</span></td>
        <td><p>Y coordinate.</p>
</td>
      </tr>
    </tbody>
  </table>
>>>>>>> 955c59f (asdf)
  <h3 id="Google__Cloud__Vision__V1__Position_y__instance_" data-uid="Google::Cloud::Vision::V1::Position#y=(instance)" class="notranslate">#y=</h3>
  <div class="codewrapper">
    <pre><code class="prettyprint">def y=(value) =&gt; ::Float</code></pre>
  </div>
<<<<<<< HEAD
=======
  <strong>Returns</strong>
  <table class="table table-bordered table-striped table-condensed">
    <thead>
      <tr>
        <th>Type</th>
        <th>Description</th>
      </tr>
    </thead>
    <tbody>
      <tr>
        <td><span class="xref">::Float</span></td>
        <td><p>Y coordinate.</p>
</td>
      </tr>
    </tbody>
  </table>
>>>>>>> 955c59f (asdf)
  <h3 id="Google__Cloud__Vision__V1__Position_z_instance_" data-uid="Google::Cloud::Vision::V1::Position#z(instance)" class="notranslate">#z</h3>
  <div class="codewrapper">
    <pre><code class="prettyprint">def z =&gt; ::Float</code></pre>
  </div>
<<<<<<< HEAD
=======
  <strong>Returns</strong>
  <table class="table table-bordered table-striped table-condensed">
    <thead>
      <tr>
        <th>Type</th>
        <th>Description</th>
      </tr>
    </thead>
    <tbody>
      <tr>
        <td><span class="xref">::Float</span></td>
        <td><p>Z coordinate (or depth).</p>
</td>
      </tr>
    </tbody>
  </table>
>>>>>>> 955c59f (asdf)
  <h3 id="Google__Cloud__Vision__V1__Position_z__instance_" data-uid="Google::Cloud::Vision::V1::Position#z=(instance)" class="notranslate">#z=</h3>
  <div class="codewrapper">
    <pre><code class="prettyprint">def z=(value) =&gt; ::Float</code></pre>
  </div>
<<<<<<< HEAD
=======
  <strong>Returns</strong>
  <table class="table table-bordered table-striped table-condensed">
    <thead>
      <tr>
        <th>Type</th>
        <th>Description</th>
      </tr>
    </thead>
    <tbody>
      <tr>
        <td><span class="xref">::Float</span></td>
        <td><p>Z coordinate (or depth).</p>
</td>
      </tr>
    </tbody>
  </table>
>>>>>>> 955c59f (asdf)
</article>
    </div>
    {% endverbatim %}
  </body>
</html>
