<!DOCTYPE html>
<html devsite="">
  <head>
    <meta name="project_path" value="/ruby/_project.yaml">
    <meta name="book_path" value="/ruby/_book.yaml">
  </head>
  <body>
    {% verbatim %}
    <div>
      <article data-uid="Google::Cloud::Vision::V1::FaceAnnotation::Landmark">
<<<<<<< HEAD
<h1 class="page-title">Class Google::Cloud::Vision::V1::FaceAnnotation::Landmark
=======
<h1 class="page-title">Class Landmark
>>>>>>> 955c59f (asdf)
</h1>
  
  
  <div class="markdown level0 summary"><p>A face-specific landmark (for example, a face feature).</p>
</div>
  <h2 id="methods">Methods
  </h2>
  <h3 id="Google__Cloud__Vision__V1__FaceAnnotation__Landmark_type_instance_" data-uid="Google::Cloud::Vision::V1::FaceAnnotation::Landmark#type(instance)" class="notranslate">#type</h3>
  <div class="codewrapper">
    <pre><code class="prettyprint">def type =&gt; ::Google::Cloud::Vision::V1::FaceAnnotation::Landmark::Type</code></pre>
  </div>
<<<<<<< HEAD
=======
  <strong>Returns</strong>
  <table class="table table-bordered table-striped table-condensed">
    <thead>
      <tr>
        <th>Type</th>
        <th>Description</th>
      </tr>
    </thead>
    <tbody>
      <tr>
        <td><span class="xref">::Google::Cloud::Vision::V1::FaceAnnotation::Landmark::Type</span></td>
        <td><p>Face landmark type.</p>
</td>
      </tr>
    </tbody>
  </table>
>>>>>>> 955c59f (asdf)
  <h3 id="Google__Cloud__Vision__V1__FaceAnnotation__Landmark_type__instance_" data-uid="Google::Cloud::Vision::V1::FaceAnnotation::Landmark#type=(instance)" class="notranslate">#type=</h3>
  <div class="codewrapper">
    <pre><code class="prettyprint">def type=(value) =&gt; ::Google::Cloud::Vision::V1::FaceAnnotation::Landmark::Type</code></pre>
  </div>
<<<<<<< HEAD
=======
  <strong>Returns</strong>
  <table class="table table-bordered table-striped table-condensed">
    <thead>
      <tr>
        <th>Type</th>
        <th>Description</th>
      </tr>
    </thead>
    <tbody>
      <tr>
        <td><span class="xref">::Google::Cloud::Vision::V1::FaceAnnotation::Landmark::Type</span></td>
        <td><p>Face landmark type.</p>
</td>
      </tr>
    </tbody>
  </table>
>>>>>>> 955c59f (asdf)
  <h3 id="Google__Cloud__Vision__V1__FaceAnnotation__Landmark_position_instance_" data-uid="Google::Cloud::Vision::V1::FaceAnnotation::Landmark#position(instance)" class="notranslate">#position</h3>
  <div class="codewrapper">
    <pre><code class="prettyprint">def position =&gt; ::Google::Cloud::Vision::V1::Position</code></pre>
  </div>
<<<<<<< HEAD
=======
  <strong>Returns</strong>
  <table class="table table-bordered table-striped table-condensed">
    <thead>
      <tr>
        <th>Type</th>
        <th>Description</th>
      </tr>
    </thead>
    <tbody>
      <tr>
        <td><span class="xref">::Google::Cloud::Vision::V1::Position</span></td>
        <td><p>Face landmark position.</p>
</td>
      </tr>
    </tbody>
  </table>
>>>>>>> 955c59f (asdf)
  <h3 id="Google__Cloud__Vision__V1__FaceAnnotation__Landmark_position__instance_" data-uid="Google::Cloud::Vision::V1::FaceAnnotation::Landmark#position=(instance)" class="notranslate">#position=</h3>
  <div class="codewrapper">
    <pre><code class="prettyprint">def position=(value) =&gt; ::Google::Cloud::Vision::V1::Position</code></pre>
  </div>
<<<<<<< HEAD
=======
  <strong>Returns</strong>
  <table class="table table-bordered table-striped table-condensed">
    <thead>
      <tr>
        <th>Type</th>
        <th>Description</th>
      </tr>
    </thead>
    <tbody>
      <tr>
        <td><span class="xref">::Google::Cloud::Vision::V1::Position</span></td>
        <td><p>Face landmark position.</p>
</td>
      </tr>
    </tbody>
  </table>
>>>>>>> 955c59f (asdf)
</article>
    </div>
    {% endverbatim %}
  </body>
</html>
