<!DOCTYPE html>
<html devsite="">
  <head>
    <meta name="project_path" value="/ruby/_project.yaml">
    <meta name="book_path" value="/ruby/_book.yaml">
  </head>
  <body>
    {% verbatim %}
    <div>
      <article data-uid="Google::Protobuf::DoubleValue">
<<<<<<< HEAD
<h1 class="page-title">Class Google::Protobuf::DoubleValue
=======
<h1 class="page-title">Class DoubleValue
>>>>>>> 955c59f (asdf)
</h1>
  
  
  <div class="markdown level0 summary"><p>Wrapper message for <code>double</code>.</p>
<p>The JSON representation for <code>DoubleValue</code> is JSON number.</p>
</div>
  <h2 id="methods">Methods
  </h2>
  <h3 id="Google__Protobuf__DoubleValue_value_instance_" data-uid="Google::Protobuf::DoubleValue#value(instance)" class="notranslate">#value</h3>
  <div class="codewrapper">
    <pre><code class="prettyprint">def value =&gt; ::Float</code></pre>
  </div>
<<<<<<< HEAD
=======
  <strong>Returns</strong>
  <table class="table table-bordered table-striped table-condensed">
    <thead>
      <tr>
        <th>Type</th>
        <th>Description</th>
      </tr>
    </thead>
    <tbody>
      <tr>
        <td><span class="xref">::Float</span></td>
        <td><p>The double value.</p>
</td>
      </tr>
    </tbody>
  </table>
>>>>>>> 955c59f (asdf)
  <h3 id="Google__Protobuf__DoubleValue_value__instance_" data-uid="Google::Protobuf::DoubleValue#value=(instance)" class="notranslate">#value=</h3>
  <div class="codewrapper">
    <pre><code class="prettyprint">def value=(value) =&gt; ::Float</code></pre>
  </div>
<<<<<<< HEAD
=======
  <strong>Returns</strong>
  <table class="table table-bordered table-striped table-condensed">
    <thead>
      <tr>
        <th>Type</th>
        <th>Description</th>
      </tr>
    </thead>
    <tbody>
      <tr>
        <td><span class="xref">::Float</span></td>
        <td><p>The double value.</p>
</td>
      </tr>
    </tbody>
  </table>
>>>>>>> 955c59f (asdf)
</article>
    </div>
    {% endverbatim %}
  </body>
</html>
