<!DOCTYPE html>
<html devsite="">
  <head>
    <meta name="project_path" value="/ruby/_project.yaml">
    <meta name="book_path" value="/ruby/_book.yaml">
  </head>
  <body>
    {% verbatim %}
    <div>
      <article data-uid="Google::Cloud::Vision::V1::BatchOperationMetadata">
<<<<<<< HEAD
<h1 class="page-title">Class Google::Cloud::Vision::V1::BatchOperationMetadata
=======
<h1 class="page-title">Class BatchOperationMetadata
>>>>>>> 955c59f (asdf)
</h1>
  
  
  <div class="markdown level0 summary"><p>Metadata for the batch operations such as the current state.</p>
<p>This is included in the <code>metadata</code> field of the <code>Operation</code> returned by the
<code>GetOperation</code> call of the <code>google::longrunning::Operations</code> service.</p>
</div>
  <h2 id="methods">Methods
  </h2>
  <h3 id="Google__Cloud__Vision__V1__BatchOperationMetadata_state_instance_" data-uid="Google::Cloud::Vision::V1::BatchOperationMetadata#state(instance)" class="notranslate">#state</h3>
  <div class="codewrapper">
    <pre><code class="prettyprint">def state =&gt; ::Google::Cloud::Vision::V1::BatchOperationMetadata::State</code></pre>
  </div>
<<<<<<< HEAD
=======
  <strong>Returns</strong>
  <table class="table table-bordered table-striped table-condensed">
    <thead>
      <tr>
        <th>Type</th>
        <th>Description</th>
      </tr>
    </thead>
    <tbody>
      <tr>
        <td><span class="xref">::Google::Cloud::Vision::V1::BatchOperationMetadata::State</span></td>
        <td><p>The current state of the batch operation.</p>
</td>
      </tr>
    </tbody>
  </table>
>>>>>>> 955c59f (asdf)
  <h3 id="Google__Cloud__Vision__V1__BatchOperationMetadata_state__instance_" data-uid="Google::Cloud::Vision::V1::BatchOperationMetadata#state=(instance)" class="notranslate">#state=</h3>
  <div class="codewrapper">
    <pre><code class="prettyprint">def state=(value) =&gt; ::Google::Cloud::Vision::V1::BatchOperationMetadata::State</code></pre>
  </div>
<<<<<<< HEAD
=======
  <strong>Returns</strong>
  <table class="table table-bordered table-striped table-condensed">
    <thead>
      <tr>
        <th>Type</th>
        <th>Description</th>
      </tr>
    </thead>
    <tbody>
      <tr>
        <td><span class="xref">::Google::Cloud::Vision::V1::BatchOperationMetadata::State</span></td>
        <td><p>The current state of the batch operation.</p>
</td>
      </tr>
    </tbody>
  </table>
>>>>>>> 955c59f (asdf)
  <h3 id="Google__Cloud__Vision__V1__BatchOperationMetadata_submit_time_instance_" data-uid="Google::Cloud::Vision::V1::BatchOperationMetadata#submit_time(instance)" class="notranslate">#submit_time</h3>
  <div class="codewrapper">
    <pre><code class="prettyprint">def submit_time =&gt; ::Google::Protobuf::Timestamp</code></pre>
  </div>
<<<<<<< HEAD
=======
  <strong>Returns</strong>
  <table class="table table-bordered table-striped table-condensed">
    <thead>
      <tr>
        <th>Type</th>
        <th>Description</th>
      </tr>
    </thead>
    <tbody>
      <tr>
        <td><span class="xref">::Google::Protobuf::Timestamp</span></td>
        <td><p>The time when the batch request was submitted to the server.</p>
</td>
      </tr>
    </tbody>
  </table>
>>>>>>> 955c59f (asdf)
  <h3 id="Google__Cloud__Vision__V1__BatchOperationMetadata_submit_time__instance_" data-uid="Google::Cloud::Vision::V1::BatchOperationMetadata#submit_time=(instance)" class="notranslate">#submit_time=</h3>
  <div class="codewrapper">
    <pre><code class="prettyprint">def submit_time=(value) =&gt; ::Google::Protobuf::Timestamp</code></pre>
  </div>
<<<<<<< HEAD
=======
  <strong>Returns</strong>
  <table class="table table-bordered table-striped table-condensed">
    <thead>
      <tr>
        <th>Type</th>
        <th>Description</th>
      </tr>
    </thead>
    <tbody>
      <tr>
        <td><span class="xref">::Google::Protobuf::Timestamp</span></td>
        <td><p>The time when the batch request was submitted to the server.</p>
</td>
      </tr>
    </tbody>
  </table>
>>>>>>> 955c59f (asdf)
  <h3 id="Google__Cloud__Vision__V1__BatchOperationMetadata_end_time_instance_" data-uid="Google::Cloud::Vision::V1::BatchOperationMetadata#end_time(instance)" class="notranslate">#end_time</h3>
  <div class="codewrapper">
    <pre><code class="prettyprint">def end_time =&gt; ::Google::Protobuf::Timestamp</code></pre>
  </div>
<<<<<<< HEAD
=======
  <strong>Returns</strong>
  <table class="table table-bordered table-striped table-condensed">
    <thead>
      <tr>
        <th>Type</th>
        <th>Description</th>
      </tr>
    </thead>
    <tbody>
      <tr>
        <td><span class="xref">::Google::Protobuf::Timestamp</span></td>
        <td><p>The time when the batch request is finished and
<a href="./Google-Longrunning-Operation#Google-Longrunning-Operation_done">google.longrunning.Operation.done</a> is set to true.</p>
</td>
      </tr>
    </tbody>
  </table>
>>>>>>> 955c59f (asdf)
  <h3 id="Google__Cloud__Vision__V1__BatchOperationMetadata_end_time__instance_" data-uid="Google::Cloud::Vision::V1::BatchOperationMetadata#end_time=(instance)" class="notranslate">#end_time=</h3>
  <div class="codewrapper">
    <pre><code class="prettyprint">def end_time=(value) =&gt; ::Google::Protobuf::Timestamp</code></pre>
  </div>
<<<<<<< HEAD
=======
  <strong>Returns</strong>
  <table class="table table-bordered table-striped table-condensed">
    <thead>
      <tr>
        <th>Type</th>
        <th>Description</th>
      </tr>
    </thead>
    <tbody>
      <tr>
        <td><span class="xref">::Google::Protobuf::Timestamp</span></td>
        <td><p>The time when the batch request is finished and
<a href="./Google-Longrunning-Operation#Google-Longrunning-Operation_done">google.longrunning.Operation.done</a> is set to true.</p>
</td>
      </tr>
    </tbody>
  </table>
>>>>>>> 955c59f (asdf)
</article>
    </div>
    {% endverbatim %}
  </body>
</html>
