<!DOCTYPE html>
<html devsite="">
  <head>
    <meta name="project_path" value="/ruby/_project.yaml">
    <meta name="book_path" value="/ruby/_book.yaml">
  </head>
  <body>
    {% verbatim %}
    <div>
      <article data-uid="Google::Cloud::Vision::V1::BatchAnnotateImagesRequest">
<<<<<<< HEAD
<h1 class="page-title">Class Google::Cloud::Vision::V1::BatchAnnotateImagesRequest
=======
<h1 class="page-title">Class BatchAnnotateImagesRequest
>>>>>>> 955c59f (asdf)
</h1>
  
  
  <div class="markdown level0 summary"><p>Multiple image annotation requests are batched into a single service call.</p>
</div>
  <h2 id="methods">Methods
  </h2>
  <h3 id="Google__Cloud__Vision__V1__BatchAnnotateImagesRequest_requests_instance_" data-uid="Google::Cloud::Vision::V1::BatchAnnotateImagesRequest#requests(instance)" class="notranslate">#requests</h3>
  <div class="codewrapper">
    <pre><code class="prettyprint">def requests =&gt; ::Array&lt;::Google::Cloud::Vision::V1::AnnotateImageRequest&gt;</code></pre>
  </div>
<<<<<<< HEAD
=======
  <strong>Returns</strong>
  <table class="table table-bordered table-striped table-condensed">
    <thead>
      <tr>
        <th>Type</th>
        <th>Description</th>
      </tr>
    </thead>
    <tbody>
      <tr>
        <td><span class="xref">::Array&lt;::Google::Cloud::Vision::V1::AnnotateImageRequest&gt;</span></td>
        <td><p>Required. Individual image annotation requests for this batch.</p>
</td>
      </tr>
    </tbody>
  </table>
>>>>>>> 955c59f (asdf)
  <h3 id="Google__Cloud__Vision__V1__BatchAnnotateImagesRequest_requests__instance_" data-uid="Google::Cloud::Vision::V1::BatchAnnotateImagesRequest#requests=(instance)" class="notranslate">#requests=</h3>
  <div class="codewrapper">
    <pre><code class="prettyprint">def requests=(value) =&gt; ::Array&lt;::Google::Cloud::Vision::V1::AnnotateImageRequest&gt;</code></pre>
  </div>
<<<<<<< HEAD
=======
  <strong>Returns</strong>
  <table class="table table-bordered table-striped table-condensed">
    <thead>
      <tr>
        <th>Type</th>
        <th>Description</th>
      </tr>
    </thead>
    <tbody>
      <tr>
        <td><span class="xref">::Array&lt;::Google::Cloud::Vision::V1::AnnotateImageRequest&gt;</span></td>
        <td><p>Required. Individual image annotation requests for this batch.</p>
</td>
      </tr>
    </tbody>
  </table>
>>>>>>> 955c59f (asdf)
  <h3 id="Google__Cloud__Vision__V1__BatchAnnotateImagesRequest_parent_instance_" data-uid="Google::Cloud::Vision::V1::BatchAnnotateImagesRequest#parent(instance)" class="notranslate">#parent</h3>
  <div class="codewrapper">
    <pre><code class="prettyprint">def parent =&gt; ::String</code></pre>
  </div>
<<<<<<< HEAD
=======
  <strong>Returns</strong>
  <table class="table table-bordered table-striped table-condensed">
    <thead>
      <tr>
        <th>Type</th>
        <th>Description</th>
      </tr>
    </thead>
    <tbody>
      <tr>
        <td><span class="xref">::String</span></td>
        <td><p>Optional. Target project and location to make a call.</p>
<p>Format: <code>projects/{project-id}/locations/{location-id}</code>.</p>
<p>If no parent is specified, a region will be chosen automatically.</p>
<p>Supported location-ids:</p>
<pre class="prettyprint lang-rb">`us`: USA country only,
`asia`: East asia areas, like Japan, Taiwan,
`eu`: The European Union.</pre>

<p>Example: <code>projects/project-A/locations/eu</code>.</p>
</td>
      </tr>
    </tbody>
  </table>
>>>>>>> 955c59f (asdf)
  <h3 id="Google__Cloud__Vision__V1__BatchAnnotateImagesRequest_parent__instance_" data-uid="Google::Cloud::Vision::V1::BatchAnnotateImagesRequest#parent=(instance)" class="notranslate">#parent=</h3>
  <div class="codewrapper">
    <pre><code class="prettyprint">def parent=(value) =&gt; ::String</code></pre>
  </div>
<<<<<<< HEAD
=======
  <strong>Returns</strong>
  <table class="table table-bordered table-striped table-condensed">
    <thead>
      <tr>
        <th>Type</th>
        <th>Description</th>
      </tr>
    </thead>
    <tbody>
      <tr>
        <td><span class="xref">::String</span></td>
        <td><p>Optional. Target project and location to make a call.</p>
<p>Format: <code>projects/{project-id}/locations/{location-id}</code>.</p>
<p>If no parent is specified, a region will be chosen automatically.</p>
<p>Supported location-ids:</p>
<pre class="prettyprint lang-rb">`us`: USA country only,
`asia`: East asia areas, like Japan, Taiwan,
`eu`: The European Union.</pre>

<p>Example: <code>projects/project-A/locations/eu</code>.</p>
</td>
      </tr>
    </tbody>
  </table>
>>>>>>> 955c59f (asdf)
</article>
    </div>
    {% endverbatim %}
  </body>
</html>
