<!DOCTYPE html>
<html devsite="">
  <head>
    <meta name="project_path" value="/ruby/_project.yaml">
    <meta name="book_path" value="/ruby/_book.yaml">
  </head>
  <body>
    {% verbatim %}
    <div>
      <article data-uid="Google::Cloud::Vision::V1::ProductSet">
<<<<<<< HEAD
<h1 class="page-title">Class Google::Cloud::Vision::V1::ProductSet
=======
<h1 class="page-title">Class ProductSet
>>>>>>> 955c59f (asdf)
</h1>
  
  
  <div class="markdown level0 summary"><p>A ProductSet contains Products. A ProductSet can contain a maximum of 1
million reference images. If the limit is exceeded, periodic indexing will
fail.</p>
</div>
  <h2 id="methods">Methods
  </h2>
  <h3 id="Google__Cloud__Vision__V1__ProductSet_name_instance_" data-uid="Google::Cloud::Vision::V1::ProductSet#name(instance)" class="notranslate">#name</h3>
  <div class="codewrapper">
    <pre><code class="prettyprint">def name =&gt; ::String</code></pre>
  </div>
<<<<<<< HEAD
=======
  <strong>Returns</strong>
  <table class="table table-bordered table-striped table-condensed">
    <thead>
      <tr>
        <th>Type</th>
        <th>Description</th>
      </tr>
    </thead>
    <tbody>
      <tr>
        <td><span class="xref">::String</span></td>
        <td><p>The resource name of the ProductSet.</p>
<p>Format is:
<code>projects/PROJECT_ID/locations/LOC_ID/productSets/PRODUCT_SET_ID</code>.</p>
<p>This field is ignored when creating a ProductSet.</p>
</td>
      </tr>
    </tbody>
  </table>
>>>>>>> 955c59f (asdf)
  <h3 id="Google__Cloud__Vision__V1__ProductSet_name__instance_" data-uid="Google::Cloud::Vision::V1::ProductSet#name=(instance)" class="notranslate">#name=</h3>
  <div class="codewrapper">
    <pre><code class="prettyprint">def name=(value) =&gt; ::String</code></pre>
  </div>
<<<<<<< HEAD
=======
  <strong>Returns</strong>
  <table class="table table-bordered table-striped table-condensed">
    <thead>
      <tr>
        <th>Type</th>
        <th>Description</th>
      </tr>
    </thead>
    <tbody>
      <tr>
        <td><span class="xref">::String</span></td>
        <td><p>The resource name of the ProductSet.</p>
<p>Format is:
<code>projects/PROJECT_ID/locations/LOC_ID/productSets/PRODUCT_SET_ID</code>.</p>
<p>This field is ignored when creating a ProductSet.</p>
</td>
      </tr>
    </tbody>
  </table>
>>>>>>> 955c59f (asdf)
  <h3 id="Google__Cloud__Vision__V1__ProductSet_display_name_instance_" data-uid="Google::Cloud::Vision::V1::ProductSet#display_name(instance)" class="notranslate">#display_name</h3>
  <div class="codewrapper">
    <pre><code class="prettyprint">def display_name =&gt; ::String</code></pre>
  </div>
<<<<<<< HEAD
=======
  <strong>Returns</strong>
  <table class="table table-bordered table-striped table-condensed">
    <thead>
      <tr>
        <th>Type</th>
        <th>Description</th>
      </tr>
    </thead>
    <tbody>
      <tr>
        <td><span class="xref">::String</span></td>
        <td><p>The user-provided name for this ProductSet. Must not be empty. Must be at
most 4096 characters long.</p>
</td>
      </tr>
    </tbody>
  </table>
>>>>>>> 955c59f (asdf)
  <h3 id="Google__Cloud__Vision__V1__ProductSet_display_name__instance_" data-uid="Google::Cloud::Vision::V1::ProductSet#display_name=(instance)" class="notranslate">#display_name=</h3>
  <div class="codewrapper">
    <pre><code class="prettyprint">def display_name=(value) =&gt; ::String</code></pre>
  </div>
<<<<<<< HEAD
=======
  <strong>Returns</strong>
  <table class="table table-bordered table-striped table-condensed">
    <thead>
      <tr>
        <th>Type</th>
        <th>Description</th>
      </tr>
    </thead>
    <tbody>
      <tr>
        <td><span class="xref">::String</span></td>
        <td><p>The user-provided name for this ProductSet. Must not be empty. Must be at
most 4096 characters long.</p>
</td>
      </tr>
    </tbody>
  </table>
>>>>>>> 955c59f (asdf)
  <h3 id="Google__Cloud__Vision__V1__ProductSet_index_time_instance_" data-uid="Google::Cloud::Vision::V1::ProductSet#index_time(instance)" class="notranslate">#index_time</h3>
  <div class="codewrapper">
    <pre><code class="prettyprint">def index_time =&gt; ::Google::Protobuf::Timestamp</code></pre>
  </div>
<<<<<<< HEAD
=======
  <strong>Returns</strong>
  <table class="table table-bordered table-striped table-condensed">
    <thead>
      <tr>
        <th>Type</th>
        <th>Description</th>
      </tr>
    </thead>
    <tbody>
      <tr>
        <td><span class="xref">::Google::Protobuf::Timestamp</span></td>
        <td><p>Output only. The time at which this ProductSet was last indexed. Query
results will reflect all updates before this time. If this ProductSet has
never been indexed, this timestamp is the default value
&quot;1970-01-01T00:00:00Z&quot;.</p>
<p>This field is ignored when creating a ProductSet.</p>
</td>
      </tr>
    </tbody>
  </table>
>>>>>>> 955c59f (asdf)
  <h3 id="Google__Cloud__Vision__V1__ProductSet_index_error_instance_" data-uid="Google::Cloud::Vision::V1::ProductSet#index_error(instance)" class="notranslate">#index_error</h3>
  <div class="codewrapper">
    <pre><code class="prettyprint">def index_error =&gt; ::Google::Rpc::Status</code></pre>
  </div>
<<<<<<< HEAD
=======
  <strong>Returns</strong>
  <table class="table table-bordered table-striped table-condensed">
    <thead>
      <tr>
        <th>Type</th>
        <th>Description</th>
      </tr>
    </thead>
    <tbody>
      <tr>
        <td><span class="xref">::Google::Rpc::Status</span></td>
        <td><p>Output only. If there was an error with indexing the product set, the field
is populated.</p>
<p>This field is ignored when creating a ProductSet.</p>
</td>
      </tr>
    </tbody>
  </table>
>>>>>>> 955c59f (asdf)
</article>
    </div>
    {% endverbatim %}
  </body>
</html>
