<!DOCTYPE html>
<html devsite="">
  <head>
    <meta name="project_path" value="/ruby/_project.yaml">
    <meta name="book_path" value="/ruby/_book.yaml">
  </head>
  <body>
    {% verbatim %}
    <div>
      <article data-uid="Google::Cloud::Vision::V1::Product::KeyValue">
<<<<<<< HEAD
<h1 class="page-title">Class Google::Cloud::Vision::V1::Product::KeyValue
=======
<h1 class="page-title">Class KeyValue
>>>>>>> 955c59f (asdf)
</h1>
  
  
  <div class="markdown level0 summary"><p>A product label represented as a key-value pair.</p>
</div>
  <h2 id="methods">Methods
  </h2>
  <h3 id="Google__Cloud__Vision__V1__Product__KeyValue_key_instance_" data-uid="Google::Cloud::Vision::V1::Product::KeyValue#key(instance)" class="notranslate">#key</h3>
  <div class="codewrapper">
    <pre><code class="prettyprint">def key =&gt; ::String</code></pre>
  </div>
<<<<<<< HEAD
=======
  <strong>Returns</strong>
  <table class="table table-bordered table-striped table-condensed">
    <thead>
      <tr>
        <th>Type</th>
        <th>Description</th>
      </tr>
    </thead>
    <tbody>
      <tr>
        <td><span class="xref">::String</span></td>
        <td><p>The key of the label attached to the product. Cannot be empty and cannot
exceed 128 bytes.</p>
</td>
      </tr>
    </tbody>
  </table>
>>>>>>> 955c59f (asdf)
  <h3 id="Google__Cloud__Vision__V1__Product__KeyValue_key__instance_" data-uid="Google::Cloud::Vision::V1::Product::KeyValue#key=(instance)" class="notranslate">#key=</h3>
  <div class="codewrapper">
    <pre><code class="prettyprint">def key=(value) =&gt; ::String</code></pre>
  </div>
<<<<<<< HEAD
=======
  <strong>Returns</strong>
  <table class="table table-bordered table-striped table-condensed">
    <thead>
      <tr>
        <th>Type</th>
        <th>Description</th>
      </tr>
    </thead>
    <tbody>
      <tr>
        <td><span class="xref">::String</span></td>
        <td><p>The key of the label attached to the product. Cannot be empty and cannot
exceed 128 bytes.</p>
</td>
      </tr>
    </tbody>
  </table>
>>>>>>> 955c59f (asdf)
  <h3 id="Google__Cloud__Vision__V1__Product__KeyValue_value_instance_" data-uid="Google::Cloud::Vision::V1::Product::KeyValue#value(instance)" class="notranslate">#value</h3>
  <div class="codewrapper">
    <pre><code class="prettyprint">def value =&gt; ::String</code></pre>
  </div>
<<<<<<< HEAD
=======
  <strong>Returns</strong>
  <table class="table table-bordered table-striped table-condensed">
    <thead>
      <tr>
        <th>Type</th>
        <th>Description</th>
      </tr>
    </thead>
    <tbody>
      <tr>
        <td><span class="xref">::String</span></td>
        <td><p>The value of the label attached to the product. Cannot be empty and
cannot exceed 128 bytes.</p>
</td>
      </tr>
    </tbody>
  </table>
>>>>>>> 955c59f (asdf)
  <h3 id="Google__Cloud__Vision__V1__Product__KeyValue_value__instance_" data-uid="Google::Cloud::Vision::V1::Product::KeyValue#value=(instance)" class="notranslate">#value=</h3>
  <div class="codewrapper">
    <pre><code class="prettyprint">def value=(value) =&gt; ::String</code></pre>
  </div>
<<<<<<< HEAD
=======
  <strong>Returns</strong>
  <table class="table table-bordered table-striped table-condensed">
    <thead>
      <tr>
        <th>Type</th>
        <th>Description</th>
      </tr>
    </thead>
    <tbody>
      <tr>
        <td><span class="xref">::String</span></td>
        <td><p>The value of the label attached to the product. Cannot be empty and
cannot exceed 128 bytes.</p>
</td>
      </tr>
    </tbody>
  </table>
>>>>>>> 955c59f (asdf)
</article>
    </div>
    {% endverbatim %}
  </body>
</html>
