<!DOCTYPE html>
<html devsite="">
  <head>
    <meta name="project_path" value="/ruby/_project.yaml">
    <meta name="book_path" value="/ruby/_book.yaml">
  </head>
  <body>
    {% verbatim %}
    <div>
      <article data-uid="Google::Cloud::Vision::V1::UpdateProductSetRequest">
<<<<<<< HEAD
<h1 class="page-title">Class Google::Cloud::Vision::V1::UpdateProductSetRequest
=======
<h1 class="page-title">Class UpdateProductSetRequest
>>>>>>> 955c59f (asdf)
</h1>
  
  
  <div class="markdown level0 summary"><p>Request message for the <code>UpdateProductSet</code> method.</p>
</div>
  <h2 id="methods">Methods
  </h2>
  <h3 id="Google__Cloud__Vision__V1__UpdateProductSetRequest_product_set_instance_" data-uid="Google::Cloud::Vision::V1::UpdateProductSetRequest#product_set(instance)" class="notranslate">#product_set</h3>
  <div class="codewrapper">
    <pre><code class="prettyprint">def product_set =&gt; ::Google::Cloud::Vision::V1::ProductSet</code></pre>
  </div>
<<<<<<< HEAD
=======
  <strong>Returns</strong>
  <table class="table table-bordered table-striped table-condensed">
    <thead>
      <tr>
        <th>Type</th>
        <th>Description</th>
      </tr>
    </thead>
    <tbody>
      <tr>
        <td><span class="xref">::Google::Cloud::Vision::V1::ProductSet</span></td>
        <td><p>Required. The ProductSet resource which replaces the one on the server.</p>
</td>
      </tr>
    </tbody>
  </table>
>>>>>>> 955c59f (asdf)
  <h3 id="Google__Cloud__Vision__V1__UpdateProductSetRequest_product_set__instance_" data-uid="Google::Cloud::Vision::V1::UpdateProductSetRequest#product_set=(instance)" class="notranslate">#product_set=</h3>
  <div class="codewrapper">
    <pre><code class="prettyprint">def product_set=(value) =&gt; ::Google::Cloud::Vision::V1::ProductSet</code></pre>
  </div>
<<<<<<< HEAD
=======
  <strong>Returns</strong>
  <table class="table table-bordered table-striped table-condensed">
    <thead>
      <tr>
        <th>Type</th>
        <th>Description</th>
      </tr>
    </thead>
    <tbody>
      <tr>
        <td><span class="xref">::Google::Cloud::Vision::V1::ProductSet</span></td>
        <td><p>Required. The ProductSet resource which replaces the one on the server.</p>
</td>
      </tr>
    </tbody>
  </table>
>>>>>>> 955c59f (asdf)
  <h3 id="Google__Cloud__Vision__V1__UpdateProductSetRequest_update_mask_instance_" data-uid="Google::Cloud::Vision::V1::UpdateProductSetRequest#update_mask(instance)" class="notranslate">#update_mask</h3>
  <div class="codewrapper">
    <pre><code class="prettyprint">def update_mask =&gt; ::Google::Protobuf::FieldMask</code></pre>
  </div>
<<<<<<< HEAD
=======
  <strong>Returns</strong>
  <table class="table table-bordered table-striped table-condensed">
    <thead>
      <tr>
        <th>Type</th>
        <th>Description</th>
      </tr>
    </thead>
    <tbody>
      <tr>
        <td><span class="xref">::Google::Protobuf::FieldMask</span></td>
        <td><p>The <a href="./Google-Protobuf-FieldMask">FieldMask</a> that specifies which fields to
update.
If update_mask isn&#39;t specified, all mutable fields are to be updated.
Valid mask path is <code>display_name</code>.</p>
</td>
      </tr>
    </tbody>
  </table>
>>>>>>> 955c59f (asdf)
  <h3 id="Google__Cloud__Vision__V1__UpdateProductSetRequest_update_mask__instance_" data-uid="Google::Cloud::Vision::V1::UpdateProductSetRequest#update_mask=(instance)" class="notranslate">#update_mask=</h3>
  <div class="codewrapper">
    <pre><code class="prettyprint">def update_mask=(value) =&gt; ::Google::Protobuf::FieldMask</code></pre>
  </div>
<<<<<<< HEAD
=======
  <strong>Returns</strong>
  <table class="table table-bordered table-striped table-condensed">
    <thead>
      <tr>
        <th>Type</th>
        <th>Description</th>
      </tr>
    </thead>
    <tbody>
      <tr>
        <td><span class="xref">::Google::Protobuf::FieldMask</span></td>
        <td><p>The <a href="./Google-Protobuf-FieldMask">FieldMask</a> that specifies which fields to
update.
If update_mask isn&#39;t specified, all mutable fields are to be updated.
Valid mask path is <code>display_name</code>.</p>
</td>
      </tr>
    </tbody>
  </table>
>>>>>>> 955c59f (asdf)
</article>
    </div>
    {% endverbatim %}
  </body>
</html>
