<!DOCTYPE html>
<html devsite="">
  <head>
    <meta name="project_path" value="/ruby/_project.yaml">
    <meta name="book_path" value="/ruby/_book.yaml">
  </head>
  <body>
    {% verbatim %}
    <div>
      <article data-uid="Google::Cloud::Vision::V1::ImageProperties">
<<<<<<< HEAD
<h1 class="page-title">Class Google::Cloud::Vision::V1::ImageProperties
=======
<h1 class="page-title">Class ImageProperties
>>>>>>> 955c59f (asdf)
</h1>
  
  
  <div class="markdown level0 summary"><p>Stores image properties, such as dominant colors.</p>
</div>
  <h2 id="methods">Methods
  </h2>
  <h3 id="Google__Cloud__Vision__V1__ImageProperties_dominant_colors_instance_" data-uid="Google::Cloud::Vision::V1::ImageProperties#dominant_colors(instance)" class="notranslate">#dominant_colors</h3>
  <div class="codewrapper">
    <pre><code class="prettyprint">def dominant_colors =&gt; ::Google::Cloud::Vision::V1::DominantColorsAnnotation</code></pre>
  </div>
<<<<<<< HEAD
=======
  <strong>Returns</strong>
  <table class="table table-bordered table-striped table-condensed">
    <thead>
      <tr>
        <th>Type</th>
        <th>Description</th>
      </tr>
    </thead>
    <tbody>
      <tr>
        <td><span class="xref">::Google::Cloud::Vision::V1::DominantColorsAnnotation</span></td>
        <td><p>If present, dominant colors completed successfully.</p>
</td>
      </tr>
    </tbody>
  </table>
>>>>>>> 955c59f (asdf)
  <h3 id="Google__Cloud__Vision__V1__ImageProperties_dominant_colors__instance_" data-uid="Google::Cloud::Vision::V1::ImageProperties#dominant_colors=(instance)" class="notranslate">#dominant_colors=</h3>
  <div class="codewrapper">
    <pre><code class="prettyprint">def dominant_colors=(value) =&gt; ::Google::Cloud::Vision::V1::DominantColorsAnnotation</code></pre>
  </div>
<<<<<<< HEAD
=======
  <strong>Returns</strong>
  <table class="table table-bordered table-striped table-condensed">
    <thead>
      <tr>
        <th>Type</th>
        <th>Description</th>
      </tr>
    </thead>
    <tbody>
      <tr>
        <td><span class="xref">::Google::Cloud::Vision::V1::DominantColorsAnnotation</span></td>
        <td><p>If present, dominant colors completed successfully.</p>
</td>
      </tr>
    </tbody>
  </table>
>>>>>>> 955c59f (asdf)
</article>
    </div>
    {% endverbatim %}
  </body>
</html>
