<!DOCTYPE html>
<html devsite="">
  <head>
    <meta name="project_path" value="/ruby/_project.yaml">
    <meta name="book_path" value="/ruby/_book.yaml">
  </head>
  <body>
    {% verbatim %}
    <div>
      <article data-uid="Google::Cloud::Vision::V1::ImportProductSetsResponse">
<<<<<<< HEAD
<h1 class="page-title">Class Google::Cloud::Vision::V1::ImportProductSetsResponse
=======
<h1 class="page-title">Class ImportProductSetsResponse
>>>>>>> 955c59f (asdf)
</h1>
  
  
  <div class="markdown level0 summary"><p>Response message for the <code>ImportProductSets</code> method.</p>
<p>This message is returned by the
google.longrunning.Operations.GetOperation method in the returned
<<<<<<< HEAD
{::Google::Longrunning::Operation#response google.longrunning.Operation.response} field.</p>
=======
<a href="./Google-Longrunning-Operation#Google-Longrunning-Operation_response">google.longrunning.Operation.response</a> field.</p>
>>>>>>> 955c59f (asdf)
</div>
  <h2 id="methods">Methods
  </h2>
  <h3 id="Google__Cloud__Vision__V1__ImportProductSetsResponse_reference_images_instance_" data-uid="Google::Cloud::Vision::V1::ImportProductSetsResponse#reference_images(instance)" class="notranslate">#reference_images</h3>
  <div class="codewrapper">
    <pre><code class="prettyprint">def reference_images =&gt; ::Array&lt;::Google::Cloud::Vision::V1::ReferenceImage&gt;</code></pre>
  </div>
<<<<<<< HEAD
=======
  <strong>Returns</strong>
  <table class="table table-bordered table-striped table-condensed">
    <thead>
      <tr>
        <th>Type</th>
        <th>Description</th>
      </tr>
    </thead>
    <tbody>
      <tr>
        <td><span class="xref">::Array&lt;::Google::Cloud::Vision::V1::ReferenceImage&gt;</span></td>
        <td><p>The list of reference_images that are imported successfully.</p>
</td>
      </tr>
    </tbody>
  </table>
>>>>>>> 955c59f (asdf)
  <h3 id="Google__Cloud__Vision__V1__ImportProductSetsResponse_reference_images__instance_" data-uid="Google::Cloud::Vision::V1::ImportProductSetsResponse#reference_images=(instance)" class="notranslate">#reference_images=</h3>
  <div class="codewrapper">
    <pre><code class="prettyprint">def reference_images=(value) =&gt; ::Array&lt;::Google::Cloud::Vision::V1::ReferenceImage&gt;</code></pre>
  </div>
<<<<<<< HEAD
=======
  <strong>Returns</strong>
  <table class="table table-bordered table-striped table-condensed">
    <thead>
      <tr>
        <th>Type</th>
        <th>Description</th>
      </tr>
    </thead>
    <tbody>
      <tr>
        <td><span class="xref">::Array&lt;::Google::Cloud::Vision::V1::ReferenceImage&gt;</span></td>
        <td><p>The list of reference_images that are imported successfully.</p>
</td>
      </tr>
    </tbody>
  </table>
>>>>>>> 955c59f (asdf)
  <h3 id="Google__Cloud__Vision__V1__ImportProductSetsResponse_statuses_instance_" data-uid="Google::Cloud::Vision::V1::ImportProductSetsResponse#statuses(instance)" class="notranslate">#statuses</h3>
  <div class="codewrapper">
    <pre><code class="prettyprint">def statuses =&gt; ::Array&lt;::Google::Rpc::Status&gt;</code></pre>
  </div>
<<<<<<< HEAD
=======
  <strong>Returns</strong>
  <table class="table table-bordered table-striped table-condensed">
    <thead>
      <tr>
        <th>Type</th>
        <th>Description</th>
      </tr>
    </thead>
    <tbody>
      <tr>
        <td><span class="xref">::Array&lt;::Google::Rpc::Status&gt;</span></td>
        <td><p>The rpc status for each ImportProductSet request, including both successes
and errors.</p>
<p>The number of statuses here matches the number of lines in the csv file,
and statuses[i] stores the success or failure status of processing the i-th
line of the csv, starting from line 0.</p>
</td>
      </tr>
    </tbody>
  </table>
>>>>>>> 955c59f (asdf)
  <h3 id="Google__Cloud__Vision__V1__ImportProductSetsResponse_statuses__instance_" data-uid="Google::Cloud::Vision::V1::ImportProductSetsResponse#statuses=(instance)" class="notranslate">#statuses=</h3>
  <div class="codewrapper">
    <pre><code class="prettyprint">def statuses=(value) =&gt; ::Array&lt;::Google::Rpc::Status&gt;</code></pre>
  </div>
<<<<<<< HEAD
=======
  <strong>Returns</strong>
  <table class="table table-bordered table-striped table-condensed">
    <thead>
      <tr>
        <th>Type</th>
        <th>Description</th>
      </tr>
    </thead>
    <tbody>
      <tr>
        <td><span class="xref">::Array&lt;::Google::Rpc::Status&gt;</span></td>
        <td><p>The rpc status for each ImportProductSet request, including both successes
and errors.</p>
<p>The number of statuses here matches the number of lines in the csv file,
and statuses[i] stores the success or failure status of processing the i-th
line of the csv, starting from line 0.</p>
</td>
      </tr>
    </tbody>
  </table>
>>>>>>> 955c59f (asdf)
</article>
    </div>
    {% endverbatim %}
  </body>
</html>
