<!DOCTYPE html>
<html devsite="">
  <head>
    <meta name="project_path" value="/ruby/_project.yaml">
    <meta name="book_path" value="/ruby/_book.yaml">
  </head>
  <body>
    {% verbatim %}
    <div>
      <article data-uid="Google::Cloud::Vision::V1::ProductSearchParams">
<<<<<<< HEAD
<h1 class="page-title">Class Google::Cloud::Vision::V1::ProductSearchParams
=======
<h1 class="page-title">Class ProductSearchParams
>>>>>>> 955c59f (asdf)
</h1>
  
  
  <div class="markdown level0 summary"><p>Parameters for a product search request.</p>
</div>
  <h2 id="methods">Methods
  </h2>
  <h3 id="Google__Cloud__Vision__V1__ProductSearchParams_bounding_poly_instance_" data-uid="Google::Cloud::Vision::V1::ProductSearchParams#bounding_poly(instance)" class="notranslate">#bounding_poly</h3>
  <div class="codewrapper">
    <pre><code class="prettyprint">def bounding_poly =&gt; ::Google::Cloud::Vision::V1::BoundingPoly</code></pre>
  </div>
<<<<<<< HEAD
=======
  <strong>Returns</strong>
  <table class="table table-bordered table-striped table-condensed">
    <thead>
      <tr>
        <th>Type</th>
        <th>Description</th>
      </tr>
    </thead>
    <tbody>
      <tr>
        <td><span class="xref">::Google::Cloud::Vision::V1::BoundingPoly</span></td>
        <td><p>The bounding polygon around the area of interest in the image.
If it is not specified, system discretion will be applied.</p>
</td>
      </tr>
    </tbody>
  </table>
>>>>>>> 955c59f (asdf)
  <h3 id="Google__Cloud__Vision__V1__ProductSearchParams_bounding_poly__instance_" data-uid="Google::Cloud::Vision::V1::ProductSearchParams#bounding_poly=(instance)" class="notranslate">#bounding_poly=</h3>
  <div class="codewrapper">
    <pre><code class="prettyprint">def bounding_poly=(value) =&gt; ::Google::Cloud::Vision::V1::BoundingPoly</code></pre>
  </div>
<<<<<<< HEAD
=======
  <strong>Returns</strong>
  <table class="table table-bordered table-striped table-condensed">
    <thead>
      <tr>
        <th>Type</th>
        <th>Description</th>
      </tr>
    </thead>
    <tbody>
      <tr>
        <td><span class="xref">::Google::Cloud::Vision::V1::BoundingPoly</span></td>
        <td><p>The bounding polygon around the area of interest in the image.
If it is not specified, system discretion will be applied.</p>
</td>
      </tr>
    </tbody>
  </table>
>>>>>>> 955c59f (asdf)
  <h3 id="Google__Cloud__Vision__V1__ProductSearchParams_product_set_instance_" data-uid="Google::Cloud::Vision::V1::ProductSearchParams#product_set(instance)" class="notranslate">#product_set</h3>
  <div class="codewrapper">
    <pre><code class="prettyprint">def product_set =&gt; ::String</code></pre>
  </div>
<<<<<<< HEAD
=======
  <strong>Returns</strong>
  <table class="table table-bordered table-striped table-condensed">
    <thead>
      <tr>
        <th>Type</th>
        <th>Description</th>
      </tr>
    </thead>
    <tbody>
      <tr>
        <td><span class="xref">::String</span></td>
        <td><p>The resource name of a <a href="./Google-Cloud-Vision-V1-ProductSet">ProductSet</a> to be searched for similar images.</p>
<p>Format is:
<code>projects/PROJECT_ID/locations/LOC_ID/productSets/PRODUCT_SET_ID</code>.</p>
</td>
      </tr>
    </tbody>
  </table>
>>>>>>> 955c59f (asdf)
  <h3 id="Google__Cloud__Vision__V1__ProductSearchParams_product_set__instance_" data-uid="Google::Cloud::Vision::V1::ProductSearchParams#product_set=(instance)" class="notranslate">#product_set=</h3>
  <div class="codewrapper">
    <pre><code class="prettyprint">def product_set=(value) =&gt; ::String</code></pre>
  </div>
<<<<<<< HEAD
=======
  <strong>Returns</strong>
  <table class="table table-bordered table-striped table-condensed">
    <thead>
      <tr>
        <th>Type</th>
        <th>Description</th>
      </tr>
    </thead>
    <tbody>
      <tr>
        <td><span class="xref">::String</span></td>
        <td><p>The resource name of a <a href="./Google-Cloud-Vision-V1-ProductSet">ProductSet</a> to be searched for similar images.</p>
<p>Format is:
<code>projects/PROJECT_ID/locations/LOC_ID/productSets/PRODUCT_SET_ID</code>.</p>
</td>
      </tr>
    </tbody>
  </table>
>>>>>>> 955c59f (asdf)
  <h3 id="Google__Cloud__Vision__V1__ProductSearchParams_product_categories_instance_" data-uid="Google::Cloud::Vision::V1::ProductSearchParams#product_categories(instance)" class="notranslate">#product_categories</h3>
  <div class="codewrapper">
    <pre><code class="prettyprint">def product_categories =&gt; ::Array&lt;::String&gt;</code></pre>
  </div>
<<<<<<< HEAD
=======
  <strong>Returns</strong>
  <table class="table table-bordered table-striped table-condensed">
    <thead>
      <tr>
        <th>Type</th>
        <th>Description</th>
      </tr>
    </thead>
    <tbody>
      <tr>
        <td><span class="xref">::Array&lt;::String&gt;</span></td>
        <td><p>The list of product categories to search in. Currently, we only consider
the first category, and either &quot;homegoods-v2&quot;, &quot;apparel-v2&quot;, &quot;toys-v2&quot;,
&quot;packagedgoods-v1&quot;, or &quot;general-v1&quot; should be specified. The legacy
categories &quot;homegoods&quot;, &quot;apparel&quot;, and &quot;toys&quot; are still supported but will
be deprecated. For new products, please use &quot;homegoods-v2&quot;, &quot;apparel-v2&quot;,
or &quot;toys-v2&quot; for better product search accuracy. It is recommended to
migrate existing products to these categories as well.</p>
</td>
      </tr>
    </tbody>
  </table>
>>>>>>> 955c59f (asdf)
  <h3 id="Google__Cloud__Vision__V1__ProductSearchParams_product_categories__instance_" data-uid="Google::Cloud::Vision::V1::ProductSearchParams#product_categories=(instance)" class="notranslate">#product_categories=</h3>
  <div class="codewrapper">
    <pre><code class="prettyprint">def product_categories=(value) =&gt; ::Array&lt;::String&gt;</code></pre>
  </div>
<<<<<<< HEAD
=======
  <strong>Returns</strong>
  <table class="table table-bordered table-striped table-condensed">
    <thead>
      <tr>
        <th>Type</th>
        <th>Description</th>
      </tr>
    </thead>
    <tbody>
      <tr>
        <td><span class="xref">::Array&lt;::String&gt;</span></td>
        <td><p>The list of product categories to search in. Currently, we only consider
the first category, and either &quot;homegoods-v2&quot;, &quot;apparel-v2&quot;, &quot;toys-v2&quot;,
&quot;packagedgoods-v1&quot;, or &quot;general-v1&quot; should be specified. The legacy
categories &quot;homegoods&quot;, &quot;apparel&quot;, and &quot;toys&quot; are still supported but will
be deprecated. For new products, please use &quot;homegoods-v2&quot;, &quot;apparel-v2&quot;,
or &quot;toys-v2&quot; for better product search accuracy. It is recommended to
migrate existing products to these categories as well.</p>
</td>
      </tr>
    </tbody>
  </table>
>>>>>>> 955c59f (asdf)
  <h3 id="Google__Cloud__Vision__V1__ProductSearchParams_filter_instance_" data-uid="Google::Cloud::Vision::V1::ProductSearchParams#filter(instance)" class="notranslate">#filter</h3>
  <div class="codewrapper">
    <pre><code class="prettyprint">def filter =&gt; ::String</code></pre>
  </div>
<<<<<<< HEAD
=======
  <strong>Returns</strong>
  <table class="table table-bordered table-striped table-condensed">
    <thead>
      <tr>
        <th>Type</th>
        <th>Description</th>
      </tr>
    </thead>
    <tbody>
      <tr>
        <td><span class="xref">::String</span></td>
        <td><p>The filtering expression. This can be used to restrict search results based
on Product labels. We currently support an AND of OR of key-value
expressions, where each expression within an OR must have the same key. An
&#39;=&#39; should be used to connect the key and value.</p>
<p>For example, &quot;(color = red OR color = blue) AND brand = Google&quot; is
acceptable, but &quot;(color = red OR brand = Google)&quot; is not acceptable.
&quot;color: red&quot; is not acceptable because it uses a &#39;:&#39; instead of an &#39;=&#39;.</p>
</td>
      </tr>
    </tbody>
  </table>
>>>>>>> 955c59f (asdf)
  <h3 id="Google__Cloud__Vision__V1__ProductSearchParams_filter__instance_" data-uid="Google::Cloud::Vision::V1::ProductSearchParams#filter=(instance)" class="notranslate">#filter=</h3>
  <div class="codewrapper">
    <pre><code class="prettyprint">def filter=(value) =&gt; ::String</code></pre>
  </div>
<<<<<<< HEAD
=======
  <strong>Returns</strong>
  <table class="table table-bordered table-striped table-condensed">
    <thead>
      <tr>
        <th>Type</th>
        <th>Description</th>
      </tr>
    </thead>
    <tbody>
      <tr>
        <td><span class="xref">::String</span></td>
        <td><p>The filtering expression. This can be used to restrict search results based
on Product labels. We currently support an AND of OR of key-value
expressions, where each expression within an OR must have the same key. An
&#39;=&#39; should be used to connect the key and value.</p>
<p>For example, &quot;(color = red OR color = blue) AND brand = Google&quot; is
acceptable, but &quot;(color = red OR brand = Google)&quot; is not acceptable.
&quot;color: red&quot; is not acceptable because it uses a &#39;:&#39; instead of an &#39;=&#39;.</p>
</td>
      </tr>
    </tbody>
  </table>
>>>>>>> 955c59f (asdf)
</article>
    </div>
    {% endverbatim %}
  </body>
</html>
