<!DOCTYPE html>
<html devsite="">
  <head>
    <meta name="project_path" value="/ruby/_project.yaml">
    <meta name="book_path" value="/ruby/_book.yaml">
  </head>
  <body>
    {% verbatim %}
    <div>
      <article data-uid="Google::Cloud::Vision::V1::ListProductSetsRequest">
<<<<<<< HEAD
<h1 class="page-title">Class Google::Cloud::Vision::V1::ListProductSetsRequest
=======
<h1 class="page-title">Class ListProductSetsRequest
>>>>>>> 955c59f (asdf)
</h1>
  
  
  <div class="markdown level0 summary"><p>Request message for the <code>ListProductSets</code> method.</p>
</div>
  <h2 id="methods">Methods
  </h2>
  <h3 id="Google__Cloud__Vision__V1__ListProductSetsRequest_parent_instance_" data-uid="Google::Cloud::Vision::V1::ListProductSetsRequest#parent(instance)" class="notranslate">#parent</h3>
  <div class="codewrapper">
    <pre><code class="prettyprint">def parent =&gt; ::String</code></pre>
  </div>
<<<<<<< HEAD
=======
  <strong>Returns</strong>
  <table class="table table-bordered table-striped table-condensed">
    <thead>
      <tr>
        <th>Type</th>
        <th>Description</th>
      </tr>
    </thead>
    <tbody>
      <tr>
        <td><span class="xref">::String</span></td>
        <td><p>Required. The project from which ProductSets should be listed.</p>
<p>Format is <code>projects/PROJECT_ID/locations/LOC_ID</code>.</p>
</td>
      </tr>
    </tbody>
  </table>
>>>>>>> 955c59f (asdf)
  <h3 id="Google__Cloud__Vision__V1__ListProductSetsRequest_parent__instance_" data-uid="Google::Cloud::Vision::V1::ListProductSetsRequest#parent=(instance)" class="notranslate">#parent=</h3>
  <div class="codewrapper">
    <pre><code class="prettyprint">def parent=(value) =&gt; ::String</code></pre>
  </div>
<<<<<<< HEAD
=======
  <strong>Returns</strong>
  <table class="table table-bordered table-striped table-condensed">
    <thead>
      <tr>
        <th>Type</th>
        <th>Description</th>
      </tr>
    </thead>
    <tbody>
      <tr>
        <td><span class="xref">::String</span></td>
        <td><p>Required. The project from which ProductSets should be listed.</p>
<p>Format is <code>projects/PROJECT_ID/locations/LOC_ID</code>.</p>
</td>
      </tr>
    </tbody>
  </table>
>>>>>>> 955c59f (asdf)
  <h3 id="Google__Cloud__Vision__V1__ListProductSetsRequest_page_size_instance_" data-uid="Google::Cloud::Vision::V1::ListProductSetsRequest#page_size(instance)" class="notranslate">#page_size</h3>
  <div class="codewrapper">
    <pre><code class="prettyprint">def page_size =&gt; ::Integer</code></pre>
  </div>
<<<<<<< HEAD
=======
  <strong>Returns</strong>
  <table class="table table-bordered table-striped table-condensed">
    <thead>
      <tr>
        <th>Type</th>
        <th>Description</th>
      </tr>
    </thead>
    <tbody>
      <tr>
        <td><span class="xref">::Integer</span></td>
        <td><p>The maximum number of items to return. Default 10, maximum 100.</p>
</td>
      </tr>
    </tbody>
  </table>
>>>>>>> 955c59f (asdf)
  <h3 id="Google__Cloud__Vision__V1__ListProductSetsRequest_page_size__instance_" data-uid="Google::Cloud::Vision::V1::ListProductSetsRequest#page_size=(instance)" class="notranslate">#page_size=</h3>
  <div class="codewrapper">
    <pre><code class="prettyprint">def page_size=(value) =&gt; ::Integer</code></pre>
  </div>
<<<<<<< HEAD
=======
  <strong>Returns</strong>
  <table class="table table-bordered table-striped table-condensed">
    <thead>
      <tr>
        <th>Type</th>
        <th>Description</th>
      </tr>
    </thead>
    <tbody>
      <tr>
        <td><span class="xref">::Integer</span></td>
        <td><p>The maximum number of items to return. Default 10, maximum 100.</p>
</td>
      </tr>
    </tbody>
  </table>
>>>>>>> 955c59f (asdf)
  <h3 id="Google__Cloud__Vision__V1__ListProductSetsRequest_page_token_instance_" data-uid="Google::Cloud::Vision::V1::ListProductSetsRequest#page_token(instance)" class="notranslate">#page_token</h3>
  <div class="codewrapper">
    <pre><code class="prettyprint">def page_token =&gt; ::String</code></pre>
  </div>
<<<<<<< HEAD
=======
  <strong>Returns</strong>
  <table class="table table-bordered table-striped table-condensed">
    <thead>
      <tr>
        <th>Type</th>
        <th>Description</th>
      </tr>
    </thead>
    <tbody>
      <tr>
        <td><span class="xref">::String</span></td>
        <td><p>The next_page_token returned from a previous List request, if any.</p>
</td>
      </tr>
    </tbody>
  </table>
>>>>>>> 955c59f (asdf)
  <h3 id="Google__Cloud__Vision__V1__ListProductSetsRequest_page_token__instance_" data-uid="Google::Cloud::Vision::V1::ListProductSetsRequest#page_token=(instance)" class="notranslate">#page_token=</h3>
  <div class="codewrapper">
    <pre><code class="prettyprint">def page_token=(value) =&gt; ::String</code></pre>
  </div>
<<<<<<< HEAD
=======
  <strong>Returns</strong>
  <table class="table table-bordered table-striped table-condensed">
    <thead>
      <tr>
        <th>Type</th>
        <th>Description</th>
      </tr>
    </thead>
    <tbody>
      <tr>
        <td><span class="xref">::String</span></td>
        <td><p>The next_page_token returned from a previous List request, if any.</p>
</td>
      </tr>
    </tbody>
  </table>
>>>>>>> 955c59f (asdf)
</article>
    </div>
    {% endverbatim %}
  </body>
</html>
