<!DOCTYPE html>
<html devsite="">
  <head>
    <meta name="project_path" value="/ruby/_project.yaml">
    <meta name="book_path" value="/ruby/_book.yaml">
  </head>
  <body>
    {% verbatim %}
    <div>
      <article data-uid="Google::Cloud::Vision::V1::ColorInfo">
<<<<<<< HEAD
<h1 class="page-title">Class Google::Cloud::Vision::V1::ColorInfo
=======
<h1 class="page-title">Class ColorInfo
>>>>>>> 955c59f (asdf)
</h1>
  
  
  <div class="markdown level0 summary"><p>Color information consists of RGB channels, score, and the fraction of
the image that the color occupies in the image.</p>
</div>
  <h2 id="methods">Methods
  </h2>
  <h3 id="Google__Cloud__Vision__V1__ColorInfo_color_instance_" data-uid="Google::Cloud::Vision::V1::ColorInfo#color(instance)" class="notranslate">#color</h3>
  <div class="codewrapper">
    <pre><code class="prettyprint">def color =&gt; ::Google::Type::Color</code></pre>
  </div>
<<<<<<< HEAD
=======
  <strong>Returns</strong>
  <table class="table table-bordered table-striped table-condensed">
    <thead>
      <tr>
        <th>Type</th>
        <th>Description</th>
      </tr>
    </thead>
    <tbody>
      <tr>
        <td><span class="xref">::Google::Type::Color</span></td>
        <td><p>RGB components of the color.</p>
</td>
      </tr>
    </tbody>
  </table>
>>>>>>> 955c59f (asdf)
  <h3 id="Google__Cloud__Vision__V1__ColorInfo_color__instance_" data-uid="Google::Cloud::Vision::V1::ColorInfo#color=(instance)" class="notranslate">#color=</h3>
  <div class="codewrapper">
    <pre><code class="prettyprint">def color=(value) =&gt; ::Google::Type::Color</code></pre>
  </div>
<<<<<<< HEAD
=======
  <strong>Returns</strong>
  <table class="table table-bordered table-striped table-condensed">
    <thead>
      <tr>
        <th>Type</th>
        <th>Description</th>
      </tr>
    </thead>
    <tbody>
      <tr>
        <td><span class="xref">::Google::Type::Color</span></td>
        <td><p>RGB components of the color.</p>
</td>
      </tr>
    </tbody>
  </table>
>>>>>>> 955c59f (asdf)
  <h3 id="Google__Cloud__Vision__V1__ColorInfo_score_instance_" data-uid="Google::Cloud::Vision::V1::ColorInfo#score(instance)" class="notranslate">#score</h3>
  <div class="codewrapper">
    <pre><code class="prettyprint">def score =&gt; ::Float</code></pre>
  </div>
<<<<<<< HEAD
=======
  <strong>Returns</strong>
  <table class="table table-bordered table-striped table-condensed">
    <thead>
      <tr>
        <th>Type</th>
        <th>Description</th>
      </tr>
    </thead>
    <tbody>
      <tr>
        <td><span class="xref">::Float</span></td>
        <td><p>Image-specific score for this color. Value in range [0, 1].</p>
</td>
      </tr>
    </tbody>
  </table>
>>>>>>> 955c59f (asdf)
  <h3 id="Google__Cloud__Vision__V1__ColorInfo_score__instance_" data-uid="Google::Cloud::Vision::V1::ColorInfo#score=(instance)" class="notranslate">#score=</h3>
  <div class="codewrapper">
    <pre><code class="prettyprint">def score=(value) =&gt; ::Float</code></pre>
  </div>
<<<<<<< HEAD
=======
  <strong>Returns</strong>
  <table class="table table-bordered table-striped table-condensed">
    <thead>
      <tr>
        <th>Type</th>
        <th>Description</th>
      </tr>
    </thead>
    <tbody>
      <tr>
        <td><span class="xref">::Float</span></td>
        <td><p>Image-specific score for this color. Value in range [0, 1].</p>
</td>
      </tr>
    </tbody>
  </table>
>>>>>>> 955c59f (asdf)
  <h3 id="Google__Cloud__Vision__V1__ColorInfo_pixel_fraction_instance_" data-uid="Google::Cloud::Vision::V1::ColorInfo#pixel_fraction(instance)" class="notranslate">#pixel_fraction</h3>
  <div class="codewrapper">
    <pre><code class="prettyprint">def pixel_fraction =&gt; ::Float</code></pre>
  </div>
<<<<<<< HEAD
=======
  <strong>Returns</strong>
  <table class="table table-bordered table-striped table-condensed">
    <thead>
      <tr>
        <th>Type</th>
        <th>Description</th>
      </tr>
    </thead>
    <tbody>
      <tr>
        <td><span class="xref">::Float</span></td>
        <td><p>The fraction of pixels the color occupies in the image.
Value in range [0, 1].</p>
</td>
      </tr>
    </tbody>
  </table>
>>>>>>> 955c59f (asdf)
  <h3 id="Google__Cloud__Vision__V1__ColorInfo_pixel_fraction__instance_" data-uid="Google::Cloud::Vision::V1::ColorInfo#pixel_fraction=(instance)" class="notranslate">#pixel_fraction=</h3>
  <div class="codewrapper">
    <pre><code class="prettyprint">def pixel_fraction=(value) =&gt; ::Float</code></pre>
  </div>
<<<<<<< HEAD
=======
  <strong>Returns</strong>
  <table class="table table-bordered table-striped table-condensed">
    <thead>
      <tr>
        <th>Type</th>
        <th>Description</th>
      </tr>
    </thead>
    <tbody>
      <tr>
        <td><span class="xref">::Float</span></td>
        <td><p>The fraction of pixels the color occupies in the image.
Value in range [0, 1].</p>
</td>
      </tr>
    </tbody>
  </table>
>>>>>>> 955c59f (asdf)
</article>
    </div>
    {% endverbatim %}
  </body>
</html>
