<!DOCTYPE html>
<html devsite="">
  <head>
    <meta name="project_path" value="/ruby/_project.yaml">
    <meta name="book_path" value="/ruby/_book.yaml">
  </head>
  <body>
    {% verbatim %}
    <div>
      <article data-uid="Google::Cloud::Vision::V1::UpdateProductRequest">
<<<<<<< HEAD
<h1 class="page-title">Class Google::Cloud::Vision::V1::UpdateProductRequest
=======
<h1 class="page-title">Class UpdateProductRequest
>>>>>>> 955c59f (asdf)
</h1>
  
  
  <div class="markdown level0 summary"><p>Request message for the <code>UpdateProduct</code> method.</p>
</div>
  <h2 id="methods">Methods
  </h2>
  <h3 id="Google__Cloud__Vision__V1__UpdateProductRequest_product_instance_" data-uid="Google::Cloud::Vision::V1::UpdateProductRequest#product(instance)" class="notranslate">#product</h3>
  <div class="codewrapper">
    <pre><code class="prettyprint">def product =&gt; ::Google::Cloud::Vision::V1::Product</code></pre>
  </div>
<<<<<<< HEAD
=======
  <strong>Returns</strong>
  <table class="table table-bordered table-striped table-condensed">
    <thead>
      <tr>
        <th>Type</th>
        <th>Description</th>
      </tr>
    </thead>
    <tbody>
      <tr>
        <td><span class="xref">::Google::Cloud::Vision::V1::Product</span></td>
        <td><p>Required. The Product resource which replaces the one on the server.
product.name is immutable.</p>
</td>
      </tr>
    </tbody>
  </table>
>>>>>>> 955c59f (asdf)
  <h3 id="Google__Cloud__Vision__V1__UpdateProductRequest_product__instance_" data-uid="Google::Cloud::Vision::V1::UpdateProductRequest#product=(instance)" class="notranslate">#product=</h3>
  <div class="codewrapper">
    <pre><code class="prettyprint">def product=(value) =&gt; ::Google::Cloud::Vision::V1::Product</code></pre>
  </div>
<<<<<<< HEAD
=======
  <strong>Returns</strong>
  <table class="table table-bordered table-striped table-condensed">
    <thead>
      <tr>
        <th>Type</th>
        <th>Description</th>
      </tr>
    </thead>
    <tbody>
      <tr>
        <td><span class="xref">::Google::Cloud::Vision::V1::Product</span></td>
        <td><p>Required. The Product resource which replaces the one on the server.
product.name is immutable.</p>
</td>
      </tr>
    </tbody>
  </table>
>>>>>>> 955c59f (asdf)
  <h3 id="Google__Cloud__Vision__V1__UpdateProductRequest_update_mask_instance_" data-uid="Google::Cloud::Vision::V1::UpdateProductRequest#update_mask(instance)" class="notranslate">#update_mask</h3>
  <div class="codewrapper">
    <pre><code class="prettyprint">def update_mask =&gt; ::Google::Protobuf::FieldMask</code></pre>
  </div>
<<<<<<< HEAD
=======
  <strong>Returns</strong>
  <table class="table table-bordered table-striped table-condensed">
    <thead>
      <tr>
        <th>Type</th>
        <th>Description</th>
      </tr>
    </thead>
    <tbody>
      <tr>
        <td><span class="xref">::Google::Protobuf::FieldMask</span></td>
        <td><p>The <a href="./Google-Protobuf-FieldMask">FieldMask</a> that specifies which fields
to update.
If update_mask isn&#39;t specified, all mutable fields are to be updated.
Valid mask paths include <code>product_labels</code>, <code>display_name</code>, and
<code>description</code>.</p>
</td>
      </tr>
    </tbody>
  </table>
>>>>>>> 955c59f (asdf)
  <h3 id="Google__Cloud__Vision__V1__UpdateProductRequest_update_mask__instance_" data-uid="Google::Cloud::Vision::V1::UpdateProductRequest#update_mask=(instance)" class="notranslate">#update_mask=</h3>
  <div class="codewrapper">
    <pre><code class="prettyprint">def update_mask=(value) =&gt; ::Google::Protobuf::FieldMask</code></pre>
  </div>
<<<<<<< HEAD
=======
  <strong>Returns</strong>
  <table class="table table-bordered table-striped table-condensed">
    <thead>
      <tr>
        <th>Type</th>
        <th>Description</th>
      </tr>
    </thead>
    <tbody>
      <tr>
        <td><span class="xref">::Google::Protobuf::FieldMask</span></td>
        <td><p>The <a href="./Google-Protobuf-FieldMask">FieldMask</a> that specifies which fields
to update.
If update_mask isn&#39;t specified, all mutable fields are to be updated.
Valid mask paths include <code>product_labels</code>, <code>display_name</code>, and
<code>description</code>.</p>
</td>
      </tr>
    </tbody>
  </table>
>>>>>>> 955c59f (asdf)
</article>
    </div>
    {% endverbatim %}
  </body>
</html>
